Component: ARM Compiler 5.06 update 7 (build 960) Tool: armlink [4d3601]

==============================================================================

Section Cross References

    main.o(i.main) refers to start_task.o(i.System_Init) for System_Init
    main.o(i.main) refers to start_task.o(i.start_task_Create) for start_task_Create
    detect_task.o(i.DetectDisplay) refers to detect_task.o(.data) for last_num
    detect_task.o(i.DetectHook) refers to tasks.o(i.xTaskGetTickCount) for xTaskGetTickCount
    detect_task.o(i.DetectHook) refers to detect_task.o(.bss) for errorList
    detect_task.o(i.DetectInit) refers to memseta.o(.text) for __aeabi_memclr4
    detect_task.o(i.DetectInit) refers to memcpya.o(.text) for __aeabi_memcpy4
    detect_task.o(i.DetectInit) refers to detect_task.o(.constdata) for .constdata
    detect_task.o(i.DetectInit) refers to detect_task.o(.bss) for errorList
    detect_task.o(i.DetectInit) refers to remotecontrol.o(i.RC_data_is_error) for RC_data_is_error
    detect_task.o(i.DetectInit) refers to remotecontrol.o(i.slove_RC_lost) for slove_RC_lost
    detect_task.o(i.DetectInit) refers to remotecontrol.o(i.slove_data_error) for slove_data_error
    detect_task.o(i.DetectTask) refers to tasks.o(i.xTaskGetTickCount) for xTaskGetTickCount
    detect_task.o(i.DetectTask) refers to detect_task.o(i.DetectInit) for DetectInit
    detect_task.o(i.DetectTask) refers to tasks.o(i.vTaskDelay) for vTaskDelay
    detect_task.o(i.DetectTask) refers to detect_task.o(i.DetectDisplay) for DetectDisplay
    detect_task.o(i.DetectTask) refers to tasks.o(i.uxTaskGetStackHighWaterMark) for uxTaskGetStackHighWaterMark
    detect_task.o(i.DetectTask) refers to detect_task.o(.data) for systemTime
    detect_task.o(i.DetectTask) refers to detect_task.o(.bss) for errorList
    detect_task.o(i.Detect_Create) refers to tasks.o(i.xTaskCreate) for xTaskCreate
    detect_task.o(i.Detect_Create) refers to tasks.o(i.vTaskStartScheduler) for vTaskStartScheduler
    detect_task.o(i.Detect_Create) refers to detect_task.o(.data) for Detect_Task_Handler
    detect_task.o(i.Detect_Create) refers to detect_task.o(i.DetectTask) for DetectTask
    detect_task.o(i.getErrorListPoint) refers to detect_task.o(.bss) for errorList
    detect_task.o(i.toe_is_error) refers to detect_task.o(.bss) for errorList
    chassis_task.o(i.CanSend) refers to can_receive.o(i.CAN1_CMD_CHASSIS) for CAN1_CMD_CHASSIS
    chassis_task.o(i.Chassis_Init) refers to gimbal_task.o(i.get_Gimbal_Point) for get_Gimbal_Point
    chassis_task.o(i.Chassis_Init) refers to remotecontrol.o(i.get_remote_control_point) for get_remote_control_point
    chassis_task.o(i.Chassis_Init) refers to can_receive.o(i.get_Chassis_Measure_Point) for get_Chassis_Measure_Point
    chassis_task.o(i.Chassis_Init) refers to new_pid.o(i.New_PID_Init) for New_PID_Init
    chassis_task.o(i.Chassis_Init) refers to chassis_task.o(.data) for Chassis_SpeedPid
    chassis_task.o(i.Chassis_State_Set) refers to remotecontrol.o(.bss) for rc_ctrl
    chassis_task.o(i.Chassis_task) refers to tasks.o(i.xTaskGetTickCount) for xTaskGetTickCount
    chassis_task.o(i.Chassis_task) refers to chassis_task.o(i.Chassis_Init) for Chassis_Init
    chassis_task.o(i.Chassis_task) refers to chassis_task.o(i.Ctrl_Mode_Set) for Ctrl_Mode_Set
    chassis_task.o(i.Chassis_task) refers to chassis_task.o(i.Chassis_State_Set) for Chassis_State_Set
    chassis_task.o(i.Chassis_task) refers to chassis_task.o(i.Control_Refresh) for Control_Refresh
    chassis_task.o(i.Chassis_task) refers to chassis_task.o(i.Feedback_Refresh) for Feedback_Refresh
    chassis_task.o(i.Chassis_task) refers to chassis_task.o(i.Mecanum_Calc) for Mecanum_Calc
    chassis_task.o(i.Chassis_task) refers to chassis_task.o(i.Give_Current) for Give_Current
    chassis_task.o(i.Chassis_task) refers to chassis_task.o(i.CanSend) for CanSend
    chassis_task.o(i.Chassis_task) refers to chassis_task.o(i.Control_Buff_Refresh) for Control_Buff_Refresh
    chassis_task.o(i.Chassis_task) refers to tasks.o(i.vTaskDelay) for vTaskDelay
    chassis_task.o(i.Chassis_task) refers to chassis_task.o(.data) for TickCount
    chassis_task.o(i.Chassis_task) refers to chassis_task.o(.bss) for ChassisData
    chassis_task.o(i.Chsssis_task_Create) refers to tasks.o(i.xTaskCreate) for xTaskCreate
    chassis_task.o(i.Chsssis_task_Create) refers to chassis_task.o(.data) for ChassisTask_Handler
    chassis_task.o(i.Chsssis_task_Create) refers to chassis_task.o(i.Chassis_task) for Chassis_task
    chassis_task.o(i.Control_Refresh) refers to chassis_task.o(i.Key_WASD_Slope) for Key_WASD_Slope
    chassis_task.o(i.Control_Refresh) refers to f2d.o(.text) for __aeabi_f2d
    chassis_task.o(i.Control_Refresh) refers to fabs.o(i.__hardfp_fabs) for __hardfp_fabs
    chassis_task.o(i.Control_Refresh) refers to cdrcmple.o(.text) for __aeabi_cdrcmple
    chassis_task.o(i.Control_Refresh) refers to dadd.o(.text) for __aeabi_dsub
[...]
    i.sign                                   0x080065d8   Section        0  adrc_core.o(i.sign)
    sign                                     0x080065d9   Thumb Code    42  adrc_core.o(i.sign)
    i.sqrt                                   0x08006608   Section        0  sqrt_full.o(i.sqrt)
    i.start_task                             0x08006678   Section        0  start_task.o(i.start_task)
    i.start_task_Create                      0x08006698   Section        0  start_task.o(i.start_task_Create)
    i.task_Gimbal_Create                     0x080066cc   Section        0  gimbal_task.o(i.task_Gimbal_Create)
    i.uxListRemove                           0x080066fc   Section        0  list.o(i.uxListRemove)
    i.vListInitialise                        0x08006724   Section        0  list.o(i.vListInitialise)
    i.vListInitialiseItem                    0x0800673e   Section        0  list.o(i.vListInitialiseItem)
    i.vListInsert                            0x08006744   Section        0  list.o(i.vListInsert)
    i.vListInsertEnd                         0x08006778   Section        0  list.o(i.vListInsertEnd)
    i.vPortEnterCritical                     0x08006790   Section        0  port.o(i.vPortEnterCritical)
    i.vPortExitCritical                      0x08006820   Section        0  port.o(i.vPortExitCritical)
    i.vPortFree                              0x08006898   Section        0  heap_4.o(i.vPortFree)
    i.vPortSetupTimerInterrupt               0x08006958   Section        0  port.o(i.vPortSetupTimerInterrupt)
    i.vPortValidateInterruptPriority         0x08006978   Section        0  port.o(i.vPortValidateInterruptPriority)
    i.vQueueAddToRegistry                    0x08006a20   Section        0  queue.o(i.vQueueAddToRegistry)
    i.vQueueWaitForMessageRestricted         0x08006a4c   Section        0  queue.o(i.vQueueWaitForMessageRestricted)
    i.vTaskDelay                             0x08006a98   Section        0  tasks.o(i.vTaskDelay)
    i.vTaskDelete                            0x08006b14   Section        0  tasks.o(i.vTaskDelete)
    i.vTaskMissedYield                       0x08006c28   Section        0  tasks.o(i.vTaskMissedYield)
    i.vTaskPlaceOnEventList                  0x08006c34   Section        0  tasks.o(i.vTaskPlaceOnEventList)
    i.vTaskPlaceOnEventListRestricted        0x08006c90   Section        0  tasks.o(i.vTaskPlaceOnEventListRestricted)
    i.vTaskPriorityInherit                   0x08006cf4   Section        0  tasks.o(i.vTaskPriorityInherit)
    i.vTaskSetTimeOutState                   0x08006da4   Section        0  tasks.o(i.vTaskSetTimeOutState)
    i.vTaskStartScheduler                    0x08006df8   Section        0  tasks.o(i.vTaskStartScheduler)
    i.vTaskSuspendAll                        0x08006eac   Section        0  tasks.o(i.vTaskSuspendAll)
    i.vTaskSwitchContext                     0x08006ebc   Section        0  tasks.o(i.vTaskSwitchContext)
    i.xPortStartScheduler                    0x08006f6c   Section        0  port.o(i.xPortStartScheduler)
    i.xPortSysTickHandler                    0x080070d0   Section        0  port.o(i.xPortSysTickHandler)
    i.xQueueGenericCreate                    0x08007104   Section        0  queue.o(i.xQueueGenericCreate)
    i.xQueueGenericReceive                   0x08007180   Section        0  queue.o(i.xQueueGenericReceive)
    i.xQueueGenericReset                     0x08007350   Section        0  queue.o(i.xQueueGenericReset)
    i.xQueueGenericSend                      0x08007408   Section        0  queue.o(i.xQueueGenericSend)
    i.xQueueGenericSendFromISR               0x080075d4   Section        0  queue.o(i.xQueueGenericSendFromISR)
    i.xTaskCheckForTimeOut                   0x080076ec   Section        0  tasks.o(i.xTaskCheckForTimeOut)
    i.xTaskCreate                            0x08007794   Section        0  tasks.o(i.xTaskCreate)
    i.xTaskGetSchedulerState                 0x080077f4   Section        0  tasks.o(i.xTaskGetSchedulerState)
    i.xTaskGetTickCount                      0x08007814   Section        0  tasks.o(i.xTaskGetTickCount)
    i.xTaskIncrementTick                     0x08007820   Section        0  tasks.o(i.xTaskIncrementTick)
    i.xTaskPriorityDisinherit                0x08007988   Section        0  tasks.o(i.xTaskPriorityDisinherit)
    i.xTaskRemoveFromEventList               0x08007a68   Section        0  tasks.o(i.xTaskRemoveFromEventList)
    i.xTaskResumeAll                         0x08007b24   Section        0  tasks.o(i.xTaskResumeAll)
    i.xTimerCreateTimerTask                  0x08007c4c   Section        0  timers.o(i.xTimerCreateTimerTask)
    i.xTimerGenericCommand                   0x08007cc4   Section        0  timers.o(i.xTimerGenericCommand)
    .constdata                               0x08007d70   Section      136  pow.o(.constdata)
    bp                                       0x08007d70   Data          16  pow.o(.constdata)
    dp_h                                     0x08007d80   Data          16  pow.o(.constdata)
    dp_l                                     0x08007d90   Data          16  pow.o(.constdata)
    L                                        0x08007da0   Data          48  pow.o(.constdata)
    P                                        0x08007dd0   Data          40  pow.o(.constdata)
    .constdata                               0x08007df8   Section        8  qnan.o(.constdata)
    .data                                    0x20000000   Section      128  chassis_task.o(.data)
    TickCount                                0x20000048   Data           4  chassis_task.o(.data)
    ulCurrentTime                            0x2000004c   Data           4  chassis_task.o(.data)
    ulDelay                                  0x20000050   Data           4  chassis_task.o(.data)
    i                                        0x20000054   Data           1  chassis_task.o(.data)
    rotate_ratio_fr                          0x20000058   Data           4  chassis_task.o(.data)
    rotate_ratio_fl                          0x2000005c   Data           4  chassis_task.o(.data)
    rotate_ratio_bl                          0x20000060   Data           4  chassis_task.o(.data)
    rotate_ratio_br                          0x20000064   Data           4  chassis_task.o(.data)
    wheel_rpm_ratio                          0x20000068   Data           4  chassis_task.o(.data)
    rotate_x_offset                          0x2000006c   Data           4  chassis_task.o(.data)
    rotate_y_offset                          0x20000070   Data           4  chassis_task.o(.data)
    vx                                       0x20000074   Data           4  chassis_task.o(.data)
    vy                                       0x20000078   Data           4  chassis_task.o(.data)
    vw                                       0x2000007c   Data           4  chassis_task.o(.data)
    .data                                    0x20000080   Section      116  gimbal_task.o(.data)
    adrc_pitch_num                           0x200000b8   Data          52  gimbal_task.o(.data)
    TickCount                                0x200000ec   Data           4  gimbal_task.o(.data)
    V_Flag                                   0x200000f0   Data           2  gimbal_task.o(.data)
    B_Flag                                   0x200000f2   Data           1  gimbal_task.o(.data)
    B_val                                    0x200000f3   Data           1  gimbal_task.o(.data)
    .data                                    0x200000f4   Section        4  start_task.o(.data)
    .data                                    0x200000f8   Section       18  remotecontrol.o(.data)
    this_time_rx_len                         0x20000108   Data           2  remotecontrol.o(.data)
    .data                                    0x2000010a   Section        1  can_receive.o(.data)
    i                                        0x2000010a   Data           1  can_receive.o(.data)
    .data                                    0x2000010c   Section        8  usart1.o(.data)
    .data                                    0x20000114   Section       12  usart6.o(.data)
    this_time_rx_len                         0x2000011c   Data           4  usart6.o(.data)
    .data                                    0x20000120   Section        4  sys.o(.data)
    .data                                    0x20000124   Section        8  delay.o(.data)
    fac_us                                   0x20000124   Data           1  delay.o(.data)
    fac_ms                                   0x20000128   Data           4  delay.o(.data)
    .data                                    0x2000012c   Section       20  system_stm32f4xx.o(.data)
    .data                                    0x20000140   Section       16  stm32f4xx_rcc.o(.data)
    APBAHBPrescTable                         0x20000140   Data          16  stm32f4xx_rcc.o(.data)
    .data                                    0x20000150   Section       60  tasks.o(.data)
    pxDelayedTaskList                        0x20000154   Data           4  tasks.o(.data)
    pxOverflowDelayedTaskList                0x20000158   Data           4  tasks.o(.data)
    uxDeletedTasksWaitingCleanUp             0x2000015c   Data           4  tasks.o(.data)
    uxCurrentNumberOfTasks                   0x20000160   Data           4  tasks.o(.data)
    xTickCount                               0x20000164   Data           4  tasks.o(.data)
    uxTopReadyPriority                       0x20000168   Data           4  tasks.o(.data)
    xSchedulerRunning                        0x2000016c   Data           4  tasks.o(.data)
    uxPendedTicks                            0x20000170   Data           4  tasks.o(.data)
    xYieldPending                            0x20000174   Data           4  tasks.o(.data)
    xNumOfOverflows                          0x20000178   Data           4  tasks.o(.data)
    uxTaskNumber                             0x2000017c   Data           4  tasks.o(.data)
    xNextTaskUnblockTime                     0x20000180   Data           4  tasks.o(.data)
    xIdleTaskHandle                          0x20000184   Data           4  tasks.o(.data)
    uxSchedulerSuspended                     0x20000188   Data           4  tasks.o(.data)
    .data                                    0x2000018c   Section       20  timers.o(.data)
    pxCurrentTimerList                       0x2000018c   Data           4  timers.o(.data)
    pxOverflowTimerList                      0x20000190   Data           4  timers.o(.data)
    xTimerQueue                              0x20000194   Data           4  timers.o(.data)
    xTimerTaskHandle                         0x20000198   Data           4  timers.o(.data)
    xLastTime                                0x2000019c   Data           4  timers.o(.data)
    .data                                    0x200001a0   Section       12  port.o(.data)
    uxCriticalNesting                        0x200001a0   Data           4  port.o(.data)
    ucMaxSysCallPriority                     0x200001a4   Data           1  port.o(.data)
    ulMaxPRIGROUPValue                       0x200001a8   Data           4  port.o(.data)
    .data                                    0x200001ac   Section       24  heap_4.o(.data)
    xStart                                   0x200001ac   Data           8  heap_4.o(.data)
    pxEnd                                    0x200001b4   Data           4  heap_4.o(.data)
    xFreeBytesRemaining                      0x200001b8   Data           4  heap_4.o(.data)
    xMinimumEverFreeBytesRemaining           0x200001bc   Data           4  heap_4.o(.data)
    xBlockAllocatedBit                       0x200001c0   Data           4  heap_4.o(.data)
    .data                                    0x200001c4   Section        4  errno.o(.data)
    _errno                                   0x200001c4   Data           4  errno.o(.data)
    .bss                                     0x200001c8   Section      468  detect_task.o(.bss)
    errorList                                0x200001c8   Data         468  detect_task.o(.bss)
    .bss                                     0x2000039c   Section     1040  chassis_task.o(.bss)
    wheel_rpm                                0x2000079c   Data          16  chassis_task.o(.bss)
    .bss                                     0x200007ac   Section      612  gimbal_task.o(.bss)
    .bss                                     0x20000a10   Section       94  remotecontrol.o(.bss)
    SBUS_rx_buf                              0x20000a10   Data          72  remotecontrol.o(.bss)
    .bss                                     0x20000a70   Section      280  can_receive.o(.bss)
    rx1_message                              0x20000b60   Data          20  can_receive.o(.bss)
    rx2_message                              0x20000b74   Data          20  can_receive.o(.bss)
    .bss                                     0x20000b88   Section       50  usart6.o(.bss)
    _USART6_DMA_RX_BUF                       0x20000b92   Data          40  usart6.o(.bss)
    .bss                                     0x20000bbc   Section       64  queue.o(.bss)
    .bss                                     0x20000bfc   Section      740  tasks.o(.bss)
    pxReadyTasksLists                        0x20000bfc   Data         640  tasks.o(.bss)
    xDelayedTaskList1                        0x20000e7c   Data          20  tasks.o(.bss)
    xDelayedTaskList2                        0x20000e90   Data          20  tasks.o(.bss)
    xPendingReadyList                        0x20000ea4   Data          20  tasks.o(.bss)
    xTasksWaitingTermination                 0x20000eb8   Data          20  tasks.o(.bss)
    xSuspendedTaskList                       0x20000ecc   Data          20  tasks.o(.bss)
    .bss                                     0x20000ee0   Section       40  timers.o(.bss)
    xActiveTimerList1                        0x20000ee0   Data          20  timers.o(.bss)
    xActiveTimerList2                        0x20000ef4   Data          20  timers.o(.bss)
    .bss                                     0x20000f08   Section    20480  heap_4.o(.bss)
    ucHeap                                   0x20000f08   Data       20480  heap_4.o(.bss)
    STACK                                    0x20005f08   Section     1024  startup_stm32f40_41xxx.o(STACK)

    Global Symbols

    Symbol Name                              Value     Ov Type        Size  Object(Section)

    BuildAttributes$$THM_ISAv4$E$P$D$K$B$S$7EM$VFPi3$EXTD16$VFPS$VFMA$PE$A:L22UL41UL21$X:L11$S22US41US21$IEEE1$IW$USESV6$~STKCKD$USESV7$~SHL$OTIME$ROPI$IEEEX$EBA8$MICROLIB$REQ8$PRES8$EABIv2 0x00000000   Number         0  anon$$obj.o ABSOLUTE
    __ARM_use_no_argv                        0x00000000   Number         0  main.o ABSOLUTE
    __use_no_errno                           0x00000000   Number         0  useno.o ABSOLUTE
    __use_no_exception_handling              0x00000000   Number         0  useno.o ABSOLUTE
    __use_no_fp                              0x00000000   Number         0  useno.o ABSOLUTE
    __use_no_heap                            0x00000000   Number         0  useno.o ABSOLUTE
    __use_no_heap_region                     0x00000000   Number         0  useno.o ABSOLUTE
    __use_no_semihosting                     0x00000000   Number         0  useno.o ABSOLUTE
    __use_no_semihosting_swi                 0x00000000   Number         0  useno.o ABSOLUTE
    __use_no_signal_handling                 0x00000000   Number         0  useno.o ABSOLUTE
    _printf_a                                0x00000000   Number         0  stubs.o ABSOLUTE
    _printf_c                                0x00000000   Number         0  stubs.o ABSOLUTE
    _printf_charcount                        0x00000000   Number         0  stubs.o ABSOLUTE
    _printf_d                                0x00000000   Number         0  stubs.o ABSOLUTE
    _printf_e                                0x00000000   Number         0  stubs.o ABSOLUTE
    _printf_f                                0x00000000   Number         0  stubs.o ABSOLUTE
    _printf_flags                            0x00000000   Number         0  stubs.o ABSOLUTE
    _printf_fp_dec                           0x00000000   Number         0  stubs.o ABSOLUTE
    _printf_fp_hex                           0x00000000   Number         0  stubs.o ABSOLUTE
    _printf_g                                0x00000000   Number         0  stubs.o ABSOLUTE
    _printf_i                                0x00000000   Number         0  stubs.o ABSOLUTE
    _printf_int_dec                          0x00000000   Number         0  stubs.o ABSOLUTE
    _printf_l                                0x00000000   Number         0  stubs.o ABSOLUTE
    _printf_lc                               0x00000000   Number         0  stubs.o ABSOLUTE
    _printf_ll                               0x00000000   Number         0  stubs.o ABSOLUTE
    _printf_lld                              0x00000000   Number         0  stubs.o ABSOLUTE
    _printf_lli                              0x00000000   Number         0  stubs.o ABSOLUTE
    _printf_llo                              0x00000000   Number         0  stubs.o ABSOLUTE
    _printf_llu                              0x00000000   Number         0  stubs.o ABSOLUTE
    _printf_llx                              0x00000000   Number         0  stubs.o ABSOLUTE
    _printf_longlong_dec                     0x00000000   Number         0  stubs.o ABSOLUTE
    _printf_longlong_hex                     0x00000000   Number         0  stubs.o ABSOLUTE
    _printf_longlong_oct                     0x00000000   Number         0  stubs.o ABSOLUTE
    _printf_ls                               0x00000000   Number         0  stubs.o ABSOLUTE
    _printf_mbtowc                           0x00000000   Number         0  stubs.o ABSOLUTE
    _printf_n                                0x00000000   Number         0  stubs.o ABSOLUTE
    _printf_o                                0x00000000   Number         0  stubs.o ABSOLUTE
    _printf_p                                0x00000000   Number         0  stubs.o ABSOLUTE
    _printf_percent                          0x00000000   Number         0  stubs.o ABSOLUTE
    _printf_pre_padding                      0x00000000   Number         0  stubs.o ABSOLUTE
    _printf_return_value                     0x00000000   Number         0  stubs.o ABSOLUTE
    _printf_s                                0x00000000   Number         0  stubs.o ABSOLUTE
    _printf_sizespec                         0x00000000   Number         0  stubs.o ABSOLUTE
    _printf_str                              0x00000000   Number         0  stubs.o ABSOLUTE
    _printf_truncate_signed                  0x00000000   Number         0  stubs.o ABSOLUTE
    _printf_truncate_unsigned                0x00000000   Number         0  stubs.o ABSOLUTE
    _printf_u                                0x00000000   Number         0  stubs.o ABSOLUTE
    _printf_wc                               0x00000000   Number         0  stubs.o ABSOLUTE
    _printf_wctomb                           0x00000000   Number         0  stubs.o ABSOLUTE
    _printf_widthprec                        0x00000000   Number         0  stubs.o ABSOLUTE
    _printf_x                                0x00000000   Number         0  stubs.o ABSOLUTE
    __arm_fini_                               - Undefined Weak Reference
    __cpp_initialize__aeabi_                  - Undefined Weak Reference
    __cxa_finalize                            - Undefined Weak Reference
    _clock_init                               - Undefined Weak Reference
    _microlib_exit                            - Undefined Weak Reference
    __Vectors_Size                           0x00000188   Number         0  startup_stm32f40_41xxx.o ABSOLUTE
    __Vectors                                0x08000000   Data           4  startup_stm32f40_41xxx.o(RESET)
    __Vectors_End                            0x08000188   Data           0  startup_stm32f40_41xxx.o(RESET)
    __main                                   0x08000189   Thumb Code     0  entry.o(.ARM.Collect$$$$00000000)
    _main_stk                                0x08000189   Thumb Code     0  entry2.o(.ARM.Collect$$$$00000001)
    _main_scatterload                        0x0800018d   Thumb Code     0  entry5.o(.ARM.Collect$$$$00000004)
    __main_after_scatterload                 0x08000191   Thumb Code     0  entry5.o(.ARM.Collect$$$$00000004)
    _main_clock                              0x08000191   Thumb Code     0  entry7b.o(.ARM.Collect$$$$00000008)
    _main_cpp_init                           0x08000191   Thumb Code     0  entry8b.o(.ARM.Collect$$$$0000000A)
    _main_init                               0x08000191   Thumb Code     0  entry9a.o(.ARM.Collect$$$$0000000B)
    __rt_lib_shutdown_fini                   0x08000199   Thumb Code     0  entry12b.o(.ARM.Collect$$$$0000000E)
    __rt_final_cpp                           0x0800019d   Thumb Code     0  entry10a.o(.ARM.Collect$$$$0000000F)
    __rt_final_exit                          0x0800019d   Thumb Code     0  entry11a.o(.ARM.Collect$$$$00000011)
    SVC_Handler                              0x080001a1   Thumb Code    28  port.o(.emb_text)
    __asm___6_port_c_39a90d8d__prvStartFirstTask 0x080001c1   Thumb Code    28  port.o(.emb_text)
    __asm___6_port_c_39a90d8d__prvEnableVFP  0x080001e1   Thumb Code    16  port.o(.emb_text)
    PendSV_Handler                           0x080001f5   Thumb Code    88  port.o(.emb_text)
    vPortGetIPSR                             0x08000251   Thumb Code     6  port.o(.emb_text)
    Reset_Handler                            0x08000259   Thumb Code     8  startup_stm32f40_41xxx.o(.text)
    ADC_IRQHandler                           0x08000273   Thumb Code     0  startup_stm32f40_41xxx.o(.text)
    CAN1_RX1_IRQHandler                      0x08000273   Thumb Code     0  startup_stm32f40_41xxx.o(.text)
    CAN1_SCE_IRQHandler                      0x08000273   Thumb Code     0  startup_stm32f40_41xxx.o(.text)
    CAN1_TX_IRQHandler                       0x08000273   Thumb Code     0  startup_stm32f40_41xxx.o(.text)
    CAN2_RX0_IRQHandler                      0x08000273   Thumb Code     0  startup_stm32f40_41xxx.o(.text)
    CAN2_SCE_IRQHandler                      0x08000273   Thumb Code     0  startup_stm32f40_41xxx.o(.text)
    CAN2_TX_IRQHandler                       0x08000273   Thumb Code     0  startup_stm32f40_41xxx.o(.text)
    CRYP_IRQHandler                          0x08000273   Thumb Code     0  startup_stm32f40_41xxx.o(.text)
    DCMI_IRQHandler                          0x08000273   Thumb Code     0  startup_stm32f40_41xxx.o(.text)
    DMA1_Stream0_IRQHandler                  0x08000273   Thumb Code     0  startup_stm32f40_41xxx.o(.text)
    DMA1_Stream1_IRQHandler                  0x08000273   Thumb Code     0  startup_stm32f40_41xxx.o(.text)
    DMA1_Stream2_IRQHandler                  0x08000273   Thumb Code     0  startup_stm32f40_41xxx.o(.text)
    DMA1_Stream3_IRQHandler                  0x08000273   Thumb Code     0  startup_stm32f40_41xxx.o(.text)
    DMA1_Stream4_IRQHandler                  0x08000273   Thumb Code     0  startup_stm32f40_41xxx.o(.text)
    DMA1_Stream5_IRQHandler                  0x08000273   Thumb Code     0  startup_stm32f40_41xxx.o(.text)
    DMA1_Stream6_IRQHandler                  0x08000273   Thumb Code     0  startup_stm32f40_41xxx.o(.text)
    DMA1_Stream7_IRQHandler                  0x08000273   Thumb Code     0  startup_stm32f40_41xxx.o(.text)
    DMA2_Stream0_IRQHandler                  0x08000273   Thumb Code     0  startup_stm32f40_41xxx.o(.text)
    DMA2_Stream1_IRQHandler                  0x08000273   Thumb Code     0  startup_stm32f40_41xxx.o(.text)
    DMA2_Stream2_IRQHandler                  0x08000273   Thumb Code     0  startup_stm32f40_41xxx.o(.text)
    DMA2_Stream3_IRQHandler                  0x08000273   Thumb Code     0  startup_stm32f40_41xxx.o(.text)
    DMA2_Stream4_IRQHandler                  0x08000273   Thumb Code     0  startup_stm32f40_41xxx.o(.text)
    DMA2_Stream5_IRQHandler                  0x08000273   Thumb Code     0  startup_stm32f40_41xxx.o(.text)
    DMA2_Stream6_IRQHandler                  0x08000273   Thumb Code     0  startup_stm32f40_41xxx.o(.text)
    DMA2_Stream7_IRQHandler                  0x08000273   Thumb Code     0  startup_stm32f40_41xxx.o(.text)
    ETH_IRQHandler                           0x08000273   Thumb Code     0  startup_stm32f40_41xxx.o(.text)
    ETH_WKUP_IRQHandler                      0x08000273   Thumb Code     0  startup_stm32f40_41xxx.o(.text)
    EXTI0_IRQHandler                         0x08000273   Thumb Code     0  startup_stm32f40_41xxx.o(.text)
    EXTI15_10_IRQHandler                     0x08000273   Thumb Code     0  startup_stm32f40_41xxx.o(.text)
    EXTI1_IRQHandler                         0x08000273   Thumb Code     0  startup_stm32f40_41xxx.o(.text)
    EXTI2_IRQHandler                         0x08000273   Thumb Code     0  startup_stm32f40_41xxx.o(.text)
    EXTI3_IRQHandler                         0x08000273   Thumb Code     0  startup_stm32f40_41xxx.o(.text)
    EXTI4_IRQHandler                         0x08000273   Thumb Code     0  startup_stm32f40_41xxx.o(.text)
    EXTI9_5_IRQHandler                       0x08000273   Thumb Code     0  startup_stm32f40_41xxx.o(.text)
    FLASH_IRQHandler                         0x08000273   Thumb Code     0  startup_stm32f40_41xxx.o(.text)
    FPU_IRQHandler                           0x08000273   Thumb Code     0  startup_stm32f40_41xxx.o(.text)
    FSMC_IRQHandler                          0x08000273   Thumb Code     0  startup_stm32f40_41xxx.o(.text)
    HASH_RNG_IRQHandler                      0x08000273   Thumb Code     0  startup_stm32f40_41xxx.o(.text)
    I2C1_ER_IRQHandler                       0x08000273   Thumb Code     0  startup_stm32f40_41xxx.o(.text)
    I2C1_EV_IRQHandler                       0x08000273   Thumb Code     0  startup_stm32f40_41xxx.o(.text)
    I2C2_ER_IRQHandler                       0x08000273   Thumb Code     0  startup_stm32f40_41xxx.o(.text)
    I2C2_EV_IRQHandler                       0x08000273   Thumb Code     0  startup_stm32f40_41xxx.o(.text)
    I2C3_ER_IRQHandler                       0x08000273   Thumb Code     0  startup_stm32f40_41xxx.o(.text)
    I2C3_EV_IRQHandler                       0x08000273   Thumb Code     0  startup_stm32f40_41xxx.o(.text)
    OTG_FS_IRQHandler                        0x08000273   Thumb Code     0  startup_stm32f40_41xxx.o(.text)
    OTG_FS_WKUP_IRQHandler                   0x08000273   Thumb Code     0  startup_stm32f40_41xxx.o(.text)
    OTG_HS_EP1_IN_IRQHandler                 0x08000273   Thumb Code     0  startup_stm32f40_41xxx.o(.text)
    OTG_HS_EP1_OUT_IRQHandler                0x08000273   Thumb Code     0  startup_stm32f40_41xxx.o(.text)
    OTG_HS_IRQHandler                        0x08000273   Thumb Code     0  startup_stm32f40_41xxx.o(.text)
    OTG_HS_WKUP_IRQHandler                   0x08000273   Thumb Code     0  startup_stm32f40_41xxx.o(.text)
    PVD_IRQHandler                           0x08000273   Thumb Code     0  startup_stm32f40_41xxx.o(.text)
    RCC_IRQHandler                           0x08000273   Thumb Code     0  startup_stm32f40_41xxx.o(.text)
    RTC_Alarm_IRQHandler                     0x08000273   Thumb Code     0  startup_stm32f40_41xxx.o(.text)
    RTC_WKUP_IRQHandler                      0x08000273   Thumb Code     0  startup_stm32f40_41xxx.o(.text)
    SDIO_IRQHandler                          0x08000273   Thumb Code     0  startup_stm32f40_41xxx.o(.text)
    SPI1_IRQHandler                          0x08000273   Thumb Code     0  startup_stm32f40_41xxx.o(.text)
    SPI2_IRQHandler                          0x08000273   Thumb Code     0  startup_stm32f40_41xxx.o(.text)
    SPI3_IRQHandler                          0x08000273   Thumb Code     0  startup_stm32f40_41xxx.o(.text)
    TAMP_STAMP_IRQHandler                    0x08000273   Thumb Code     0  startup_stm32f40_41xxx.o(.text)
    TIM1_BRK_TIM9_IRQHandler                 0x08000273   Thumb Code     0  startup_stm32f40_41xxx.o(.text)
    TIM1_CC_IRQHandler                       0x08000273   Thumb Code     0  startup_stm32f40_41xxx.o(.text)
    TIM1_TRG_COM_TIM11_IRQHandler            0x08000273   Thumb Code     0  startup_stm32f40_41xxx.o(.text)
    TIM1_UP_TIM10_IRQHandler                 0x08000273   Thumb Code     0  startup_stm32f40_41xxx.o(.text)
    TIM2_IRQHandler                          0x08000273   Thumb Code     0  startup_stm32f40_41xxx.o(.text)
    TIM3_IRQHandler                          0x08000273   Thumb Code     0  startup_stm32f40_41xxx.o(.text)
    TIM4_IRQHandler                          0x08000273   Thumb Code     0  startup_stm32f40_41xxx.o(.text)
    TIM5_IRQHandler                          0x08000273   Thumb Code     0  startup_stm32f40_41xxx.o(.text)
    TIM6_DAC_IRQHandler                      0x08000273   Thumb Code     0  startup_stm32f40_41xxx.o(.text)
    TIM7_IRQHandler                          0x08000273   Thumb Code     0  startup_stm32f40_41xxx.o(.text)
    TIM8_BRK_TIM12_IRQHandler                0x08000273   Thumb Code     0  startup_stm32f40_41xxx.o(.text)
    TIM8_CC_IRQHandler                       0x08000273   Thumb Code     0  startup_stm32f40_41xxx.o(.text)
    TIM8_TRG_COM_TIM14_IRQHandler            0x08000273   Thumb Code     0  startup_stm32f40_41xxx.o(.text)
    TIM8_UP_TIM13_IRQHandler                 0x08000273   Thumb Code     0  startup_stm32f40_41xxx.o(.text)
    UART4_IRQHandler                         0x08000273   Thumb Code     0  startup_stm32f40_41xxx.o(.text)
    UART5_IRQHandler                         0x08000273   Thumb Code     0  startup_stm32f40_41xxx.o(.text)
    USART3_IRQHandler                        0x08000273   Thumb Code     0  startup_stm32f40_41xxx.o(.text)
    WWDG_IRQHandler                          0x08000273   Thumb Code     0  startup_stm32f40_41xxx.o(.text)
    __aeabi_memcpy                           0x0800027d   Thumb Code    36  memcpya.o(.text)
    __aeabi_memcpy4                          0x0800027d   Thumb Code     0  memcpya.o(.text)
    __aeabi_memcpy8                          0x0800027d   Thumb Code     0  memcpya.o(.text)
    __aeabi_memset                           0x080002a1   Thumb Code    14  memseta.o(.text)
    __aeabi_memset4                          0x080002a1   Thumb Code     0  memseta.o(.text)
    __aeabi_memset8                          0x080002a1   Thumb Code     0  memseta.o(.text)
    __aeabi_memclr                           0x080002af   Thumb Code     4  memseta.o(.text)
    __aeabi_memclr4                          0x080002af   Thumb Code     0  memseta.o(.text)
    __aeabi_memclr8                          0x080002af   Thumb Code     0  memseta.o(.text)
    _memset$wrapper                          0x080002b3   Thumb Code    18  memseta.o(.text)
    __aeabi_dadd                             0x080002c5   Thumb Code   322  dadd.o(.text)
    __aeabi_dsub                             0x08000407   Thumb Code     6  dadd.o(.text)
    __aeabi_drsub                            0x0800040d   Thumb Code     6  dadd.o(.text)
    __aeabi_dmul                             0x08000413   Thumb Code   228  dmul.o(.text)
    __aeabi_ddiv                             0x080004f7   Thumb Code   222  ddiv.o(.text)
    __aeabi_i2d                              0x080005d5   Thumb Code    34  dflti.o(.text)
    __aeabi_f2d                              0x080005f7   Thumb Code    38  f2d.o(.text)
    __aeabi_cdcmpeq                          0x0800061d   Thumb Code     0  cdcmple.o(.text)
    __aeabi_cdcmple                          0x0800061d   Thumb Code    48  cdcmple.o(.text)
    __aeabi_cdrcmple                         0x0800064d   Thumb Code    48  cdrcmple.o(.text)
    __aeabi_d2f                              0x0800067d   Thumb Code    56  d2f.o(.text)
    __aeabi_uidiv                            0x080006b5   Thumb Code     0  uidiv.o(.text)
    __aeabi_uidivmod                         0x080006b5   Thumb Code    44  uidiv.o(.text)
    __aeabi_llsl                             0x080006e1   Thumb Code    30  llshl.o(.text)
    _ll_shift_l                              0x080006e1   Thumb Code     0  llshl.o(.text)
    __aeabi_lasr                             0x080006ff   Thumb Code    36  llsshr.o(.text)
    _ll_sshift_r                             0x080006ff   Thumb Code     0  llsshr.o(.text)
    __I$use$fp                               0x08000723   Thumb Code     0  iusefp.o(.text)
    _float_round                             0x08000723   Thumb Code    18  fepilogue.o(.text)
    _float_epilogue                          0x08000735   Thumb Code    92  fepilogue.o(.text)
    _double_round                            0x08000791   Thumb Code    30  depilogue.o(.text)
    _double_epilogue                         0x080007af   Thumb Code   156  depilogue.o(.text)
    __ARM_scalbn                             0x0800084b   Thumb Code    46  dscalb.o(.text)
    scalbn                                   0x0800084b   Thumb Code     0  dscalb.o(.text)
    _dsqrt                                   0x08000879   Thumb Code   162  dsqrt.o(.text)
    __scatterload                            0x0800091d   Thumb Code    28  init.o(.text)
    __scatterload_rt2                        0x0800091d   Thumb Code     0  init.o(.text)
    __aeabi_llsr                             0x08000941   Thumb Code    32  llushr.o(.text)
    _ll_ushift_r                             0x08000941   Thumb Code     0  llushr.o(.text)
    __decompress                             0x08000961   Thumb Code     0  __dczerorl2.o(.text)
    __decompress1                            0x08000961   Thumb Code    86  __dczerorl2.o(.text)
    ADRC                                     0x080009b9   Thumb Code   700  adrc_core.o(i.ADRC)
    ADRC_init                                0x08000c89   Thumb Code   130  adrc_user.o(i.ADRC_init)
    BusFault_Handler                         0x08000d11   Thumb Code     4  stm32f4xx_it.o(i.BusFault_Handler)
    CAN1_CMD_CHASSIS                         0x08000d15   Thumb Code    94  can_receive.o(i.CAN1_CMD_CHASSIS)
    CAN1_CMD_GIMBAL                          0x08000d79   Thumb Code    84  can_receive.o(i.CAN1_CMD_GIMBAL)
    CAN1_RX0_IRQHandler                      0x08000fcd   Thumb Code    38  can_receive.o(i.CAN1_RX0_IRQHandler)
    CAN1_mode_init                           0x08000ffd   Thumb Code   282  can.o(i.CAN1_mode_init)
    CAN2_RX1_IRQHandler                      0x08001125   Thumb Code    38  can_receive.o(i.CAN2_RX1_IRQHandler)
    CAN2_mode_init                           0x08001155   Thumb Code   282  can.o(i.CAN2_mode_init)
    CAN_ClearITPendingBit                    0x08001279   Thumb Code   162  stm32f4xx_can.o(i.CAN_ClearITPendingBit)
    CAN_FilterInit                           0x08001321   Thumb Code   258  stm32f4xx_can.o(i.CAN_FilterInit)
    CAN_GetITStatus                          0x08001429   Thumb Code   284  stm32f4xx_can.o(i.CAN_GetITStatus)
    CAN_ITConfig                             0x08001549   Thumb Code    18  stm32f4xx_can.o(i.CAN_ITConfig)
    CAN_Init                                 0x0800155b   Thumb Code   276  stm32f4xx_can.o(i.CAN_Init)
    CAN_Receive                              0x0800166f   Thumb Code   240  stm32f4xx_can.o(i.CAN_Receive)
    CAN_Transmit                             0x0800175f   Thumb Code   294  stm32f4xx_can.o(i.CAN_Transmit)
    Chassis_Key_MoveRamp                     0x080019d5   Thumb Code   190  user_lib.o(i.Chassis_Key_MoveRamp)
    Chassis_task                             0x08001b1d   Thumb Code    72  chassis_task.o(i.Chassis_task)
    Chsssis_task_Create                      0x08001b81   Thumb Code    26  chassis_task.o(i.Chsssis_task_Create)
    Constrain_float                          0x08001bb5   Thumb Code    42  user_lib.o(i.Constrain_float)
    DMA_ClearFlag                            0x080022f1   Thumb Code    38  stm32f4xx_dma.o(i.DMA_ClearFlag)
    DMA_Cmd                                  0x08002325   Thumb Code    22  stm32f4xx_dma.o(i.DMA_Cmd)
    DMA_DeInit                               0x0800233d   Thumb Code   324  stm32f4xx_dma.o(i.DMA_DeInit)
    DMA_DoubleBufferModeCmd                  0x08002495   Thumb Code    22  stm32f4xx_dma.o(i.DMA_DoubleBufferModeCmd)
    DMA_DoubleBufferModeConfig               0x080024ab   Thumb Code    24  stm32f4xx_dma.o(i.DMA_DoubleBufferModeConfig)
    DMA_GetCurrDataCounter                   0x080024c3   Thumb Code     8  stm32f4xx_dma.o(i.DMA_GetCurrDataCounter)
    DMA_GetCurrentMemoryTarget               0x080024cb   Thumb Code    20  stm32f4xx_dma.o(i.DMA_GetCurrentMemoryTarget)
    DMA_Init                                 0x080024e1   Thumb Code    82  stm32f4xx_dma.o(i.DMA_Init)
    DMA_SetCurrDataCounter                   0x08002539   Thumb Code     4  stm32f4xx_dma.o(i.DMA_SetCurrDataCounter)
    DMA_StructInit                           0x0800253d   Thumb Code    34  stm32f4xx_dma.o(i.DMA_StructInit)
    DebugMon_Handler                         0x08002567   Thumb Code     2  stm32f4xx_it.o(i.DebugMon_Handler)
    DetectHook                               0x08002569   Thumb Code   288  detect_task.o(i.DetectHook)
    EncoderProcess                           0x0800275d   Thumb Code   208  encoder_process.o(i.EncoderProcess)
    GPIO_Init                                0x080028cf   Thumb Code   144  stm32f4xx_gpio.o(i.GPIO_Init)
    GPIO_Init_Configuration                  0x08002961   Thumb Code   112  gpio.o(i.GPIO_Init_Configuration)
    GPIO_PinAFConfig                         0x080029d9   Thumb Code    70  stm32f4xx_gpio.o(i.GPIO_PinAFConfig)
    GPIO_SetBits                             0x08002a1f   Thumb Code     4  stm32f4xx_gpio.o(i.GPIO_SetBits)
    Gimbal_task                              0x08002b71   Thumb Code   112  gimbal_task.o(i.Gimbal_task)
    HardFault_Handler                        0x08002d1d   Thumb Code     4  stm32f4xx_it.o(i.HardFault_Handler)
    MemManage_Handler                        0x08003209   Thumb Code     4  stm32f4xx_it.o(i.MemManage_Handler)
    NMI_Handler                              0x0800320d   Thumb Code     2  stm32f4xx_it.o(i.NMI_Handler)
    NVIC_Init                                0x08003211   Thumb Code   106  misc.o(i.NVIC_Init)
    NVIC_PriorityGroupConfig                 0x08003289   Thumb Code    10  misc.o(i.NVIC_PriorityGroupConfig)
    New_PID_Calc                             0x0800329d   Thumb Code   644  new_pid.o(i.New_PID_Calc)
    New_PID_Init                             0x08003525   Thumb Code   220  new_pid.o(i.New_PID_Init)
    PcDataCheck                              0x0800360d   Thumb Code    22  usart6.o(i.PcDataCheck)
    RAMP_float                               0x08003625   Thumb Code   102  user_lib.o(i.RAMP_float)
    RCC_AHB1PeriphClockCmd                   0x08003691   Thumb Code    26  stm32f4xx_rcc.o(i.RCC_AHB1PeriphClockCmd)
    RCC_APB1PeriphClockCmd                   0x080036b1   Thumb Code    26  stm32f4xx_rcc.o(i.RCC_APB1PeriphClockCmd)
    RCC_APB1PeriphResetCmd                   0x080036d1   Thumb Code    26  stm32f4xx_rcc.o(i.RCC_APB1PeriphResetCmd)
    RCC_APB2PeriphClockCmd                   0x080036f1   Thumb Code    26  stm32f4xx_rcc.o(i.RCC_APB2PeriphClockCmd)
    RCC_APB2PeriphResetCmd                   0x08003711   Thumb Code    26  stm32f4xx_rcc.o(i.RCC_APB2PeriphResetCmd)
    RCC_GetClocksFreq                        0x08003731   Thumb Code   214  stm32f4xx_rcc.o(i.RCC_GetClocksFreq)
    RC_Init                                  0x08003819   Thumb Code   320  rc.o(i.RC_Init)
    SysTick_CLKSourceConfig                  0x08003b31   Thumb Code    40  misc.o(i.SysTick_CLKSourceConfig)
    SysTick_Handler                          0x08003b59   Thumb Code    16  delay.o(i.SysTick_Handler)
    SystemInit                               0x08003b69   Thumb Code    88  system_stm32f4xx.o(i.SystemInit)
    System_Init                              0x08003bd1   Thumb Code    78  start_task.o(i.System_Init)
    USART1_IRQHandler                        0x08003c21   Thumb Code    64  usart1.o(i.USART1_IRQHandler)
    USART1_Init                              0x08003c69   Thumb Code   220  usart1.o(i.USART1_Init)
    USART2_IRQHandler                        0x08003d55   Thumb Code   208  remotecontrol.o(i.USART2_IRQHandler)
    USART6_IRQHandler                        0x08003e3d   Thumb Code   262  usart6.o(i.USART6_IRQHandler)
    USART6_Init                              0x08003f55   Thumb Code   478  usart6.o(i.USART6_Init)
    USART_ClearFlag                          0x08004151   Thumb Code    18  stm32f4xx_usart.o(i.USART_ClearFlag)
    USART_ClearITPendingBit                  0x08004163   Thumb Code    30  stm32f4xx_usart.o(i.USART_ClearITPendingBit)
    USART_ClockInit                          0x08004181   Thumb Code    32  stm32f4xx_usart.o(i.USART_ClockInit)
    USART_ClockStructInit                    0x080041a1   Thumb Code    12  stm32f4xx_usart.o(i.USART_ClockStructInit)
    USART_Cmd                                0x080041ad   Thumb Code    24  stm32f4xx_usart.o(i.USART_Cmd)
    USART_DMACmd                             0x080041c5   Thumb Code    18  stm32f4xx_usart.o(i.USART_DMACmd)
    USART_DeInit                             0x080041d9   Thumb Code   206  stm32f4xx_usart.o(i.USART_DeInit)
    USART_GetITStatus                        0x080042c9   Thumb Code    84  stm32f4xx_usart.o(i.USART_GetITStatus)
    USART_ITConfig                           0x0800431d   Thumb Code    74  stm32f4xx_usart.o(i.USART_ITConfig)
    USART_Init                               0x08004369   Thumb Code   204  stm32f4xx_usart.o(i.USART_Init)
    USART_ReceiveData                        0x0800443d   Thumb Code    10  stm32f4xx_usart.o(i.USART_ReceiveData)
    USART_StructInit                         0x08004447   Thumb Code    24  stm32f4xx_usart.o(i.USART_StructInit)
    UsageFault_Handler                       0x0800445f   Thumb Code     4  stm32f4xx_it.o(i.UsageFault_Handler)
    __0printf$3                              0x08004465   Thumb Code    22  printf3.o(i.__0printf$3)
    __1printf$3                              0x08004465   Thumb Code     0  printf3.o(i.__0printf$3)
    __2printf                                0x08004465   Thumb Code     0  printf3.o(i.__0printf$3)
    __ARM_fpclassify                         0x08004485   Thumb Code    48  fpclassify.o(i.__ARM_fpclassify)
    __hardfp_fabs                            0x080044b5   Thumb Code    20  fabs.o(i.__hardfp_fabs)
    __hardfp_pow                             0x080044c9   Thumb Code  3072  pow.o(i.__hardfp_pow)
    __hardfp_sqrt                            0x08005119   Thumb Code   122  sqrt_full.o(i.__hardfp_sqrt)
    __hardfp_sqrtf                           0x08005193   Thumb Code    58  sqrtf_full.o(i.__hardfp_sqrtf)
    __kernel_poly                            0x080051cd   Thumb Code   248  poly.o(i.__kernel_poly)
    __mathlib_dbl_divzero                    0x080052c9   Thumb Code    28  dunder.o(i.__mathlib_dbl_divzero)
    __mathlib_dbl_infnan2                    0x080052f9   Thumb Code    20  dunder.o(i.__mathlib_dbl_infnan2)
    __mathlib_dbl_invalid                    0x08005311   Thumb Code    24  dunder.o(i.__mathlib_dbl_invalid)
    __mathlib_dbl_overflow                   0x08005331   Thumb Code    24  dunder.o(i.__mathlib_dbl_overflow)
    __mathlib_dbl_underflow                  0x08005351   Thumb Code    24  dunder.o(i.__mathlib_dbl_underflow)
    __scatterload_copy                       0x08005371   Thumb Code    14  handlers.o(i.__scatterload_copy)
    __scatterload_null                       0x0800537f   Thumb Code     2  handlers.o(i.__scatterload_null)
    __scatterload_zeroinit                   0x08005381   Thumb Code    14  handlers.o(i.__scatterload_zeroinit)
    __set_errno                              0x08005391   Thumb Code     6  errno.o(i.__set_errno)
    constrain                                0x08005555   Thumb Code    30  filter_control.o(i.constrain)
    delay_init                               0x08005575   Thumb Code    58  delay.o(i.delay_init)
    delay_ms                                 0x080055b9   Thumb Code   136  delay.o(i.delay_ms)
    fabs                                     0x08005645   Thumb Code    24  fabs.o(i.fabs)
    fp32_deadline                            0x08005881   Thumb Code    30  user_lib.o(i.fp32_deadline)
    fputc                                    0x080058a5   Thumb Code    22  sys.o(i.fputc)
    get_Chassis_Measure_Point                0x080058c1   Thumb Code    14  can_receive.o(i.get_Chassis_Measure_Point)
    get_Gimbal_Point                         0x080058d5   Thumb Code     4  gimbal_task.o(i.get_Gimbal_Point)
    get_Pitch_EncoderProcess_Point           0x080058dd   Thumb Code     4  can_receive.o(i.get_Pitch_EncoderProcess_Point)
    get_Yaw_EncoderProcess_Point             0x080058e5   Thumb Code     4  can_receive.o(i.get_Yaw_EncoderProcess_Point)
    get_remote_control_point                 0x080058ed   Thumb Code     4  remotecontrol.o(i.get_remote_control_point)
    main                                     0x080058f5   Thumb Code    12  main.o(i.main)
    pvPortMalloc                             0x0800641d   Thumb Code   262  heap_4.o(i.pvPortMalloc)
    pvTaskIncrementMutexHeldCount            0x08006579   Thumb Code    26  tasks.o(i.pvTaskIncrementMutexHeldCount)
    pxPortInitialiseStack                    0x08006599   Thumb Code    38  port.o(i.pxPortInitialiseStack)
    remote_control_init                      0x080065c5   Thumb Code    16  remotecontrol.o(i.remote_control_init)
    sqrt                                     0x08006609   Thumb Code   110  sqrt_full.o(i.sqrt)
    start_task                               0x08006679   Thumb Code    28  start_task.o(i.start_task)
    start_task_Create                        0x08006699   Thumb Code    30  start_task.o(i.start_task_Create)
    task_Gimbal_Create                       0x080066cd   Thumb Code    26  gimbal_task.o(i.task_Gimbal_Create)
    uxListRemove                             0x080066fd   Thumb Code    40  list.o(i.uxListRemove)
    vListInitialise                          0x08006725   Thumb Code    26  list.o(i.vListInitialise)
    vListInitialiseItem                      0x0800673f   Thumb Code     6  list.o(i.vListInitialiseItem)
    vListInsert                              0x08006745   Thumb Code    52  list.o(i.vListInsert)
    vListInsertEnd                           0x08006779   Thumb Code    24  list.o(i.vListInsertEnd)
    vPortEnterCritical                       0x08006791   Thumb Code    68  port.o(i.vPortEnterCritical)
    vPortExitCritical                        0x08006821   Thumb Code    48  port.o(i.vPortExitCritical)
    vPortFree                                0x08006899   Thumb Code   120  heap_4.o(i.vPortFree)
    vPortSetupTimerInterrupt                 0x08006959   Thumb Code    26  port.o(i.vPortSetupTimerInterrupt)
    vPortValidateInterruptPriority           0x08006979   Thumb Code    86  port.o(i.vPortValidateInterruptPriority)
    vQueueAddToRegistry                      0x08006a21   Thumb Code    38  queue.o(i.vQueueAddToRegistry)
    vQueueWaitForMessageRestricted           0x08006a4d   Thumb Code    74  queue.o(i.vQueueWaitForMessageRestricted)
    vTaskDelay                               0x08006a99   Thumb Code    72  tasks.o(i.vTaskDelay)
    vTaskDelete                              0x08006b15   Thumb Code   192  tasks.o(i.vTaskDelete)
    vTaskMissedYield                         0x08006c29   Thumb Code     8  tasks.o(i.vTaskMissedYield)
    vTaskPlaceOnEventList                    0x08006c35   Thumb Code    42  tasks.o(i.vTaskPlaceOnEventList)
    vTaskPlaceOnEventListRestricted          0x08006c91   Thumb Code    50  tasks.o(i.vTaskPlaceOnEventListRestricted)
    vTaskPriorityInherit                     0x08006cf5   Thumb Code   164  tasks.o(i.vTaskPriorityInherit)
    vTaskSetTimeOutState                     0x08006da5   Thumb Code    32  tasks.o(i.vTaskSetTimeOutState)
    vTaskStartScheduler                      0x08006df9   Thumb Code   108  tasks.o(i.vTaskStartScheduler)
    vTaskSuspendAll                          0x08006ead   Thumb Code    12  tasks.o(i.vTaskSuspendAll)
    vTaskSwitchContext                       0x08006ebd   Thumb Code   110  tasks.o(i.vTaskSwitchContext)
    xPortStartScheduler                      0x08006f6d   Thumb Code   258  port.o(i.xPortStartScheduler)
    xPortSysTickHandler                      0x080070d1   Thumb Code    46  port.o(i.xPortSysTickHandler)
    xQueueGenericCreate                      0x08007105   Thumb Code    78  queue.o(i.xQueueGenericCreate)
    xQueueGenericReceive                     0x08007181   Thumb Code   416  queue.o(i.xQueueGenericReceive)
    xQueueGenericReset                       0x08007351   Thumb Code   136  queue.o(i.xQueueGenericReset)
    xQueueGenericSend                        0x08007409   Thumb Code   412  queue.o(i.xQueueGenericSend)
    xQueueGenericSendFromISR                 0x080075d5   Thumb Code   234  queue.o(i.xQueueGenericSendFromISR)
    xTaskCheckForTimeOut                     0x080076ed   Thumb Code   116  tasks.o(i.xTaskCheckForTimeOut)
    xTaskCreate                              0x08007795   Thumb Code    96  tasks.o(i.xTaskCreate)
    xTaskGetSchedulerState                   0x080077f5   Thumb Code    24  tasks.o(i.xTaskGetSchedulerState)
    xTaskGetTickCount                        0x08007815   Thumb Code     6  tasks.o(i.xTaskGetTickCount)
    xTaskIncrementTick                       0x08007821   Thumb Code   272  tasks.o(i.xTaskIncrementTick)
    xTaskPriorityDisinherit                  0x08007989   Thumb Code   168  tasks.o(i.xTaskPriorityDisinherit)
    xTaskRemoveFromEventList                 0x08007a69   Thumb Code   118  tasks.o(i.xTaskRemoveFromEventList)
    xTaskResumeAll                           0x08007b25   Thumb Code   214  tasks.o(i.xTaskResumeAll)
    xTimerCreateTimerTask                    0x08007c4d   Thumb Code    56  timers.o(i.xTimerCreateTimerTask)
    xTimerGenericCommand                     0x08007cc5   Thumb Code   118  timers.o(i.xTimerGenericCommand)
    __mathlib_zero                           0x08007df8   Data           8  qnan.o(.constdata)
    Region$$Table$$Base                      0x08007e00   Number         0  anon$$obj.o(Region$$Table)
    Region$$Table$$Limit                     0x08007e20   Number         0  anon$$obj.o(Region$$Table)
    ChassisTask_Handler                      0x20000000   Data           4  chassis_task.o(.data)
    followPid                                0x20000004   Data          12  chassis_task.o(.data)
    Chassis_SpeedPid                         0x20000010   Data          12  chassis_task.o(.data)
    Slope_Chassis_Move_Fron                  0x2000001c   Data           4  chassis_task.o(.data)
    Slope_Chassis_Move_Back                  0x20000020   Data           4  chassis_task.o(.data)
    Slope_Chassis_Move_Left                  0x20000024   Data           4  chassis_task.o(.data)
    Slope_Chassis_Move_Righ                  0x20000028   Data           4  chassis_task.o(.data)
    Chassis_WS_Move_Max                      0x2000002c   Data           4  chassis_task.o(.data)
    Chassis_AD_Move_Max                      0x20000030   Data           4  chassis_task.o(.data)
    timeXFron                                0x20000034   Data           2  chassis_task.o(.data)
    timeXBack                                0x20000036   Data           2  chassis_task.o(.data)
    timeYLeft                                0x20000038   Data           2  chassis_task.o(.data)
    timeYRigh                                0x2000003a   Data           2  chassis_task.o(.data)
    timeInc_Saltation                        0x2000003c   Data           2  chassis_task.o(.data)
    timeInc                                  0x2000003e   Data           2  chassis_task.o(.data)
    timeDec                                  0x20000040   Data           2  chassis_task.o(.data)
    angle                                    0x20000044   Data           4  chassis_task.o(.data)
    GimbalTask_Handler                       0x20000080   Data           4  gimbal_task.o(.data)
    pitchAgePid                              0x20000084   Data          12  gimbal_task.o(.data)
    pitchSpdPid                              0x20000090   Data          12  gimbal_task.o(.data)
    yawAgePid                                0x2000009c   Data          12  gimbal_task.o(.data)
    yawSpdPid                                0x200000a8   Data          12  gimbal_task.o(.data)
    pitch_err                                0x200000b4   Data           4  gimbal_task.o(.data)
    Start_Task_Handler                       0x200000f4   Data           4  start_task.o(.data)
    INPUTMOD                                 0x200000f8   Data           1  remotecontrol.o(.data)
    Q_Flag                                   0x200000f9   Data           1  remotecontrol.o(.data)
    E_Flag                                   0x200000fa   Data           1  remotecontrol.o(.data)
    F_Flag                                   0x200000fb   Data           1  remotecontrol.o(.data)
    G_Flag                                   0x200000fc   Data           1  remotecontrol.o(.data)
    V_Flag                                   0x200000fd   Data           1  remotecontrol.o(.data)
    R_Flag                                   0x200000fe   Data           1  remotecontrol.o(.data)
    MOU_LEFT_F                               0x200000ff   Data           1  remotecontrol.o(.data)
    MOU_RIGH_F                               0x20000100   Data           1  remotecontrol.o(.data)
    W_Flag                                   0x20000101   Data           1  remotecontrol.o(.data)
    A_Flag                                   0x20000102   Data           1  remotecontrol.o(.data)
    S_Flag                                   0x20000103   Data           1  remotecontrol.o(.data)
    D_Flag                                   0x20000104   Data           1  remotecontrol.o(.data)
    Shift_Flag                               0x20000105   Data           1  remotecontrol.o(.data)
    Ctrl_Flag                                0x20000106   Data           1  remotecontrol.o(.data)
    TxCOM1                                   0x2000010c   Data           4  usart1.o(.data)
    RxCOM1                                   0x20000110   Data           4  usart1.o(.data)
    TxCOM6                                   0x20000114   Data           4  usart6.o(.data)
    RxCOM6                                   0x20000118   Data           4  usart6.o(.data)
    __stdout                                 0x20000120   Data           4  sys.o(.data)
    SystemCoreClock                          0x2000012c   Data           4  system_stm32f4xx.o(.data)
    AHBPrescTable                            0x20000130   Data          16  system_stm32f4xx.o(.data)
    pxCurrentTCB                             0x20000150   Data           4  tasks.o(.data)
    ChassisData                              0x2000039c   Data        1024  chassis_task.o(.bss)
    GimbalData                               0x200007ac   Data         504  gimbal_task.o(.bss)
    adrc_pitch                               0x200009a4   Data          64  gimbal_task.o(.bss)
    pitch_trans_num                          0x200009e4   Data          44  gimbal_task.o(.bss)
    rc_ctrl                                  0x20000a58   Data          22  remotecontrol.o(.bss)
    chassisMotor                             0x20000a70   Data         112  can_receive.o(.bss)
    yawMotor                                 0x20000ae0   Data          64  can_receive.o(.bss)
    pitchMotor                               0x20000b20   Data          64  can_receive.o(.bss)
    fff                                      0x20000b88   Data          10  usart6.o(.bss)
    xQueueRegistry                           0x20000bbc   Data          64  queue.o(.bss)
    __initial_sp                             0x20006308   Data           0  startup_stm32f40_41xxx.o(STACK)



==============================================================================

Memory Map of the image

  Image Entry point : 0x08000189

  Load Region LR_IROM1 (Base: 0x08000000, Size: 0x00007fe8, Max: 0x00100000, ABSOLUTE, COMPRESSED[0x00007e94])

    Execution Region ER_IROM1 (Exec base: 0x08000000, Load base: 0x08000000, Size: 0x00007e20, Max: 0x00100000, ABSOLUTE)

    Exec Addr    Load Addr    Size         Type   Attr      Idx    E Section Name        Object

    0x08000000   0x08000000   0x00000188   Data   RO         2207    RESET               startup_stm32f40_41xxx.o
    0x08000188   0x08000188   0x00000000   Code   RO         8927  * .ARM.Collect$$$$00000000  mc_w.l(entry.o)
    0x08000188   0x08000188   0x00000004   Code   RO         9268    .ARM.Collect$$$$00000001  mc_w.l(entry2.o)
    0x0800018c   0x0800018c   0x00000004   Code   RO         9271    .ARM.Collect$$$$00000004  mc_w.l(entry5.o)
    0x08000190   0x08000190   0x00000000   Code   RO         9273    .ARM.Collect$$$$00000008  mc_w.l(entry7b.o)
    0x08000190   0x08000190   0x00000000   Code   RO         9275    .ARM.Collect$$$$0000000A  mc_w.l(entry8b.o)
    0x08000190   0x08000190   0x00000008   Code   RO         9276    .ARM.Collect$$$$0000000B  mc_w.l(entry9a.o)
    0x08000198   0x08000198   0x00000004   Code   RO         9283    .ARM.Collect$$$$0000000E  mc_w.l(entry12b.o)
    0x0800019c   0x0800019c   0x00000000   Code   RO         9278    .ARM.Collect$$$$0000000F  mc_w.l(entry10a.o)
    0x0800019c   0x0800019c   0x00000000   Code   RO         9280    .ARM.Collect$$$$00000011  mc_w.l(entry11a.o)
    0x0800019c   0x0800019c   0x00000004   Code   RO         9269    .ARM.Collect$$$$00002712  mc_w.l(entry2.o)
    0x080001a0   0x080001a0   0x000000b6   Code   RO         8306    .emb_text           port.o
    0x08000256   0x08000256   0x00000002   PAD
    0x08000258   0x08000258   0x00000024   Code   RO         2208    .text               startup_stm32f40_41xxx.o
    0x0800027c   0x0800027c   0x00000024   Code   RO         8930    .text               mc_w.l(memcpya.o)
    0x080002a0   0x080002a0   0x00000024   Code   RO         8932    .text               mc_w.l(memseta.o)
    0x080002c4   0x080002c4   0x0000014e   Code   RO         9201    .text               mf_w.l(dadd.o)
    0x08000412   0x08000412   0x000000e4   Code   RO         9203    .text               mf_w.l(dmul.o)
    0x080004f6   0x080004f6   0x000000de   Code   RO         9205    .text               mf_w.l(ddiv.o)
    0x080005d4   0x080005d4   0x00000022   Code   RO         9209    .text               mf_w.l(dflti.o)
    0x080005f6   0x080005f6   0x00000026   Code   RO         9213    .text               mf_w.l(f2d.o)
    0x0800061c   0x0800061c   0x00000030   Code   RO         9215    .text               mf_w.l(cdcmple.o)
    0x0800064c   0x0800064c   0x00000030   Code   RO         9217    .text               mf_w.l(cdrcmple.o)
    0x0800067c   0x0800067c   0x00000038   Code   RO         9219    .text               mf_w.l(d2f.o)
    0x080006b4   0x080006b4   0x0000002c   Code   RO         9284    .text               mc_w.l(uidiv.o)
    0x080006e0   0x080006e0   0x0000001e   Code   RO         9288    .text               mc_w.l(llshl.o)
    0x080006fe   0x080006fe   0x00000024   Code   RO         9290    .text               mc_w.l(llsshr.o)
    0x08000722   0x08000722   0x00000000   Code   RO         9299    .text               mc_w.l(iusefp.o)
    0x08000722   0x08000722   0x0000006e   Code   RO         9300    .text               mf_w.l(fepilogue.o)
    0x08000790   0x08000790   0x000000ba   Code   RO         9302    .text               mf_w.l(depilogue.o)
    0x0800084a   0x0800084a   0x0000002e   Code   RO         9304    .text               mf_w.l(dscalb.o)
    0x08000878   0x08000878   0x000000a2   Code   RO         9306    .text               mf_w.l(dsqrt.o)
    0x0800091a   0x0800091a   0x00000002   PAD
    0x0800091c   0x0800091c   0x00000024   Code   RO         9310    .text               mc_w.l(init.o)
    0x08000940   0x08000940   0x00000020   Code   RO         9312    .text               mc_w.l(llushr.o)
    0x08000960   0x08000960   0x00000056   Code   RO         9324    .text               mc_w.l(__dczerorl2.o)
    0x080009b6   0x080009b6   0x00000002   PAD
    0x080009b8   0x080009b8   0x000002d0   Code   RO         1519    i.ADRC              adrc_core.o
    0x08000c88   0x08000c88   0x00000088   Code   RO         1560    i.ADRC_init         adrc_user.o
    0x08000d10   0x08000d10   0x00000004   Code   RO         2214    i.BusFault_Handler  stm32f4xx_it.o
    0x08000d14   0x08000d14   0x00000064   Code   RO          793    i.CAN1_CMD_CHASSIS  can_receive.o
    0x08000d78   0x08000d78   0x00000058   Code   RO          794    i.CAN1_CMD_GIMBAL   can_receive.o
    0x08000dd0   0x08000dd0   0x000001fc   Code   RO          798    i.CAN1_Hook         can_receive.o
    0x08000fcc   0x08000fcc   0x00000030   Code   RO          799    i.CAN1_RX0_IRQHandler  can_receive.o
    0x08000ffc   0x08000ffc   0x00000124   Code   RO          955    i.CAN1_mode_init    can.o
    0x08001120   0x08001120   0x00000002   Code   RO          805    i.CAN2_Hook         can_receive.o
    0x08001122   0x08001122   0x00000002   PAD
    0x08001124   0x08001124   0x00000030   Code   RO          806    i.CAN2_RX1_IRQHandler  can_receive.o
    0x08001154   0x08001154   0x00000124   Code   RO          956    i.CAN2_mode_init    can.o
    0x08001278   0x08001278   0x000000a8   Code   RO         2592    i.CAN_ClearITPendingBit  stm32f4xx_can.o
    0x08001320   0x08001320   0x00000108   Code   RO         2596    i.CAN_FilterInit    stm32f4xx_can.o
    0x08001428   0x08001428   0x00000120   Code   RO         2598    i.CAN_GetITStatus   stm32f4xx_can.o
    0x08001548   0x08001548   0x00000012   Code   RO         2602    i.CAN_ITConfig      stm32f4xx_can.o
    0x0800155a   0x0800155a   0x00000114   Code   RO         2603    i.CAN_Init          stm32f4xx_can.o
    0x0800166e   0x0800166e   0x000000f0   Code   RO         2606    i.CAN_Receive       stm32f4xx_can.o
    0x0800175e   0x0800175e   0x00000126   Code   RO         2611    i.CAN_Transmit      stm32f4xx_can.o
    0x08001884   0x08001884   0x00000054   Code   RO          261    i.CanSend           chassis_task.o
    0x080018d8   0x080018d8   0x000000fc   Code   RO          262    i.Chassis_Init      chassis_task.o
    0x080019d4   0x080019d4   0x000000d4   Code   RO         1159    i.Chassis_Key_MoveRamp  user_lib.o
    0x08001aa8   0x08001aa8   0x00000074   Code   RO          263    i.Chassis_State_Set  chassis_task.o
    0x08001b1c   0x08001b1c   0x00000050   Code   RO          264    i.Chassis_task      chassis_task.o
    0x08001b6c   0x08001b6c   0x00000012   Code   RO         2614    i.CheckITStatus     stm32f4xx_can.o
    0x08001b7e   0x08001b7e   0x00000002   PAD
    0x08001b80   0x08001b80   0x00000034   Code   RO          265    i.Chsssis_task_Create  chassis_task.o
    0x08001bb4   0x08001bb4   0x0000002a   Code   RO         1161    i.Constrain_float   user_lib.o
    0x08001bde   0x08001bde   0x00000018   Code   RO          266    i.Control_Buff_Refresh  chassis_task.o
    0x08001bf6   0x08001bf6   0x00000002   PAD
    0x08001bf8   0x08001bf8   0x000004d8   Code   RO          267    i.Control_Refresh   chassis_task.o
    0x080020d0   0x080020d0   0x00000018   Code   RO          536    i.Ctrl_Buff_Refresh  gimbal_task.o
    0x080020e8   0x080020e8   0x00000030   Code   RO          268    i.Ctrl_Mode_Set     chassis_task.o
    0x08002118   0x08002118   0x00000040   Code   RO          537    i.Ctrl_Mode_set     gimbal_task.o
    0x08002158   0x08002158   0x00000198   Code   RO          538    i.Ctrl_Refresh      gimbal_task.o
    0x080022f0   0x080022f0   0x00000034   Code   RO         3325    i.DMA_ClearFlag     stm32f4xx_dma.o
    0x08002324   0x08002324   0x00000016   Code   RO         3327    i.DMA_Cmd           stm32f4xx_dma.o
    0x0800233a   0x0800233a   0x00000002   PAD
    0x0800233c   0x0800233c   0x00000158   Code   RO         3328    i.DMA_DeInit        stm32f4xx_dma.o
    0x08002494   0x08002494   0x00000016   Code   RO         3329    i.DMA_DoubleBufferModeCmd  stm32f4xx_dma.o
    0x080024aa   0x080024aa   0x00000018   Code   RO         3330    i.DMA_DoubleBufferModeConfig  stm32f4xx_dma.o
    0x080024c2   0x080024c2   0x00000008   Code   RO         3333    i.DMA_GetCurrDataCounter  stm32f4xx_dma.o
    0x080024ca   0x080024ca   0x00000014   Code   RO         3334    i.DMA_GetCurrentMemoryTarget  stm32f4xx_dma.o
    0x080024de   0x080024de   0x00000002   PAD
    0x080024e0   0x080024e0   0x00000058   Code   RO         3339    i.DMA_Init          stm32f4xx_dma.o
    0x08002538   0x08002538   0x00000004   Code   RO         3342    i.DMA_SetCurrDataCounter  stm32f4xx_dma.o
    0x0800253c   0x0800253c   0x00000022   Code   RO         3343    i.DMA_StructInit    stm32f4xx_dma.o
    0x0800255e   0x0800255e   0x00000008   Code   RO          539    i.Data_Protect      gimbal_task.o
    0x08002566   0x08002566   0x00000002   Code   RO         2215    i.DebugMon_Handler  stm32f4xx_it.o
    0x08002568   0x08002568   0x00000124   Code   RO          171    i.DetectHook        detect_task.o
    0x0800268c   0x0800268c   0x000000d0   Code   RO          540    i.Drive_Mode_Refresh  gimbal_task.o
    0x0800275c   0x0800275c   0x000000d8   Code   RO         1496    i.EncoderProcess    encoder_process.o
    0x08002834   0x08002834   0x00000058   Code   RO          541    i.FeedBack_Refresh  gimbal_task.o
    0x0800288c   0x0800288c   0x00000042   Code   RO          269    i.Feedback_Refresh  chassis_task.o
    0x080028ce   0x080028ce   0x00000090   Code   RO         3964    i.GPIO_Init         stm32f4xx_gpio.o
    0x0800295e   0x0800295e   0x00000002   PAD
    0x08002960   0x08002960   0x00000078   Code   RO         1010    i.GPIO_Init_Configuration  gpio.o
    0x080029d8   0x080029d8   0x00000046   Code   RO         3965    i.GPIO_PinAFConfig  stm32f4xx_gpio.o
    0x08002a1e   0x08002a1e   0x00000004   Code   RO         3972    i.GPIO_SetBits      stm32f4xx_gpio.o
    0x08002a22   0x08002a22   0x00000002   PAD
    0x08002a24   0x08002a24   0x00000124   Code   RO          542    i.Gimbal_Init       gimbal_task.o
    0x08002b48   0x08002b48   0x00000028   Code   RO          543    i.Gimbal_State_Set  gimbal_task.o
    0x08002b70   0x08002b70   0x00000078   Code   RO          544    i.Gimbal_task       gimbal_task.o
    0x08002be8   0x08002be8   0x00000076   Code   RO          270    i.Give_Current      chassis_task.o
    0x08002c5e   0x08002c5e   0x00000002   PAD
    0x08002c60   0x08002c60   0x000000bc   Code   RO          545    i.Give_current      gimbal_task.o
    0x08002d1c   0x08002d1c   0x00000004   Code   RO         2216    i.HardFault_Handler  stm32f4xx_it.o
    0x08002d20   0x08002d20   0x000001b0   Code   RO          271    i.Key_WASD_Slope    chassis_task.o
    0x08002ed0   0x08002ed0   0x00000338   Code   RO          272    i.Mecanum_Calc      chassis_task.o
    0x08003208   0x08003208   0x00000004   Code   RO         2217    i.MemManage_Handler  stm32f4xx_it.o
    0x0800320c   0x0800320c   0x00000002   Code   RO         2218    i.NMI_Handler       stm32f4xx_it.o
    0x0800320e   0x0800320e   0x00000002   PAD
    0x08003210   0x08003210   0x00000078   Code   RO         2304    i.NVIC_Init         misc.o
    0x08003288   0x08003288   0x00000014   Code   RO         2305    i.NVIC_PriorityGroupConfig  misc.o
    0x0800329c   0x0800329c   0x00000288   Code   RO         1348    i.New_PID_Calc      new_pid.o
    0x08003524   0x08003524   0x000000e8   Code   RO         1350    i.New_PID_Init      new_pid.o
    0x0800360c   0x0800360c   0x00000016   Code   RO         1084    i.PcDataCheck       usart6.o
    0x08003622   0x08003622   0x00000002   PAD
    0x08003624   0x08003624   0x0000006c   Code   RO         1165    i.RAMP_float        user_lib.o
    0x08003690   0x08003690   0x00000020   Code   RO         4850    i.RCC_AHB1PeriphClockCmd  stm32f4xx_rcc.o
    0x080036b0   0x080036b0   0x00000020   Code   RO         4859    i.RCC_APB1PeriphClockCmd  stm32f4xx_rcc.o
    0x080036d0   0x080036d0   0x00000020   Code   RO         4861    i.RCC_APB1PeriphResetCmd  stm32f4xx_rcc.o
    0x080036f0   0x080036f0   0x00000020   Code   RO         4862    i.RCC_APB2PeriphClockCmd  stm32f4xx_rcc.o
    0x08003710   0x08003710   0x00000020   Code   RO         4864    i.RCC_APB2PeriphResetCmd  stm32f4xx_rcc.o
    0x08003730   0x08003730   0x000000e8   Code   RO         4871    i.RCC_GetClocksFreq  stm32f4xx_rcc.o
    0x08003818   0x08003818   0x00000150   Code   RO          923    i.RC_Init           rc.o
    0x08003968   0x08003968   0x000000da   Code   RO          702    i.SBUS_TO_RC        remotecontrol.o
    0x08003a42   0x08003a42   0x00000002   PAD
    0x08003a44   0x08003a44   0x000000ec   Code   RO         2267    i.SetSysClock       system_stm32f4xx.o
    0x08003b30   0x08003b30   0x00000028   Code   RO         2308    i.SysTick_CLKSourceConfig  misc.o
    0x08003b58   0x08003b58   0x00000010   Code   RO         2167    i.SysTick_Handler   delay.o
    0x08003b68   0x08003b68   0x00000068   Code   RO         2269    i.SystemInit        system_stm32f4xx.o
    0x08003bd0   0x08003bd0   0x0000004e   Code   RO          637    i.System_Init       start_task.o
    0x08003c1e   0x08003c1e   0x00000002   PAD
    0x08003c20   0x08003c20   0x00000048   Code   RO         1033    i.USART1_IRQHandler  usart1.o
    0x08003c68   0x08003c68   0x000000ec   Code   RO         1034    i.USART1_Init       usart1.o
    0x08003d54   0x08003d54   0x000000e8   Code   RO          703    i.USART2_IRQHandler  remotecontrol.o
    0x08003e3c   0x08003e3c   0x00000118   Code   RO         1085    i.USART6_IRQHandler  usart6.o
    0x08003f54   0x08003f54   0x000001fc   Code   RO         1086    i.USART6_Init       usart6.o
    0x08004150   0x08004150   0x00000012   Code   RO         6760    i.USART_ClearFlag   stm32f4xx_usart.o
    0x08004162   0x08004162   0x0000001e   Code   RO         6761    i.USART_ClearITPendingBit  stm32f4xx_usart.o
    0x08004180   0x08004180   0x00000020   Code   RO         6762    i.USART_ClockInit   stm32f4xx_usart.o
    0x080041a0   0x080041a0   0x0000000c   Code   RO         6763    i.USART_ClockStructInit  stm32f4xx_usart.o
    0x080041ac   0x080041ac   0x00000018   Code   RO         6764    i.USART_Cmd         stm32f4xx_usart.o
    0x080041c4   0x080041c4   0x00000012   Code   RO         6765    i.USART_DMACmd      stm32f4xx_usart.o
    0x080041d6   0x080041d6   0x00000002   PAD
    0x080041d8   0x080041d8   0x000000f0   Code   RO         6766    i.USART_DeInit      stm32f4xx_usart.o
    0x080042c8   0x080042c8   0x00000054   Code   RO         6768    i.USART_GetITStatus  stm32f4xx_usart.o
    0x0800431c   0x0800431c   0x0000004a   Code   RO         6770    i.USART_ITConfig    stm32f4xx_usart.o
    0x08004366   0x08004366   0x00000002   PAD
    0x08004368   0x08004368   0x000000d4   Code   RO         6771    i.USART_Init        stm32f4xx_usart.o
    0x0800443c   0x0800443c   0x0000000a   Code   RO         6778    i.USART_ReceiveData  stm32f4xx_usart.o
    0x08004446   0x08004446   0x00000018   Code   RO         6787    i.USART_StructInit  stm32f4xx_usart.o
    0x0800445e   0x0800445e   0x00000004   Code   RO         2219    i.UsageFault_Handler  stm32f4xx_it.o
    0x08004462   0x08004462   0x00000002   PAD
    0x08004464   0x08004464   0x00000020   Code   RO         9029    i.__0printf$3       mc_w.l(printf3.o)
    0x08004484   0x08004484   0x00000030   Code   RO         9252    i.__ARM_fpclassify  m_wm.l(fpclassify.o)
    0x080044b4   0x080044b4   0x00000014   Code   RO         8871    i.__hardfp_fabs     m_wm.l(fabs.o)
    0x080044c8   0x080044c8   0x00000c50   Code   RO         8877    i.__hardfp_pow      m_wm.l(pow.o)
    0x08005118   0x08005118   0x0000007a   Code   RO         8903    i.__hardfp_sqrt     m_wm.l(sqrt_full.o)
    0x08005192   0x08005192   0x0000003a   Code   RO         8909    i.__hardfp_sqrtf    m_wm.l(sqrtf_full.o)
    0x080051cc   0x080051cc   0x000000f8   Code   RO         9254    i.__kernel_poly     m_wm.l(poly.o)
    0x080052c4   0x080052c4   0x00000004   PAD
    0x080052c8   0x080052c8   0x00000030   Code   RO         9238    i.__mathlib_dbl_divzero  m_wm.l(dunder.o)
    0x080052f8   0x080052f8   0x00000014   Code   RO         9240    i.__mathlib_dbl_infnan2  m_wm.l(dunder.o)
    0x0800530c   0x0800530c   0x00000004   PAD
    0x08005310   0x08005310   0x00000020   Code   RO         9241    i.__mathlib_dbl_invalid  m_wm.l(dunder.o)
    0x08005330   0x08005330   0x00000020   Code   RO         9242    i.__mathlib_dbl_overflow  m_wm.l(dunder.o)
    0x08005350   0x08005350   0x00000020   Code   RO         9244    i.__mathlib_dbl_underflow  m_wm.l(dunder.o)
    0x08005370   0x08005370   0x0000000e   Code   RO         9318    i.__scatterload_copy  mc_w.l(handlers.o)
    0x0800537e   0x0800537e   0x00000002   Code   RO         9319    i.__scatterload_null  mc_w.l(handlers.o)
    0x08005380   0x08005380   0x0000000e   Code   RO         9320    i.__scatterload_zeroinit  mc_w.l(handlers.o)
    0x0800538e   0x0800538e   0x00000002   PAD
    0x08005390   0x08005390   0x0000000c   Code   RO         9294    i.__set_errno       mc_w.l(errno.o)
    0x0800539c   0x0800539c   0x000001b8   Code   RO         9036    i._printf_core      mc_w.l(printf3.o)
    0x08005554   0x08005554   0x0000001e   Code   RO         1822    i.constrain         filter_control.o
    0x08005572   0x08005572   0x00000002   PAD
    0x08005574   0x08005574   0x00000044   Code   RO         2168    i.delay_init        delay.o
    0x080055b8   0x080055b8   0x0000008c   Code   RO         2169    i.delay_ms          delay.o
    0x08005644   0x08005644   0x00000018   Code   RO         8873    i.fabs              m_wm.l(fabs.o)
    0x0800565c   0x0800565c   0x0000010c   Code   RO         1520    i.fal               adrc_core.o
    0x08005768   0x08005768   0x00000118   Code   RO         1521    i.fhan              adrc_core.o
    0x08005880   0x08005880   0x00000024   Code   RO         1170    i.fp32_deadline     user_lib.o
    0x080058a4   0x080058a4   0x0000001c   Code   RO         2132    i.fputc             sys.o
    0x080058c0   0x080058c0   0x00000014   Code   RO          808    i.get_Chassis_Measure_Point  can_receive.o
    0x080058d4   0x080058d4   0x00000008   Code   RO          547    i.get_Gimbal_Point  gimbal_task.o
    0x080058dc   0x080058dc   0x00000008   Code   RO          809    i.get_Pitch_EncoderProcess_Point  can_receive.o
    0x080058e4   0x080058e4   0x00000008   Code   RO          810    i.get_Yaw_EncoderProcess_Point  can_receive.o
    0x080058ec   0x080058ec   0x00000008   Code   RO          704    i.get_remote_control_point  remotecontrol.o
    0x080058f4   0x080058f4   0x0000000c   Code   RO            3    i.main              main.o
    0x08005900   0x08005900   0x00000098   Code   RO         7429    i.prvAddCurrentTaskToDelayedList  tasks.o
    0x08005998   0x08005998   0x000000b8   Code   RO         7430    i.prvAddNewTaskToReadyList  tasks.o
    0x08005a50   0x08005a50   0x00000064   Code   RO         7803    i.prvCheckForValidListAndQueue  timers.o
    0x08005ab4   0x08005ab4   0x00000064   Code   RO         7431    i.prvCheckTasksWaitingTermination  tasks.o
    0x08005b18   0x08005b18   0x0000002a   Code   RO         7188    i.prvCopyDataFromQueue  queue.o
    0x08005b42   0x08005b42   0x0000007c   Code   RO         7189    i.prvCopyDataToQueue  queue.o
    0x08005bbe   0x08005bbe   0x00000012   Code   RO         7432    i.prvDeleteTCB      tasks.o
    0x08005bd0   0x08005bd0   0x00000028   Code   RO         7804    i.prvGetNextExpireTime  timers.o
    0x08005bf8   0x08005bf8   0x0000007c   Code   RO         8391    i.prvHeapInit       heap_4.o
    0x08005c74   0x08005c74   0x00000028   Code   RO         7433    i.prvIdleTask       tasks.o
    0x08005c9c   0x08005c9c   0x0000002e   Code   RO         7191    i.prvInitialiseNewQueue  queue.o
    0x08005cca   0x08005cca   0x00000002   PAD
    0x08005ccc   0x08005ccc   0x000000d8   Code   RO         7434    i.prvInitialiseNewTask  tasks.o
    0x08005da4   0x08005da4   0x00000068   Code   RO         7435    i.prvInitialiseTaskLists  tasks.o
    0x08005e0c   0x08005e0c   0x00000068   Code   RO         8392    i.prvInsertBlockIntoFreeList  heap_4.o
    0x08005e74   0x08005e74   0x00000058   Code   RO         7806    i.prvInsertTimerInActiveList  timers.o
    0x08005ecc   0x08005ecc   0x0000001a   Code   RO         7192    i.prvIsQueueEmpty   queue.o
    0x08005ee6   0x08005ee6   0x0000001e   Code   RO         7193    i.prvIsQueueFull    queue.o
    0x08005f04   0x08005f04   0x000000a8   Code   RO         7194    i.prvNotifyQueueSetContainer  queue.o
    0x08005fac   0x08005fac   0x00000084   Code   RO         7807    i.prvProcessExpiredTimer  timers.o
    0x08006030   0x08006030   0x00000130   Code   RO         7808    i.prvProcessReceivedCommands  timers.o
    0x08006160   0x08006160   0x00000074   Code   RO         7809    i.prvProcessTimerOrBlockTask  timers.o
    0x080061d4   0x080061d4   0x00000034   Code   RO         7437    i.prvResetNextTaskUnblockTime  tasks.o
    0x08006208   0x08006208   0x0000002c   Code   RO         7810    i.prvSampleTimeNow  timers.o
    0x08006234   0x08006234   0x000000c0   Code   RO         7811    i.prvSwitchTimerLists  timers.o
    0x080062f4   0x080062f4   0x0000007c   Code   RO         8307    i.prvTaskExitError  port.o
    0x08006370   0x08006370   0x0000001a   Code   RO         7812    i.prvTimerTask      timers.o
    0x0800638a   0x0800638a   0x00000092   Code   RO         7195    i.prvUnlockQueue    queue.o
    0x0800641c   0x0800641c   0x0000015c   Code   RO         8393    i.pvPortMalloc      heap_4.o
    0x08006578   0x08006578   0x00000020   Code   RO         7441    i.pvTaskIncrementMutexHeldCount  tasks.o
    0x08006598   0x08006598   0x0000002c   Code   RO         8308    i.pxPortInitialiseStack  port.o
    0x080065c4   0x080065c4   0x00000014   Code   RO          706    i.remote_control_init  remotecontrol.o
    0x080065d8   0x080065d8   0x00000030   Code   RO         1522    i.sign              adrc_core.o
    0x08006608   0x08006608   0x0000006e   Code   RO         8905    i.sqrt              m_wm.l(sqrt_full.o)
    0x08006676   0x08006676   0x00000002   PAD
    0x08006678   0x08006678   0x00000020   Code   RO          638    i.start_task        start_task.o
    0x08006698   0x08006698   0x00000034   Code   RO          639    i.start_task_Create  start_task.o
    0x080066cc   0x080066cc   0x00000030   Code   RO          548    i.task_Gimbal_Create  gimbal_task.o
    0x080066fc   0x080066fc   0x00000028   Code   RO         7143    i.uxListRemove      list.o
    0x08006724   0x08006724   0x0000001a   Code   RO         7144    i.vListInitialise   list.o
    0x0800673e   0x0800673e   0x00000006   Code   RO         7145    i.vListInitialiseItem  list.o
    0x08006744   0x08006744   0x00000034   Code   RO         7146    i.vListInsert       list.o
    0x08006778   0x08006778   0x00000018   Code   RO         7147    i.vListInsertEnd    list.o
    0x08006790   0x08006790   0x00000090   Code   RO         8310    i.vPortEnterCritical  port.o
    0x08006820   0x08006820   0x00000078   Code   RO         8311    i.vPortExitCritical  port.o
    0x08006898   0x08006898   0x000000c0   Code   RO         8394    i.vPortFree         heap_4.o
    0x08006958   0x08006958   0x00000020   Code   RO         8312    i.vPortSetupTimerInterrupt  port.o
    0x08006978   0x08006978   0x000000a8   Code   RO         8313    i.vPortValidateInterruptPriority  port.o
    0x08006a20   0x08006a20   0x0000002c   Code   RO         7201    i.vQueueAddToRegistry  queue.o
    0x08006a4c   0x08006a4c   0x0000004a   Code   RO         7205    i.vQueueWaitForMessageRestricted  queue.o
    0x08006a96   0x08006a96   0x00000002   PAD
    0x08006a98   0x08006a98   0x0000007c   Code   RO         7450    i.vTaskDelay        tasks.o
    0x08006b14   0x08006b14   0x00000114   Code   RO         7452    i.vTaskDelete       tasks.o
    0x08006c28   0x08006c28   0x0000000c   Code   RO         7456    i.vTaskMissedYield  tasks.o
    0x08006c34   0x08006c34   0x0000005c   Code   RO         7458    i.vTaskPlaceOnEventList  tasks.o
    0x08006c90   0x08006c90   0x00000064   Code   RO         7459    i.vTaskPlaceOnEventListRestricted  tasks.o
    0x08006cf4   0x08006cf4   0x000000b0   Code   RO         7461    i.vTaskPriorityInherit  tasks.o
    0x08006da4   0x08006da4   0x00000054   Code   RO         7465    i.vTaskSetTimeOutState  tasks.o
    0x08006df8   0x08006df8   0x000000b4   Code   RO         7466    i.vTaskStartScheduler  tasks.o
    0x08006eac   0x08006eac   0x00000010   Code   RO         7468    i.vTaskSuspendAll   tasks.o
    0x08006ebc   0x08006ebc   0x000000b0   Code   RO         7469    i.vTaskSwitchContext  tasks.o
    0x08006f6c   0x08006f6c   0x00000164   Code   RO         8314    i.xPortStartScheduler  port.o
    0x080070d0   0x080070d0   0x00000034   Code   RO         8315    i.xPortSysTickHandler  port.o
    0x08007104   0x08007104   0x0000007c   Code   RO         7210    i.xQueueGenericCreate  queue.o
    0x08007180   0x08007180   0x000001d0   Code   RO         7211    i.xQueueGenericReceive  queue.o
    0x08007350   0x08007350   0x000000b8   Code   RO         7212    i.xQueueGenericReset  queue.o
    0x08007408   0x08007408   0x000001cc   Code   RO         7213    i.xQueueGenericSend  queue.o
    0x080075d4   0x080075d4   0x00000118   Code   RO         7214    i.xQueueGenericSendFromISR  queue.o
    0x080076ec   0x080076ec   0x000000a8   Code   RO         7470    i.xTaskCheckForTimeOut  tasks.o
    0x08007794   0x08007794   0x00000060   Code   RO         7471    i.xTaskCreate       tasks.o
    0x080077f4   0x080077f4   0x00000020   Code   RO         7475    i.xTaskGetSchedulerState  tasks.o
    0x08007814   0x08007814   0x0000000c   Code   RO         7476    i.xTaskGetTickCount  tasks.o
    0x08007820   0x08007820   0x00000168   Code   RO         7478    i.xTaskIncrementTick  tasks.o
    0x08007988   0x08007988   0x000000e0   Code   RO         7481    i.xTaskPriorityDisinherit  tasks.o
    0x08007a68   0x08007a68   0x000000bc   Code   RO         7482    i.xTaskRemoveFromEventList  tasks.o
    0x08007b24   0x08007b24   0x00000128   Code   RO         7484    i.xTaskResumeAll    tasks.o
    0x08007c4c   0x08007c4c   0x00000078   Code   RO         7816    i.xTimerCreateTimerTask  timers.o
    0x08007cc4   0x08007cc4   0x000000a8   Code   RO         7817    i.xTimerGenericCommand  timers.o
    0x08007d6c   0x08007d6c   0x00000004   PAD
    0x08007d70   0x08007d70   0x00000088   Data   RO         8880    .constdata          m_wm.l(pow.o)
    0x08007df8   0x08007df8   0x00000008   Data   RO         9256    .constdata          m_wm.l(qnan.o)
    0x08007e00   0x08007e00   0x00000020   Data   RO         9316    Region$$Table       anon$$obj.o


    Execution Region RW_IRAM1 (Exec base: 0x20000000, Load base: 0x08007e20, Size: 0x00006308, Max: 0x00020000, ABSOLUTE, COMPRESSED[0x00000074])

    Exec Addr    Load Addr    Size         Type   Attr      Idx    E Section Name        Object

    0x20000000   COMPRESSED   0x00000080   Data   RW          275    .data               chassis_task.o
    0x20000080   COMPRESSED   0x00000074   Data   RW          550    .data               gimbal_task.o
    0x200000f4   COMPRESSED   0x00000004   Data   RW          640    .data               start_task.o
    0x200000f8   COMPRESSED   0x00000012   Data   RW          710    .data               remotecontrol.o
    0x2000010a   COMPRESSED   0x00000001   Data   RW          812    .data               can_receive.o
    0x2000010b   COMPRESSED   0x00000001   PAD
    0x2000010c   COMPRESSED   0x00000008   Data   RW         1035    .data               usart1.o
    0x20000114   COMPRESSED   0x0000000c   Data   RW         1088    .data               usart6.o
    0x20000120   COMPRESSED   0x00000004   Data   RW         2133    .data               sys.o
    0x20000124   COMPRESSED   0x00000008   Data   RW         2171    .data               delay.o
    0x2000012c   COMPRESSED   0x00000014   Data   RW         2270    .data               system_stm32f4xx.o
    0x20000140   COMPRESSED   0x00000010   Data   RW         4903    .data               stm32f4xx_rcc.o
    0x20000150   COMPRESSED   0x0000003c   Data   RW         7487    .data               tasks.o
    0x2000018c   COMPRESSED   0x00000014   Data   RW         7825    .data               timers.o
    0x200001a0   COMPRESSED   0x0000000c   Data   RW         8316    .data               port.o
    0x200001ac   COMPRESSED   0x00000018   Data   RW         8399    .data               heap_4.o
    0x200001c4   COMPRESSED   0x00000004   Data   RW         9295    .data               mc_w.l(errno.o)
    0x200001c8        -       0x000001d4   Zero   RW          177    .bss                detect_task.o
    0x2000039c        -       0x00000410   Zero   RW          274    .bss                chassis_task.o
    0x200007ac        -       0x00000264   Zero   RW          549    .bss                gimbal_task.o
    0x20000a10        -       0x0000005e   Zero   RW          709    .bss                remotecontrol.o
    0x20000a6e   COMPRESSED   0x00000002   PAD
    0x20000a70        -       0x00000118   Zero   RW          811    .bss                can_receive.o
    0x20000b88        -       0x00000032   Zero   RW         1087    .bss                usart6.o
    0x20000bba   COMPRESSED   0x00000002   PAD
    0x20000bbc        -       0x00000040   Zero   RW         7225    .bss                queue.o
    0x20000bfc        -       0x000002e4   Zero   RW         7486    .bss                tasks.o
    0x20000ee0        -       0x00000028   Zero   RW         7824    .bss                timers.o
    0x20000f08        -       0x00005000   Zero   RW         8398    .bss                heap_4.o
    0x20005f08        -       0x00000400   Zero   RW         2205    STACK               startup_stm32f40_41xxx.o


==============================================================================

Image component sizes


      Code (inc. data)   RO Data    RW Data    ZI Data      Debug   Object Name

      1316         36          0          0          0       4317   adrc_core.o
       136          6          0          0          0       1100   adrc_user.o
       584         20          0          0          0       2170   can.o
       830         80          0          1        280       7652   can_receive.o
      3336        274          0        128       1040     272577   chassis_task.o
       224         14          0          8          0       2278   delay.o
       292          4          0          0        468       3527   detect_task.o
       216          8          0          0          0       1229   encoder_process.o
         0          0          0          0          0       9516   event_groups.o
        30          0          0          0          0        672   filter_control.o
      1496        144          0        116        612      12243   gimbal_task.o
       120          8          0          0          0        634   gpio.o
       768        192          0         24      20480       4287   heap_4.o
         0          0          0          0          0       2456   imutask.o
       148          0          0          0          0       3534   list.o
        12          0          0          0          0     296363   main.o
       180         24          0          0          0       2277   misc.o
       880         16          0          0          0     233594   new_pid.o
      1222        436          0         12          0      11485   port.o
      2212        286          0          0         64      14209   queue.o
       336         16          0          0          0       1370   rc.o
       478         32          0         18         94       7270   remotecontrol.o
       162         26          0          4          0       2088   start_task.o
        36          8        392          0       1024        876   startup_stm32f40_41xxx.o
      1566         16          0          0          0       6874   stm32f4xx_can.o
       618         40          0          0          0       7813   stm32f4xx_dma.o
       218          0          0          0          0       2526   stm32f4xx_gpio.o
        20          0          0          0          0       3129   stm32f4xx_it.o
       392         48          0         16          0       6221   stm32f4xx_rcc.o
       778         42          0          0          0       9185   stm32f4xx_usart.o
        28          6          0          4          0       2390   sys.o
       340         32          0         20          0       2025   system_stm32f4xx.o
      3510        982          0         60        740      31139   tasks.o
      1330        332          0         20         40       9491   timers.o
       308         24          0          8          0       4170   usart1.o
       810         48          0         12         50       4032   usart6.o
       398         34          0          0          0       4162   user_lib.o

    ----------------------------------------------------------------------
     25372       3238        424        452      24896     990881   Object Totals
         0          0         32          0          0          0   (incl. Generated)
        42          4          0          1          4          0   (incl. Padding)

    ----------------------------------------------------------------------

      Code (inc. data)   RO Data    RW Data    ZI Data      Debug   Library Member Name

       164         44          0          0          0        620   dunder.o
        44          0          0          0          0        248   fabs.o
        48          0          0          0          0        124   fpclassify.o
       248          0          0          0          0        152   poly.o
      3152        296        136          0          0        352   pow.o
         0          0          8          0          0          0   qnan.o
       232          0          0          0          0        296   sqrt_full.o
        58          0          0          0          0        136   sqrtf_full.o
        86          0          0          0          0          0   __dczerorl2.o
         0          0          0          0          0          0   entry.o
         0          0          0          0          0          0   entry10a.o
         0          0          0          0          0          0   entry11a.o
         4          0          0          0          0          0   entry12b.o
         8          4          0          0          0          0   entry2.o
         4          0          0          0          0          0   entry5.o
         0          0          0          0          0          0   entry7b.o
         0          0          0          0          0          0   entry8b.o
         8          4          0          0          0          0   entry9a.o
        12          6          0          4          0         68   errno.o
        30          0          0          0          0          0   handlers.o
        36          8          0          0          0         68   init.o
         0          0          0          0          0          0   iusefp.o
        30          0          0          0          0         68   llshl.o
        36          0          0          0          0         68   llsshr.o
        32          0          0          0          0         68   llushr.o
        36          0          0          0          0         68   memcpya.o
        36          0          0          0          0        108   memseta.o
       472         14          0          0          0        184   printf3.o
        44          0          0          0          0         80   uidiv.o
        48          0          0          0          0         68   cdcmple.o
        48          0          0          0          0         68   cdrcmple.o
        56          0          0          0          0         88   d2f.o
       334          0          0          0          0        148   dadd.o
       222          0          0          0          0        100   ddiv.o
       186          0          0          0          0        176   depilogue.o
        34          0          0          0          0         76   dflti.o
       228          0          0          0          0         96   dmul.o
        46          0          0          0          0         80   dscalb.o
       162          0          0          0          0        100   dsqrt.o
        38          0          0          0          0         68   f2d.o
       110          0          0          0          0        168   fepilogue.o

    ----------------------------------------------------------------------
      6348        376        144          4          0       3944   Library Totals
        16          0          0          0          0          0   (incl. Padding)

    ----------------------------------------------------------------------

      Code (inc. data)   RO Data    RW Data    ZI Data      Debug   Library Name

      3946        340        144          0          0       1928   m_wm.l
       874         36          0          4          0        780   mc_w.l
      1512          0          0          0          0       1236   mf_w.l

    ----------------------------------------------------------------------
      6348        376        144          4          0       3944   Library Totals

    ----------------------------------------------------------------------

==============================================================================


      Code (inc. data)   RO Data    RW Data    ZI Data      Debug   

     31720       3614        568        456      24896     975021   Grand Totals
     31720       3614        568        116      24896     975021   ELF Image Totals (compressed)
     31720       3614        568        116          0          0   ROM Totals

==============================================================================

    Total RO  Size (Code + RO Data)                32288 (  31.53kB)
    Total RW  Size (RW Data + ZI Data)             25352 (  24.76kB)
    Total ROM Size (Code + RO Data + RW Data)      32404 (  31.64kB)

==============================================================================

