Component: ARM Compiler 5.06 update 7 (build 960) Tool: armlink [4d3601]

==============================================================================

Section Cross References

    main.o(i.main) refers to start_task.o(i.System_Init) for System_Init
    main.o(i.main) refers to stm32f4xx_rcc.o(i.RCC_GetClocksFreq) for RCC_GetClocksFreq
    main.o(i.main) refers to start_task.o(i.start_task_Create) for start_task_Create
    main.o(i.main) refers to main.o(.bss) for getrccclock
    detect_task.o(i.DetectDisplay) refers to detect_task.o(.data) for last_num
    detect_task.o(i.DetectHook) refers to tasks.o(i.xTaskGetTickCount) for xTaskGetTickCount
    detect_task.o(i.DetectHook) refers to detect_task.o(.bss) for errorList
    detect_task.o(i.DetectInit) refers to memseta.o(.text) for __aeabi_memclr4
    detect_task.o(i.DetectInit) refers to memcpya.o(.text) for __aeabi_memcpy4
    detect_task.o(i.DetectInit) refers to detect_task.o(.constdata) for .constdata
    detect_task.o(i.DetectInit) refers to detect_task.o(.bss) for errorList
    detect_task.o(i.DetectInit) refers to remotecontrol.o(i.RC_data_is_error) for RC_data_is_error
    detect_task.o(i.DetectInit) refers to remotecontrol.o(i.slove_RC_lost) for slove_RC_lost
    detect_task.o(i.DetectInit) refers to remotecontrol.o(i.slove_data_error) for slove_data_error
    detect_task.o(i.DetectTask) refers to tasks.o(i.xTaskGetTickCount) for xTaskGetTickCount
    detect_task.o(i.DetectTask) refers to detect_task.o(i.DetectInit) for DetectInit
    detect_task.o(i.DetectTask) refers to tasks.o(i.vTaskDelay) for vTaskDelay
    detect_task.o(i.DetectTask) refers to detect_task.o(i.DetectDisplay) for DetectDisplay
    detect_task.o(i.DetectTask) refers to detect_task.o(.data) for systemTime
    detect_task.o(i.DetectTask) refers to detect_task.o(.bss) for errorList
    detect_task.o(i.getErrorListPoint) refers to detect_task.o(.bss) for errorList
    detect_task.o(i.toe_is_error) refers to detect_task.o(.bss) for errorList
    function_task.o(i.ALL_RESET) refers to tasks.o(i.vTaskDelay) for vTaskDelay
    function_task.o(i.ALL_RESET) refers to stm32f4xx_gpio.o(i.GPIO_ResetBits) for GPIO_ResetBits
    function_task.o(i.ALL_RESET) refers to function_task.o(.data) for working_state
    function_task.o(i.ALL_RESET) refers to motor_control_task.o(.bss) for motor_control
    function_task.o(i.ALL_RESET) refers to function_task.o(.bss) for L_Up_Appoint
    function_task.o(i.Alley_Oop_ORE) refers to stm32f4xx_gpio.o(i.GPIO_ResetBits) for GPIO_ResetBits
    function_task.o(i.Alley_Oop_ORE) refers to stm32f4xx_gpio.o(i.GPIO_SetBits) for GPIO_SetBits
    function_task.o(i.Alley_Oop_ORE) refers to tasks.o(i.vTaskDelay) for vTaskDelay
    function_task.o(i.Alley_Oop_ORE) refers to motor_control_task.o(i.Clamp_Turn_To_Point) for Clamp_Turn_To_Point
    function_task.o(i.Alley_Oop_ORE) refers to motor_control_task.o(i.Clamp_R_Turn_To_Point) for Clamp_R_Turn_To_Point
    function_task.o(i.Alley_Oop_ORE) refers to stm32f4xx_gpio.o(i.GPIO_ReadInputDataBit) for GPIO_ReadInputDataBit
    function_task.o(i.Alley_Oop_ORE) refers to motor_control_task.o(i.Up_Down_To_Point) for Up_Down_To_Point
    function_task.o(i.Alley_Oop_ORE) refers to function_task.o(i.ALL_RESET) for ALL_RESET
    function_task.o(i.Alley_Oop_ORE) refers to function_task.o(.data) for working_state
    function_task.o(i.Alley_Oop_ORE) refers to function_task.o(.bss) for Turn_Appoint
    function_task.o(i.Alley_Oop_ORE) refers to remotecontrol.o(.bss) for rc_ctrl
    function_task.o(i.Exchang_Low_ORE) refers to stm32f4xx_gpio.o(i.GPIO_ResetBits) for GPIO_ResetBits
    function_task.o(i.Exchang_Low_ORE) refers to tasks.o(i.vTaskDelay) for vTaskDelay
    function_task.o(i.Exchang_Low_ORE) refers to stm32f4xx_gpio.o(i.GPIO_SetBits) for GPIO_SetBits
    function_task.o(i.Exchang_Low_ORE) refers to motor_control_task.o(i.Clamp_R_Turn_To_Point) for Clamp_R_Turn_To_Point
    function_task.o(i.Exchang_Low_ORE) refers to motor_control_task.o(i.Up_Down_To_Point) for Up_Down_To_Point
    function_task.o(i.Exchang_Low_ORE) refers to motor_control_task.o(i.Clamp_Turn_To_Point) for Clamp_Turn_To_Point
    function_task.o(i.Exchang_Low_ORE) refers to function_task.o(i.ALL_RESET) for ALL_RESET
    function_task.o(i.Exchang_Low_ORE) refers to function_task.o(.data) for working_state
    function_task.o(i.Exchang_Low_ORE) refers to function_task.o(.bss) for Turn_R_Appoint
    function_task.o(i.Exchang_Upp_ORE) refers to stm32f4xx_gpio.o(i.GPIO_ResetBits) for GPIO_ResetBits
    function_task.o(i.Exchang_Upp_ORE) refers to tasks.o(i.vTaskDelay) for vTaskDelay
    function_task.o(i.Exchang_Upp_ORE) refers to stm32f4xx_gpio.o(i.GPIO_SetBits) for GPIO_SetBits
    function_task.o(i.Exchang_Upp_ORE) refers to motor_control_task.o(i.Clamp_R_Turn_To_Point) for Clamp_R_Turn_To_Point
    function_task.o(i.Exchang_Upp_ORE) refers to motor_control_task.o(i.Up_Down_To_Point) for Up_Down_To_Point
[...]
    i.vTaskSetTimeOutState                   0x080063f0   Section        0  tasks.o(i.vTaskSetTimeOutState)
    i.vTaskStartScheduler                    0x08006444   Section        0  tasks.o(i.vTaskStartScheduler)
    i.vTaskSuspendAll                        0x080064f8   Section        0  tasks.o(i.vTaskSuspendAll)
    i.vTaskSwitchContext                     0x08006508   Section        0  tasks.o(i.vTaskSwitchContext)
    i.verify_crc16_check_sum                 0x080065b8   Section        0  protocol.o(i.verify_crc16_check_sum)
    i.verify_crc8_check_sum                  0x080065f8   Section        0  protocol.o(i.verify_crc8_check_sum)
    i.xPortStartScheduler                    0x08006628   Section        0  port.o(i.xPortStartScheduler)
    i.xPortSysTickHandler                    0x0800678c   Section        0  port.o(i.xPortSysTickHandler)
    i.xQueueGenericCreate                    0x080067c0   Section        0  queue.o(i.xQueueGenericCreate)
    i.xQueueGenericReceive                   0x0800683c   Section        0  queue.o(i.xQueueGenericReceive)
    i.xQueueGenericReset                     0x08006a0c   Section        0  queue.o(i.xQueueGenericReset)
    i.xQueueGenericSend                      0x08006ac4   Section        0  queue.o(i.xQueueGenericSend)
    i.xQueueGenericSendFromISR               0x08006c90   Section        0  queue.o(i.xQueueGenericSendFromISR)
    i.xTaskCheckForTimeOut                   0x08006da8   Section        0  tasks.o(i.xTaskCheckForTimeOut)
    i.xTaskCreate                            0x08006e50   Section        0  tasks.o(i.xTaskCreate)
    i.xTaskGetSchedulerState                 0x08006eb0   Section        0  tasks.o(i.xTaskGetSchedulerState)
    i.xTaskGetTickCount                      0x08006ed0   Section        0  tasks.o(i.xTaskGetTickCount)
    i.xTaskIncrementTick                     0x08006edc   Section        0  tasks.o(i.xTaskIncrementTick)
    i.xTaskPriorityDisinherit                0x08007044   Section        0  tasks.o(i.xTaskPriorityDisinherit)
    i.xTaskRemoveFromEventList               0x08007124   Section        0  tasks.o(i.xTaskRemoveFromEventList)
    i.xTaskResumeAll                         0x080071e0   Section        0  tasks.o(i.xTaskResumeAll)
    i.xTimerCreateTimerTask                  0x08007308   Section        0  timers.o(i.xTimerCreateTimerTask)
    i.xTimerGenericCommand                   0x08007380   Section        0  timers.o(i.xTimerGenericCommand)
    .constdata                               0x08007428   Section      770  protocol.o(.constdata)
    .constdata                               0x0800772a   Section      770  rm_cilent_ui.o(.constdata)
    .data                                    0x20000000   Section      105  function_task.o(.data)
    working_state                            0x20000004   Data           1  function_task.o(.data)
    flag                                     0x2000005b   Data           1  function_task.o(.data)
    flag                                     0x2000005c   Data           1  function_task.o(.data)
    flag                                     0x2000005d   Data           1  function_task.o(.data)
    flag                                     0x2000005e   Data           1  function_task.o(.data)
    flag                                     0x2000005f   Data           1  function_task.o(.data)
    flag                                     0x20000060   Data           1  function_task.o(.data)
    E_FLAG                                   0x20000061   Data           1  function_task.o(.data)
    R_FLAG                                   0x20000062   Data           1  function_task.o(.data)
    Z_FLAG                                   0x20000063   Data           1  function_task.o(.data)
    X_FLAG                                   0x20000064   Data           1  function_task.o(.data)
    F_FLAG                                   0x20000065   Data           1  function_task.o(.data)
    G_FLAG                                   0x20000066   Data           1  function_task.o(.data)
    B_FLAG                                   0x20000067   Data           1  function_task.o(.data)
    Q_FLAG                                   0x20000068   Data           1  function_task.o(.data)
    .data                                    0x2000006c   Section        4  start_task.o(.data)
    .data                                    0x20000070   Section      105  motor_control_task.o(.data)
    Init_Flag                                0x200000d8   Data           1  motor_control_task.o(.data)
    .data                                    0x200000dc   Section        4  ui_task.o(.data)
    .data                                    0x200000e0   Section        4  clamp_y_p_r_task.o(.data)
    .data                                    0x200000e4   Section       18  remotecontrol.o(.data)
    this_time_rx_len                         0x200000f4   Data           2  remotecontrol.o(.data)
    .data                                    0x200000f6   Section        2  can_receive.o(.data)
    i                                        0x200000f7   Data           1  can_receive.o(.data)
    .data                                    0x200000f8   Section        4  time7.o(.data)
    .data                                    0x200000fc   Section       21  usart6.o(.data)
    .data                                    0x20000114   Section        8  delay.o(.data)
    fac_us                                   0x20000114   Data           1  delay.o(.data)
    fac_ms                                   0x20000118   Data           4  delay.o(.data)
    .data                                    0x2000011c   Section       20  system_stm32f4xx.o(.data)
    .data                                    0x20000130   Section       16  stm32f4xx_rcc.o(.data)
    APBAHBPrescTable                         0x20000130   Data          16  stm32f4xx_rcc.o(.data)
    .data                                    0x20000140   Section       60  tasks.o(.data)
    pxDelayedTaskList                        0x20000144   Data           4  tasks.o(.data)
    pxOverflowDelayedTaskList                0x20000148   Data           4  tasks.o(.data)
    uxDeletedTasksWaitingCleanUp             0x2000014c   Data           4  tasks.o(.data)
    uxCurrentNumberOfTasks                   0x20000150   Data           4  tasks.o(.data)
    xTickCount                               0x20000154   Data           4  tasks.o(.data)
    uxTopReadyPriority                       0x20000158   Data           4  tasks.o(.data)
    xSchedulerRunning                        0x2000015c   Data           4  tasks.o(.data)
    uxPendedTicks                            0x20000160   Data           4  tasks.o(.data)
    xYieldPending                            0x20000164   Data           4  tasks.o(.data)
    xNumOfOverflows                          0x20000168   Data           4  tasks.o(.data)
    uxTaskNumber                             0x2000016c   Data           4  tasks.o(.data)
    xNextTaskUnblockTime                     0x20000170   Data           4  tasks.o(.data)
    xIdleTaskHandle                          0x20000174   Data           4  tasks.o(.data)
    uxSchedulerSuspended                     0x20000178   Data           4  tasks.o(.data)
    .data                                    0x2000017c   Section       20  timers.o(.data)
    pxCurrentTimerList                       0x2000017c   Data           4  timers.o(.data)
    pxOverflowTimerList                      0x20000180   Data           4  timers.o(.data)
    xTimerQueue                              0x20000184   Data           4  timers.o(.data)
    xTimerTaskHandle                         0x20000188   Data           4  timers.o(.data)
    xLastTime                                0x2000018c   Data           4  timers.o(.data)
    .data                                    0x20000190   Section       12  port.o(.data)
    uxCriticalNesting                        0x20000190   Data           4  port.o(.data)
    ucMaxSysCallPriority                     0x20000194   Data           1  port.o(.data)
    ulMaxPRIGROUPValue                       0x20000198   Data           4  port.o(.data)
    .data                                    0x2000019c   Section       24  heap_4.o(.data)
    xStart                                   0x2000019c   Data           8  heap_4.o(.data)
    pxEnd                                    0x200001a4   Data           4  heap_4.o(.data)
    xFreeBytesRemaining                      0x200001a8   Data           4  heap_4.o(.data)
    xMinimumEverFreeBytesRemaining           0x200001ac   Data           4  heap_4.o(.data)
    xBlockAllocatedBit                       0x200001b0   Data           4  heap_4.o(.data)
    .data                                    0x200001b4   Section       34  judgement_info.o(.data)
    datalength                               0x200001d2   Data           1  judgement_info.o(.data)
    i                                        0x200001d3   Data           1  judgement_info.o(.data)
    datalength                               0x200001d4   Data           1  judgement_info.o(.data)
    i                                        0x200001d5   Data           1  judgement_info.o(.data)
    .data                                    0x200001d6   Section        2  protocol.o(.data)
    .data                                    0x200001d8   Section       18  rm_cilent_ui.o(.data)
    .bss                                     0x200001ec   Section       16  main.o(.bss)
    .bss                                     0x200001fc   Section      468  detect_task.o(.bss)
    errorList                                0x200001fc   Data         468  detect_task.o(.bss)
    .bss                                     0x200003d0   Section       80  function_task.o(.bss)
    .bss                                     0x20000420   Section      800  motor_control_task.o(.bss)
    .bss                                     0x20000740   Section      420  ui_task.o(.bss)
    .bss                                     0x200008e4   Section       94  remotecontrol.o(.bss)
    SBUS_rx_buf                              0x200008e4   Data          72  remotecontrol.o(.bss)
    .bss                                     0x20000944   Section      180  can_receive.o(.bss)
    up_motor                                 0x20000944   Data          56  can_receive.o(.bss)
    clamp_P_motor                            0x2000097c   Data          28  can_receive.o(.bss)
    clamp_Y_motor                            0x20000998   Data          28  can_receive.o(.bss)
    clamp_R_motor                            0x200009b4   Data          28  can_receive.o(.bss)
    rx1_message                              0x200009d0   Data          20  can_receive.o(.bss)
    rx2_message                              0x200009e4   Data          20  can_receive.o(.bss)
    .bss                                     0x200009f8   Section      100  usart6.o(.bss)
    .bss                                     0x20000a5c   Section       64  queue.o(.bss)
    .bss                                     0x20000a9c   Section      740  tasks.o(.bss)
    pxReadyTasksLists                        0x20000a9c   Data         640  tasks.o(.bss)
    xDelayedTaskList1                        0x20000d1c   Data          20  tasks.o(.bss)
    xDelayedTaskList2                        0x20000d30   Data          20  tasks.o(.bss)
    xPendingReadyList                        0x20000d44   Data          20  tasks.o(.bss)
    xTasksWaitingTermination                 0x20000d58   Data          20  tasks.o(.bss)
    xSuspendedTaskList                       0x20000d6c   Data          20  tasks.o(.bss)
    .bss                                     0x20000d80   Section       40  timers.o(.bss)
    xActiveTimerList1                        0x20000d80   Data          20  timers.o(.bss)
    xActiveTimerList2                        0x20000d94   Data          20  timers.o(.bss)
    .bss                                     0x20000da8   Section    40960  heap_4.o(.bss)
    ucHeap                                   0x20000da8   Data       40960  heap_4.o(.bss)
    .bss                                     0x2000ada8   Section      555  judgement_info.o(.bss)
    STACK                                    0x2000afd8   Section     2048  startup_stm32f40_41xxx.o(STACK)

    Global Symbols

    Symbol Name                              Value     Ov Type        Size  Object(Section)

    BuildAttributes$$THM_ISAv4$E$P$D$K$B$S$7EM$VFPi3$EXTD16$VFPS$VFMA$PE$A:L22UL41UL21$X:L11$S22US41US21$IEEE1$IW$USESV6$~STKCKD$USESV7$~SHL$OTIME$ROPI$IEEEX$EBA8$MICROLIB$REQ8$PRES8$EABIv2 0x00000000   Number         0  anon$$obj.o ABSOLUTE
    __ARM_use_no_argv                        0x00000000   Number         0  main.o ABSOLUTE
    __use_no_errno                           0x00000000   Number         0  useno.o ABSOLUTE
    __use_no_exception_handling              0x00000000   Number         0  useno.o ABSOLUTE
    __use_no_fp                              0x00000000   Number         0  useno.o ABSOLUTE
    __use_no_heap                            0x00000000   Number         0  useno.o ABSOLUTE
    __use_no_heap_region                     0x00000000   Number         0  useno.o ABSOLUTE
    __use_no_semihosting                     0x00000000   Number         0  useno.o ABSOLUTE
    __use_no_semihosting_swi                 0x00000000   Number         0  useno.o ABSOLUTE
    __use_no_signal_handling                 0x00000000   Number         0  useno.o ABSOLUTE
    _printf_a                                0x00000000   Number         0  stubs.o ABSOLUTE
    _printf_c                                0x00000000   Number         0  stubs.o ABSOLUTE
    _printf_charcount                        0x00000000   Number         0  stubs.o ABSOLUTE
    _printf_d                                0x00000000   Number         0  stubs.o ABSOLUTE
    _printf_e                                0x00000000   Number         0  stubs.o ABSOLUTE
    _printf_f                                0x00000000   Number         0  stubs.o ABSOLUTE
    _printf_flags                            0x00000000   Number         0  stubs.o ABSOLUTE
    _printf_fp_dec                           0x00000000   Number         0  stubs.o ABSOLUTE
    _printf_fp_hex                           0x00000000   Number         0  stubs.o ABSOLUTE
    _printf_g                                0x00000000   Number         0  stubs.o ABSOLUTE
    _printf_i                                0x00000000   Number         0  stubs.o ABSOLUTE
    _printf_int_dec                          0x00000000   Number         0  stubs.o ABSOLUTE
    _printf_l                                0x00000000   Number         0  stubs.o ABSOLUTE
    _printf_lc                               0x00000000   Number         0  stubs.o ABSOLUTE
    _printf_ll                               0x00000000   Number         0  stubs.o ABSOLUTE
    _printf_lld                              0x00000000   Number         0  stubs.o ABSOLUTE
    _printf_lli                              0x00000000   Number         0  stubs.o ABSOLUTE
    _printf_llo                              0x00000000   Number         0  stubs.o ABSOLUTE
    _printf_llu                              0x00000000   Number         0  stubs.o ABSOLUTE
    _printf_llx                              0x00000000   Number         0  stubs.o ABSOLUTE
    _printf_longlong_dec                     0x00000000   Number         0  stubs.o ABSOLUTE
    _printf_longlong_hex                     0x00000000   Number         0  stubs.o ABSOLUTE
    _printf_longlong_oct                     0x00000000   Number         0  stubs.o ABSOLUTE
    _printf_ls                               0x00000000   Number         0  stubs.o ABSOLUTE
    _printf_mbtowc                           0x00000000   Number         0  stubs.o ABSOLUTE
    _printf_n                                0x00000000   Number         0  stubs.o ABSOLUTE
    _printf_o                                0x00000000   Number         0  stubs.o ABSOLUTE
    _printf_p                                0x00000000   Number         0  stubs.o ABSOLUTE
    _printf_percent                          0x00000000   Number         0  stubs.o ABSOLUTE
    _printf_pre_padding                      0x00000000   Number         0  stubs.o ABSOLUTE
    _printf_return_value                     0x00000000   Number         0  stubs.o ABSOLUTE
    _printf_s                                0x00000000   Number         0  stubs.o ABSOLUTE
    _printf_sizespec                         0x00000000   Number         0  stubs.o ABSOLUTE
    _printf_str                              0x00000000   Number         0  stubs.o ABSOLUTE
    _printf_truncate_signed                  0x00000000   Number         0  stubs.o ABSOLUTE
    _printf_truncate_unsigned                0x00000000   Number         0  stubs.o ABSOLUTE
    _printf_u                                0x00000000   Number         0  stubs.o ABSOLUTE
    _printf_wc                               0x00000000   Number         0  stubs.o ABSOLUTE
    _printf_wctomb                           0x00000000   Number         0  stubs.o ABSOLUTE
    _printf_widthprec                        0x00000000   Number         0  stubs.o ABSOLUTE
    _printf_x                                0x00000000   Number         0  stubs.o ABSOLUTE
    __arm_fini_                               - Undefined Weak Reference
    __cpp_initialize__aeabi_                  - Undefined Weak Reference
    __cxa_finalize                            - Undefined Weak Reference
    _clock_init                               - Undefined Weak Reference
    _microlib_exit                            - Undefined Weak Reference
    __Vectors_Size                           0x00000188   Number         0  startup_stm32f40_41xxx.o ABSOLUTE
    __Vectors                                0x08000000   Data           4  startup_stm32f40_41xxx.o(RESET)
    __Vectors_End                            0x08000188   Data           0  startup_stm32f40_41xxx.o(RESET)
    __main                                   0x08000189   Thumb Code     0  entry.o(.ARM.Collect$$$$00000000)
    _main_stk                                0x08000189   Thumb Code     0  entry2.o(.ARM.Collect$$$$00000001)
    _main_scatterload                        0x0800018d   Thumb Code     0  entry5.o(.ARM.Collect$$$$00000004)
    __main_after_scatterload                 0x08000191   Thumb Code     0  entry5.o(.ARM.Collect$$$$00000004)
    _main_clock                              0x08000191   Thumb Code     0  entry7b.o(.ARM.Collect$$$$00000008)
    _main_cpp_init                           0x08000191   Thumb Code     0  entry8b.o(.ARM.Collect$$$$0000000A)
    _main_init                               0x08000191   Thumb Code     0  entry9a.o(.ARM.Collect$$$$0000000B)
    __rt_lib_shutdown_fini                   0x08000199   Thumb Code     0  entry12b.o(.ARM.Collect$$$$0000000E)
    __rt_final_cpp                           0x0800019d   Thumb Code     0  entry10a.o(.ARM.Collect$$$$0000000F)
    __rt_final_exit                          0x0800019d   Thumb Code     0  entry11a.o(.ARM.Collect$$$$00000011)
    SVC_Handler                              0x080001a1   Thumb Code    28  port.o(.emb_text)
    __asm___6_port_c_39a90d8d__prvStartFirstTask 0x080001c1   Thumb Code    28  port.o(.emb_text)
    __asm___6_port_c_39a90d8d__prvEnableVFP  0x080001e1   Thumb Code    16  port.o(.emb_text)
    PendSV_Handler                           0x080001f5   Thumb Code    88  port.o(.emb_text)
    vPortGetIPSR                             0x08000251   Thumb Code     6  port.o(.emb_text)
    Reset_Handler                            0x08000259   Thumb Code     8  startup_stm32f40_41xxx.o(.text)
    ADC_IRQHandler                           0x08000273   Thumb Code     0  startup_stm32f40_41xxx.o(.text)
    CAN1_RX1_IRQHandler                      0x08000273   Thumb Code     0  startup_stm32f40_41xxx.o(.text)
    CAN1_SCE_IRQHandler                      0x08000273   Thumb Code     0  startup_stm32f40_41xxx.o(.text)
    CAN1_TX_IRQHandler                       0x08000273   Thumb Code     0  startup_stm32f40_41xxx.o(.text)
    CAN2_RX0_IRQHandler                      0x08000273   Thumb Code     0  startup_stm32f40_41xxx.o(.text)
    CAN2_SCE_IRQHandler                      0x08000273   Thumb Code     0  startup_stm32f40_41xxx.o(.text)
    CAN2_TX_IRQHandler                       0x08000273   Thumb Code     0  startup_stm32f40_41xxx.o(.text)
    CRYP_IRQHandler                          0x08000273   Thumb Code     0  startup_stm32f40_41xxx.o(.text)
    DCMI_IRQHandler                          0x08000273   Thumb Code     0  startup_stm32f40_41xxx.o(.text)
    DMA1_Stream0_IRQHandler                  0x08000273   Thumb Code     0  startup_stm32f40_41xxx.o(.text)
    DMA1_Stream1_IRQHandler                  0x08000273   Thumb Code     0  startup_stm32f40_41xxx.o(.text)
    DMA1_Stream2_IRQHandler                  0x08000273   Thumb Code     0  startup_stm32f40_41xxx.o(.text)
    DMA1_Stream3_IRQHandler                  0x08000273   Thumb Code     0  startup_stm32f40_41xxx.o(.text)
    DMA1_Stream4_IRQHandler                  0x08000273   Thumb Code     0  startup_stm32f40_41xxx.o(.text)
    DMA1_Stream5_IRQHandler                  0x08000273   Thumb Code     0  startup_stm32f40_41xxx.o(.text)
    DMA1_Stream6_IRQHandler                  0x08000273   Thumb Code     0  startup_stm32f40_41xxx.o(.text)
    DMA1_Stream7_IRQHandler                  0x08000273   Thumb Code     0  startup_stm32f40_41xxx.o(.text)
    DMA2_Stream0_IRQHandler                  0x08000273   Thumb Code     0  startup_stm32f40_41xxx.o(.text)
    DMA2_Stream1_IRQHandler                  0x08000273   Thumb Code     0  startup_stm32f40_41xxx.o(.text)
    DMA2_Stream2_IRQHandler                  0x08000273   Thumb Code     0  startup_stm32f40_41xxx.o(.text)
    DMA2_Stream3_IRQHandler                  0x08000273   Thumb Code     0  startup_stm32f40_41xxx.o(.text)
    DMA2_Stream4_IRQHandler                  0x08000273   Thumb Code     0  startup_stm32f40_41xxx.o(.text)
    DMA2_Stream5_IRQHandler                  0x08000273   Thumb Code     0  startup_stm32f40_41xxx.o(.text)
    DMA2_Stream6_IRQHandler                  0x08000273   Thumb Code     0  startup_stm32f40_41xxx.o(.text)
    DMA2_Stream7_IRQHandler                  0x08000273   Thumb Code     0  startup_stm32f40_41xxx.o(.text)
    ETH_IRQHandler                           0x08000273   Thumb Code     0  startup_stm32f40_41xxx.o(.text)
    ETH_WKUP_IRQHandler                      0x08000273   Thumb Code     0  startup_stm32f40_41xxx.o(.text)
    EXTI0_IRQHandler                         0x08000273   Thumb Code     0  startup_stm32f40_41xxx.o(.text)
    EXTI15_10_IRQHandler                     0x08000273   Thumb Code     0  startup_stm32f40_41xxx.o(.text)
    EXTI1_IRQHandler                         0x08000273   Thumb Code     0  startup_stm32f40_41xxx.o(.text)
    EXTI2_IRQHandler                         0x08000273   Thumb Code     0  startup_stm32f40_41xxx.o(.text)
    EXTI3_IRQHandler                         0x08000273   Thumb Code     0  startup_stm32f40_41xxx.o(.text)
    EXTI4_IRQHandler                         0x08000273   Thumb Code     0  startup_stm32f40_41xxx.o(.text)
    EXTI9_5_IRQHandler                       0x08000273   Thumb Code     0  startup_stm32f40_41xxx.o(.text)
    FLASH_IRQHandler                         0x08000273   Thumb Code     0  startup_stm32f40_41xxx.o(.text)
    FPU_IRQHandler                           0x08000273   Thumb Code     0  startup_stm32f40_41xxx.o(.text)
    FSMC_IRQHandler                          0x08000273   Thumb Code     0  startup_stm32f40_41xxx.o(.text)
    HASH_RNG_IRQHandler                      0x08000273   Thumb Code     0  startup_stm32f40_41xxx.o(.text)
    I2C1_ER_IRQHandler                       0x08000273   Thumb Code     0  startup_stm32f40_41xxx.o(.text)
    I2C1_EV_IRQHandler                       0x08000273   Thumb Code     0  startup_stm32f40_41xxx.o(.text)
    I2C2_ER_IRQHandler                       0x08000273   Thumb Code     0  startup_stm32f40_41xxx.o(.text)
    I2C2_EV_IRQHandler                       0x08000273   Thumb Code     0  startup_stm32f40_41xxx.o(.text)
    I2C3_ER_IRQHandler                       0x08000273   Thumb Code     0  startup_stm32f40_41xxx.o(.text)
    I2C3_EV_IRQHandler                       0x08000273   Thumb Code     0  startup_stm32f40_41xxx.o(.text)
    OTG_FS_IRQHandler                        0x08000273   Thumb Code     0  startup_stm32f40_41xxx.o(.text)
    OTG_FS_WKUP_IRQHandler                   0x08000273   Thumb Code     0  startup_stm32f40_41xxx.o(.text)
    OTG_HS_EP1_IN_IRQHandler                 0x08000273   Thumb Code     0  startup_stm32f40_41xxx.o(.text)
    OTG_HS_EP1_OUT_IRQHandler                0x08000273   Thumb Code     0  startup_stm32f40_41xxx.o(.text)
    OTG_HS_IRQHandler                        0x08000273   Thumb Code     0  startup_stm32f40_41xxx.o(.text)
    OTG_HS_WKUP_IRQHandler                   0x08000273   Thumb Code     0  startup_stm32f40_41xxx.o(.text)
    PVD_IRQHandler                           0x08000273   Thumb Code     0  startup_stm32f40_41xxx.o(.text)
    RCC_IRQHandler                           0x08000273   Thumb Code     0  startup_stm32f40_41xxx.o(.text)
    RTC_Alarm_IRQHandler                     0x08000273   Thumb Code     0  startup_stm32f40_41xxx.o(.text)
    RTC_WKUP_IRQHandler                      0x08000273   Thumb Code     0  startup_stm32f40_41xxx.o(.text)
    SDIO_IRQHandler                          0x08000273   Thumb Code     0  startup_stm32f40_41xxx.o(.text)
    SPI1_IRQHandler                          0x08000273   Thumb Code     0  startup_stm32f40_41xxx.o(.text)
    SPI2_IRQHandler                          0x08000273   Thumb Code     0  startup_stm32f40_41xxx.o(.text)
    SPI3_IRQHandler                          0x08000273   Thumb Code     0  startup_stm32f40_41xxx.o(.text)
    TAMP_STAMP_IRQHandler                    0x08000273   Thumb Code     0  startup_stm32f40_41xxx.o(.text)
    TIM1_BRK_TIM9_IRQHandler                 0x08000273   Thumb Code     0  startup_stm32f40_41xxx.o(.text)
    TIM1_CC_IRQHandler                       0x08000273   Thumb Code     0  startup_stm32f40_41xxx.o(.text)
    TIM1_TRG_COM_TIM11_IRQHandler            0x08000273   Thumb Code     0  startup_stm32f40_41xxx.o(.text)
    TIM1_UP_TIM10_IRQHandler                 0x08000273   Thumb Code     0  startup_stm32f40_41xxx.o(.text)
    TIM2_IRQHandler                          0x08000273   Thumb Code     0  startup_stm32f40_41xxx.o(.text)
    TIM3_IRQHandler                          0x08000273   Thumb Code     0  startup_stm32f40_41xxx.o(.text)
    TIM4_IRQHandler                          0x08000273   Thumb Code     0  startup_stm32f40_41xxx.o(.text)
    TIM5_IRQHandler                          0x08000273   Thumb Code     0  startup_stm32f40_41xxx.o(.text)
    TIM6_DAC_IRQHandler                      0x08000273   Thumb Code     0  startup_stm32f40_41xxx.o(.text)
    TIM8_BRK_TIM12_IRQHandler                0x08000273   Thumb Code     0  startup_stm32f40_41xxx.o(.text)
    TIM8_CC_IRQHandler                       0x08000273   Thumb Code     0  startup_stm32f40_41xxx.o(.text)
    TIM8_TRG_COM_TIM14_IRQHandler            0x08000273   Thumb Code     0  startup_stm32f40_41xxx.o(.text)
    TIM8_UP_TIM13_IRQHandler                 0x08000273   Thumb Code     0  startup_stm32f40_41xxx.o(.text)
    UART4_IRQHandler                         0x08000273   Thumb Code     0  startup_stm32f40_41xxx.o(.text)
    UART5_IRQHandler                         0x08000273   Thumb Code     0  startup_stm32f40_41xxx.o(.text)
    USART1_IRQHandler                        0x08000273   Thumb Code     0  startup_stm32f40_41xxx.o(.text)
    USART3_IRQHandler                        0x08000273   Thumb Code     0  startup_stm32f40_41xxx.o(.text)
    WWDG_IRQHandler                          0x08000273   Thumb Code     0  startup_stm32f40_41xxx.o(.text)
    __aeabi_memcpy                           0x0800027d   Thumb Code    36  memcpya.o(.text)
    __aeabi_memcpy4                          0x0800027d   Thumb Code     0  memcpya.o(.text)
    __aeabi_memcpy8                          0x0800027d   Thumb Code     0  memcpya.o(.text)
    __aeabi_memset                           0x080002a1   Thumb Code    14  memseta.o(.text)
    __aeabi_memset4                          0x080002a1   Thumb Code     0  memseta.o(.text)
    __aeabi_memset8                          0x080002a1   Thumb Code     0  memseta.o(.text)
    __aeabi_memclr                           0x080002af   Thumb Code     4  memseta.o(.text)
    __aeabi_memclr4                          0x080002af   Thumb Code     0  memseta.o(.text)
    __aeabi_memclr8                          0x080002af   Thumb Code     0  memseta.o(.text)
    _memset$wrapper                          0x080002b3   Thumb Code    18  memseta.o(.text)
    __aeabi_f2d                              0x080002c5   Thumb Code    38  f2d.o(.text)
    __aeabi_cdcmpeq                          0x080002ed   Thumb Code     0  cdcmple.o(.text)
    __aeabi_cdcmple                          0x080002ed   Thumb Code    48  cdcmple.o(.text)
    __aeabi_uidiv                            0x0800031d   Thumb Code     0  uidiv.o(.text)
    __aeabi_uidivmod                         0x0800031d   Thumb Code    44  uidiv.o(.text)
    __I$use$fp                               0x08000349   Thumb Code     0  iusefp.o(.text)
    __scatterload                            0x08000349   Thumb Code    28  init.o(.text)
    __scatterload_rt2                        0x08000349   Thumb Code     0  init.o(.text)
    __decompress                             0x0800036d   Thumb Code     0  __dczerorl2.o(.text)
    __decompress1                            0x0800036d   Thumb Code    86  __dczerorl2.o(.text)
    ALL_RESET                                0x080003c5   Thumb Code   154  function_task.o(i.ALL_RESET)
    Air_Cylinder                             0x08000481   Thumb Code    58  gpio.o(i.Air_Cylinder)
    BusFault_Handler                         0x08000721   Thumb Code     4  stm32f4xx_it.o(i.BusFault_Handler)
    CAN1_CMD_Control                         0x08000725   Thumb Code    94  can_receive.o(i.CAN1_CMD_Control)
    CAN1_RX0_IRQHandler                      0x08000789   Thumb Code    38  can_receive.o(i.CAN1_RX0_IRQHandler)
    CAN1_YR_Control                          0x080007b9   Thumb Code    94  can_receive.o(i.CAN1_YR_Control)
    CAN1_mode_init                           0x0800081d   Thumb Code   282  can.o(i.CAN1_mode_init)
    CAN2_RX1_IRQHandler                      0x08000941   Thumb Code    38  can_receive.o(i.CAN2_RX1_IRQHandler)
    CAN2_mode_init                           0x08000971   Thumb Code   282  can.o(i.CAN2_mode_init)
    CAN_ClearITPendingBit                    0x08000a99   Thumb Code   162  stm32f4xx_can.o(i.CAN_ClearITPendingBit)
    CAN_FilterInit                           0x08000b41   Thumb Code   258  stm32f4xx_can.o(i.CAN_FilterInit)
    CAN_GetITStatus                          0x08000c49   Thumb Code   284  stm32f4xx_can.o(i.CAN_GetITStatus)
    CAN_ITConfig                             0x08000d69   Thumb Code    18  stm32f4xx_can.o(i.CAN_ITConfig)
    CAN_Init                                 0x08000d7b   Thumb Code   276  stm32f4xx_can.o(i.CAN_Init)
    CAN_Receive                              0x08000e8f   Thumb Code   240  stm32f4xx_can.o(i.CAN_Receive)
    CAN_Transmit                             0x08000f7f   Thumb Code   294  stm32f4xx_can.o(i.CAN_Transmit)
    Clamp_R_Turn_To_Point                    0x08001509   Thumb Code   148  motor_control_task.o(i.Clamp_R_Turn_To_Point)
    Clamp_Turn_To_Point                      0x080015ad   Thumb Code   148  motor_control_task.o(i.Clamp_Turn_To_Point)
    Clamp_Y_P_R_task                         0x08001651   Thumb Code    16  clamp_y_p_r_task.o(i.Clamp_Y_P_R_task)
    Clamp_Y_Turn_To_Point                    0x08001665   Thumb Code   148  motor_control_task.o(i.Clamp_Y_Turn_To_Point)
    DMA_ClearFlag                            0x08001709   Thumb Code    38  stm32f4xx_dma.o(i.DMA_ClearFlag)
    DMA_Cmd                                  0x0800173d   Thumb Code    22  stm32f4xx_dma.o(i.DMA_Cmd)
    DMA_GetCurrDataCounter                   0x08001753   Thumb Code     8  stm32f4xx_dma.o(i.DMA_GetCurrDataCounter)
    DMA_GetCurrentMemoryTarget               0x0800175b   Thumb Code    20  stm32f4xx_dma.o(i.DMA_GetCurrentMemoryTarget)
    DMA_SetCurrDataCounter                   0x0800176f   Thumb Code     4  stm32f4xx_dma.o(i.DMA_SetCurrDataCounter)
    DebugMon_Handler                         0x08001773   Thumb Code     2  stm32f4xx_it.o(i.DebugMon_Handler)
    DetectHook                               0x08001775   Thumb Code   288  detect_task.o(i.DetectHook)
    Function_Control_Init                    0x08001c8d   Thumb Code   136  function_task.o(i.Function_Control_Init)
    Function_Mode_Set                        0x08001d35   Thumb Code  1064  function_task.o(i.Function_Mode_Set)
    Function_task                            0x0800215d   Thumb Code    40  function_task.o(i.Function_task)
    GPIO_Init                                0x08002191   Thumb Code   144  stm32f4xx_gpio.o(i.GPIO_Init)
    GPIO_PinAFConfig                         0x08002221   Thumb Code    70  stm32f4xx_gpio.o(i.GPIO_PinAFConfig)
    GPIO_ReadInputDataBit                    0x08002267   Thumb Code    18  stm32f4xx_gpio.o(i.GPIO_ReadInputDataBit)
    GPIO_ResetBits                           0x08002279   Thumb Code     4  stm32f4xx_gpio.o(i.GPIO_ResetBits)
    GPIO_SetBits                             0x0800227d   Thumb Code     4  stm32f4xx_gpio.o(i.GPIO_SetBits)
    GPIO_ToggleBits                          0x08002281   Thumb Code     8  stm32f4xx_gpio.o(i.GPIO_ToggleBits)
    Get_CRC16_Check_Sum_UI                   0x08002289   Thumb Code    46  rm_cilent_ui.o(i.Get_CRC16_Check_Sum_UI)
    Get_CRC8_Check_Sum_UI                    0x080022bd   Thumb Code    30  rm_cilent_ui.o(i.Get_CRC8_Check_Sum_UI)
    Get_KEY_Data                             0x080022e1   Thumb Code    40  remotecontrol.o(i.Get_KEY_Data)
    Get_RC_Data                              0x08002309   Thumb Code   140  remotecontrol.o(i.Get_RC_Data)
    HardFault_Handler                        0x080023a1   Thumb Code     4  stm32f4xx_it.o(i.HardFault_Handler)
    Judge_DataVerify                         0x080023a5   Thumb Code    32  usart6.o(i.Judge_DataVerify)
    Key1                                     0x080023c5   Thumb Code    40  gpio.o(i.Key1)
    Key_Init                                 0x080023f1   Thumb Code    46  gpio.o(i.Key_Init)
    Laser_Init                               0x08002425   Thumb Code    46  gpio.o(i.Laser_Init)
    Line_Draw                                0x08002459   Thumb Code   148  rm_cilent_ui.o(i.Line_Draw)
    MemManage_Handler                        0x080024ed   Thumb Code     4  stm32f4xx_it.o(i.MemManage_Handler)
    Mode_Change                              0x080024f1   Thumb Code   550  motor_control_task.o(i.Mode_Change)
    Motor_Control                            0x08002735   Thumb Code    22  motor_control_task.o(i.Motor_Control)
    Motor_Init                               0x08002751   Thumb Code   386  motor_control_task.o(i.Motor_Init)
    NMI_Handler                              0x0800292d   Thumb Code     2  stm32f4xx_it.o(i.NMI_Handler)
    NVIC_Init                                0x08002931   Thumb Code   106  misc.o(i.NVIC_Init)
    NVIC_PriorityGroupConfig                 0x080029a9   Thumb Code    10  misc.o(i.NVIC_PriorityGroupConfig)
    PID_Calc                                 0x080029bd   Thumb Code   492  pid.o(i.PID_Calc)
    PID_Init                                 0x08002bad   Thumb Code    92  pid.o(i.PID_Init)
    PID_OUTPUT                               0x08002c0d   Thumb Code   402  motor_control_task.o(i.PID_OUTPUT)
    RCC_AHB1PeriphClockCmd                   0x080034b1   Thumb Code    26  stm32f4xx_rcc.o(i.RCC_AHB1PeriphClockCmd)
    RCC_APB1PeriphClockCmd                   0x080034d1   Thumb Code    26  stm32f4xx_rcc.o(i.RCC_APB1PeriphClockCmd)
    RCC_APB1PeriphResetCmd                   0x080034f1   Thumb Code    26  stm32f4xx_rcc.o(i.RCC_APB1PeriphResetCmd)
    RCC_APB2PeriphClockCmd                   0x08003511   Thumb Code    26  stm32f4xx_rcc.o(i.RCC_APB2PeriphClockCmd)
    RCC_GetClocksFreq                        0x08003531   Thumb Code   214  stm32f4xx_rcc.o(i.RCC_GetClocksFreq)
    Reomte_Mode_Set                          0x0800361d   Thumb Code   176  function_task.o(i.Reomte_Mode_Set)
    SysTick_CLKSourceConfig                  0x080038a5   Thumb Code    40  misc.o(i.SysTick_CLKSourceConfig)
    SysTick_Handler                          0x080038cd   Thumb Code    16  delay.o(i.SysTick_Handler)
    SystemInit                               0x080038dd   Thumb Code    88  system_stm32f4xx.o(i.SystemInit)
    System_Init                              0x08003945   Thumb Code    92  start_task.o(i.System_Init)
    TIM7_BAS_Init                            0x080039a1   Thumb Code    84  time7.o(i.TIM7_BAS_Init)
    TIM7_IRQHandler                          0x080039f9   Thumb Code    34  time7.o(i.TIM7_IRQHandler)
    TIM_ClearITPendingBit                    0x08003a25   Thumb Code     6  stm32f4xx_tim.o(i.TIM_ClearITPendingBit)
    TIM_Cmd                                  0x08003a2b   Thumb Code    24  stm32f4xx_tim.o(i.TIM_Cmd)
    TIM_GetITStatus                          0x08003a43   Thumb Code    34  stm32f4xx_tim.o(i.TIM_GetITStatus)
    TIM_ITConfig                             0x08003a65   Thumb Code    18  stm32f4xx_tim.o(i.TIM_ITConfig)
    TIM_TimeBaseInit                         0x08003a79   Thumb Code   104  stm32f4xx_tim.o(i.TIM_TimeBaseInit)
    UI_ReFresh                               0x08003afd   Thumb Code   344  rm_cilent_ui.o(i.UI_ReFresh)
    UI_SendByte                              0x08003c61   Thumb Code    28  rm_cilent_ui.o(i.UI_SendByte)
    USART2_IRQHandler                        0x08003c81   Thumb Code   240  remotecontrol.o(i.USART2_IRQHandler)
    USART6_IRQHandler                        0x08003d89   Thumb Code   352  usart6.o(i.USART6_IRQHandler)
    USART6_Init                              0x08003ef9   Thumb Code   216  usart6.o(i.USART6_Init)
    USART_ClearITPendingBit                  0x08003fe1   Thumb Code    30  stm32f4xx_usart.o(i.USART_ClearITPendingBit)
    USART_Cmd                                0x08003fff   Thumb Code    24  stm32f4xx_usart.o(i.USART_Cmd)
    USART_GetFlagStatus                      0x08004017   Thumb Code    26  stm32f4xx_usart.o(i.USART_GetFlagStatus)
    USART_GetITStatus                        0x08004031   Thumb Code    84  stm32f4xx_usart.o(i.USART_GetITStatus)
    USART_ITConfig                           0x08004085   Thumb Code    74  stm32f4xx_usart.o(i.USART_ITConfig)
    USART_Init                               0x080040d1   Thumb Code   204  stm32f4xx_usart.o(i.USART_Init)
    USART_ReceiveData                        0x080041a5   Thumb Code    10  stm32f4xx_usart.o(i.USART_ReceiveData)
    USART_SendData                           0x080041af   Thumb Code     8  stm32f4xx_usart.o(i.USART_SendData)
    Up_Down_To_Point                         0x080041b9   Thumb Code   218  motor_control_task.o(i.Up_Down_To_Point)
    UsageFault_Handler                       0x080042a5   Thumb Code     4  stm32f4xx_it.o(i.UsageFault_Handler)
    Y_P_R_Mode_Set                           0x080042a9   Thumb Code   234  clamp_y_p_r_task.o(i.Y_P_R_Mode_Set)
    __0printf$3                              0x080043a9   Thumb Code    22  printf3.o(i.__0printf$3)
    __1printf$3                              0x080043a9   Thumb Code     0  printf3.o(i.__0printf$3)
    __2printf                                0x080043a9   Thumb Code     0  printf3.o(i.__0printf$3)
    __hardfp_fabs                            0x080043c9   Thumb Code    20  fabs.o(i.__hardfp_fabs)
    __scatterload_copy                       0x080043dd   Thumb Code    14  handlers.o(i.__scatterload_copy)
    __scatterload_null                       0x080043eb   Thumb Code     2  handlers.o(i.__scatterload_null)
    __scatterload_zeroinit                   0x080043ed   Thumb Code    14  handlers.o(i.__scatterload_zeroinit)
    delay_init                               0x080045b5   Thumb Code    58  delay.o(i.delay_init)
    delay_ms                                 0x080045f9   Thumb Code   136  delay.o(i.delay_ms)
    determine_ID                             0x08004685   Thumb Code    52  judgement_info.o(i.determine_ID)
    fputc                                    0x080046c5   Thumb Code    24  usart6.o(i.fputc)
    get_Clamp_P_Motor_Measure_Point          0x080046e1   Thumb Code     4  can_receive.o(i.get_Clamp_P_Motor_Measure_Point)
    get_Clamp_R_Motor_Measure_Point          0x080046e9   Thumb Code     4  can_receive.o(i.get_Clamp_R_Motor_Measure_Point)
    get_Clamp_Y_Motor_Measure_Point          0x080046f1   Thumb Code     4  can_receive.o(i.get_Clamp_Y_Motor_Measure_Point)
    get_Key_Can_Point                        0x080046f9   Thumb Code     4  can_receive.o(i.get_Key_Can_Point)
    get_Up_Motor_Measure_Point               0x08004701   Thumb Code    14  can_receive.o(i.get_Up_Motor_Measure_Point)
    get_crc16_check_sum                      0x08004715   Thumb Code    46  protocol.o(i.get_crc16_check_sum)
    get_crc8_check_sum                       0x08004749   Thumb Code    32  protocol.o(i.get_crc8_check_sum)
    get_remote_control_point                 0x0800476d   Thumb Code     4  remotecontrol.o(i.get_remote_control_point)
    is_red_or_blue                           0x08004775   Thumb Code    24  judgement_info.o(i.is_red_or_blue)
    judgement_data_handler                   0x08004795   Thumb Code   264  judgement_info.o(i.judgement_data_handler)
    main                                     0x080048d5   Thumb Code    18  main.o(i.main)
    pvPortMalloc                             0x08005409   Thumb Code   262  heap_4.o(i.pvPortMalloc)
    pvTaskIncrementMutexHeldCount            0x08005565   Thumb Code    26  tasks.o(i.pvTaskIncrementMutexHeldCount)
    pxPortInitialiseStack                    0x08005585   Thumb Code    38  port.o(i.pxPortInitialiseStack)
    start_task                               0x080055b1   Thumb Code    38  start_task.o(i.start_task)
    start_task_Create                        0x080055dd   Thumb Code    28  start_task.o(i.start_task_Create)
    task_Clamp_Y_P_R_Crate                   0x0800560d   Thumb Code    26  clamp_y_p_r_task.o(i.task_Clamp_Y_P_R_Crate)
    task_Mode_Change_Create                  0x08005645   Thumb Code    26  motor_control_task.o(i.task_Mode_Change_Create)
    task_Motor_Control_Create                0x08005675   Thumb Code    26  motor_control_task.o(i.task_Motor_Control_Create)
    task_function_Create                     0x080056a9   Thumb Code    26  function_task.o(i.task_function_Create)
    task_user_UI_Create                      0x080056dd   Thumb Code    26  ui_task.o(i.task_user_UI_Create)
    user_UI_Task                             0x08005711   Thumb Code  1508  ui_task.o(i.user_UI_Task)
    uxListRemove                             0x08005d49   Thumb Code    40  list.o(i.uxListRemove)
    vListInitialise                          0x08005d71   Thumb Code    26  list.o(i.vListInitialise)
    vListInitialiseItem                      0x08005d8b   Thumb Code     6  list.o(i.vListInitialiseItem)
    vListInsert                              0x08005d91   Thumb Code    52  list.o(i.vListInsert)
    vListInsertEnd                           0x08005dc5   Thumb Code    24  list.o(i.vListInsertEnd)
    vPortEnterCritical                       0x08005ddd   Thumb Code    68  port.o(i.vPortEnterCritical)
    vPortExitCritical                        0x08005e6d   Thumb Code    48  port.o(i.vPortExitCritical)
    vPortFree                                0x08005ee5   Thumb Code   120  heap_4.o(i.vPortFree)
    vPortSetupTimerInterrupt                 0x08005fa5   Thumb Code    26  port.o(i.vPortSetupTimerInterrupt)
    vPortValidateInterruptPriority           0x08005fc5   Thumb Code    86  port.o(i.vPortValidateInterruptPriority)
    vQueueAddToRegistry                      0x0800606d   Thumb Code    38  queue.o(i.vQueueAddToRegistry)
    vQueueWaitForMessageRestricted           0x08006099   Thumb Code    74  queue.o(i.vQueueWaitForMessageRestricted)
    vTaskDelay                               0x080060e5   Thumb Code    72  tasks.o(i.vTaskDelay)
    vTaskDelete                              0x08006161   Thumb Code   192  tasks.o(i.vTaskDelete)
    vTaskMissedYield                         0x08006275   Thumb Code     8  tasks.o(i.vTaskMissedYield)
    vTaskPlaceOnEventList                    0x08006281   Thumb Code    42  tasks.o(i.vTaskPlaceOnEventList)
    vTaskPlaceOnEventListRestricted          0x080062dd   Thumb Code    50  tasks.o(i.vTaskPlaceOnEventListRestricted)
    vTaskPriorityInherit                     0x08006341   Thumb Code   164  tasks.o(i.vTaskPriorityInherit)
    vTaskSetTimeOutState                     0x080063f1   Thumb Code    32  tasks.o(i.vTaskSetTimeOutState)
    vTaskStartScheduler                      0x08006445   Thumb Code   108  tasks.o(i.vTaskStartScheduler)
    vTaskSuspendAll                          0x080064f9   Thumb Code    12  tasks.o(i.vTaskSuspendAll)
    vTaskSwitchContext                       0x08006509   Thumb Code   110  tasks.o(i.vTaskSwitchContext)
    verify_crc16_check_sum                   0x080065b9   Thumb Code    60  protocol.o(i.verify_crc16_check_sum)
    verify_crc8_check_sum                    0x080065f9   Thumb Code    48  protocol.o(i.verify_crc8_check_sum)
    xPortStartScheduler                      0x08006629   Thumb Code   258  port.o(i.xPortStartScheduler)
    xPortSysTickHandler                      0x0800678d   Thumb Code    46  port.o(i.xPortSysTickHandler)
    xQueueGenericCreate                      0x080067c1   Thumb Code    78  queue.o(i.xQueueGenericCreate)
    xQueueGenericReceive                     0x0800683d   Thumb Code   416  queue.o(i.xQueueGenericReceive)
    xQueueGenericReset                       0x08006a0d   Thumb Code   136  queue.o(i.xQueueGenericReset)
    xQueueGenericSend                        0x08006ac5   Thumb Code   412  queue.o(i.xQueueGenericSend)
    xQueueGenericSendFromISR                 0x08006c91   Thumb Code   234  queue.o(i.xQueueGenericSendFromISR)
    xTaskCheckForTimeOut                     0x08006da9   Thumb Code   116  tasks.o(i.xTaskCheckForTimeOut)
    xTaskCreate                              0x08006e51   Thumb Code    96  tasks.o(i.xTaskCreate)
    xTaskGetSchedulerState                   0x08006eb1   Thumb Code    24  tasks.o(i.xTaskGetSchedulerState)
    xTaskGetTickCount                        0x08006ed1   Thumb Code     6  tasks.o(i.xTaskGetTickCount)
    xTaskIncrementTick                       0x08006edd   Thumb Code   272  tasks.o(i.xTaskIncrementTick)
    xTaskPriorityDisinherit                  0x08007045   Thumb Code   168  tasks.o(i.xTaskPriorityDisinherit)
    xTaskRemoveFromEventList                 0x08007125   Thumb Code   118  tasks.o(i.xTaskRemoveFromEventList)
    xTaskResumeAll                           0x080071e1   Thumb Code   214  tasks.o(i.xTaskResumeAll)
    xTimerCreateTimerTask                    0x08007309   Thumb Code    56  timers.o(i.xTimerCreateTimerTask)
    xTimerGenericCommand                     0x08007381   Thumb Code   118  timers.o(i.xTimerGenericCommand)
    CRC8_INIT                                0x08007428   Data           1  protocol.o(.constdata)
    CRC8_TAB                                 0x08007429   Data         256  protocol.o(.constdata)
    wCRC_Table                               0x0800752a   Data         512  protocol.o(.constdata)
    CRC8_INIT_UI                             0x0800772a   Data           1  rm_cilent_ui.o(.constdata)
    CRC8_TAB_UI                              0x0800772b   Data         256  rm_cilent_ui.o(.constdata)
    wCRC_Table_UI                            0x0800782c   Data         512  rm_cilent_ui.o(.constdata)
    Region$$Table$$Base                      0x08007a2c   Number         0  anon$$obj.o(Region$$Table)
    Region$$Table$$Limit                     0x08007a4c   Number         0  anon$$obj.o(Region$$Table)
    FunctionTask_Handler                     0x20000000   Data           4  function_task.o(.data)
    L_Motor_Longs                            0x20000008   Data          24  function_task.o(.data)
    R_Motor_Longs                            0x20000020   Data          24  function_task.o(.data)
    Turn_Longs                               0x20000038   Data          16  function_task.o(.data)
    Turn_R_Longs                             0x20000048   Data          16  function_task.o(.data)
    ctr                                      0x20000058   Data           1  function_task.o(.data)
    mode_flag                                0x20000059   Data           1  function_task.o(.data)
    funtion_flag                             0x2000005a   Data           1  function_task.o(.data)
    Start_Task_Handler                       0x2000006c   Data           4  start_task.o(.data)
    Motor_Control_Task_Handler               0x20000070   Data           4  motor_control_task.o(.data)
    Mode_Change_Task_Handler                 0x20000074   Data           4  motor_control_task.o(.data)
    up_age_pid                               0x20000078   Data          12  motor_control_task.o(.data)
    up_spd_pid                               0x20000084   Data          12  motor_control_task.o(.data)
    clamp_age_pid                            0x20000090   Data          12  motor_control_task.o(.data)
    clamp_spd_pid                            0x2000009c   Data          12  motor_control_task.o(.data)
    clamp_Y_age_pid                          0x200000a8   Data          12  motor_control_task.o(.data)
    clamp_Y_spd_pid                          0x200000b4   Data          12  motor_control_task.o(.data)
    clamp_R_age_pid                          0x200000c0   Data          12  motor_control_task.o(.data)
    clamp_R_spd_pid                          0x200000cc   Data          12  motor_control_task.o(.data)
    User_UI_Task_Handler                     0x200000dc   Data           4  ui_task.o(.data)
    Clamp_Y_P_RTask_Handler                  0x200000e0   Data           4  clamp_y_p_r_task.o(.data)
    INPUTMOD                                 0x200000e4   Data           1  remotecontrol.o(.data)
    Q_Flag                                   0x200000e5   Data           1  remotecontrol.o(.data)
    E_Flag                                   0x200000e6   Data           1  remotecontrol.o(.data)
    F_Flag                                   0x200000e7   Data           1  remotecontrol.o(.data)
    G_Flag                                   0x200000e8   Data           1  remotecontrol.o(.data)
    V_Flag                                   0x200000e9   Data           1  remotecontrol.o(.data)
    R_Flag                                   0x200000ea   Data           1  remotecontrol.o(.data)
    MOU_LEFT_F                               0x200000eb   Data           1  remotecontrol.o(.data)
    MOU_RIGH_F                               0x200000ec   Data           1  remotecontrol.o(.data)
    W_Flag                                   0x200000ed   Data           1  remotecontrol.o(.data)
    A_Flag                                   0x200000ee   Data           1  remotecontrol.o(.data)
    S_Flag                                   0x200000ef   Data           1  remotecontrol.o(.data)
    D_Flag                                   0x200000f0   Data           1  remotecontrol.o(.data)
    Shift_Flag                               0x200000f1   Data           1  remotecontrol.o(.data)
    Ctrl_Flag                                0x200000f2   Data           1  remotecontrol.o(.data)
    KEY_CAN                                  0x200000f6   Data           1  can_receive.o(.data)
    time7_count                              0x200000f8   Data           4  time7.o(.data)
    Judge_Flag                               0x200000fc   Data           8  usart6.o(.data)
    TxCOM6                                   0x20000104   Data           4  usart6.o(.data)
    RxCOM6                                   0x20000108   Data           4  usart6.o(.data)
    __stdout                                 0x2000010c   Data           4  usart6.o(.data)
    RES                                      0x20000110   Data           1  usart6.o(.data)
    SystemCoreClock                          0x2000011c   Data           4  system_stm32f4xx.o(.data)
    AHBPrescTable                            0x20000120   Data          16  system_stm32f4xx.o(.data)
    pxCurrentTCB                             0x20000140   Data           4  tasks.o(.data)
    GameResult                               0x200001b4   Data           1  judgement_info.o(.data)
    EventData                                0x200001b5   Data           4  judgement_info.o(.data)
    SupplyProjectileAction                   0x200001b9   Data           4  judgement_info.o(.data)
    SupplyProjectileBooking                  0x200001bd   Data           2  judgement_info.o(.data)
    BuffMusk                                 0x200001bf   Data           1  judgement_info.o(.data)
    AerialRobotEnergy                        0x200001c0   Data           1  judgement_info.o(.data)
    RobotHurt                                0x200001c1   Data           1  judgement_info.o(.data)
    ShootData                                0x200001c2   Data           7  judgement_info.o(.data)
    Judge_Self_ID                            0x200001c9   Data           1  judgement_info.o(.data)
    Judge_SelfClient_ID                      0x200001ca   Data           2  judgement_info.o(.data)
    cmd_id                                   0x200001cc   Data           2  judgement_info.o(.data)
    Color                                    0x200001ce   Data           1  judgement_info.o(.data)
    Send_Color                               0x200001cf   Data           1  judgement_info.o(.data)
    send_time                                0x200001d0   Data           2  judgement_info.o(.data)
    CRC_INIT                                 0x200001d6   Data           2  protocol.o(.data)
    UI_Seq                                   0x200001d8   Data           1  rm_cilent_ui.o(.data)
    Robot_ID                                 0x200001dc   Data           4  rm_cilent_ui.o(.data)
    Cilent_ID                                0x200001e0   Data           4  rm_cilent_ui.o(.data)
    UI_ID_Init                               0x200001e4   Data           4  rm_cilent_ui.o(.data)
    CRC_INIT_UI                              0x200001e8   Data           2  rm_cilent_ui.o(.data)
    getrccclock                              0x200001ec   Data          16  main.o(.bss)
    L_Up_Appoint                             0x200003d0   Data          24  function_task.o(.bss)
    R_Up_Appoint                             0x200003e8   Data          24  function_task.o(.bss)
    Turn_Appoint                             0x20000400   Data          16  function_task.o(.bss)
    Turn_R_Appoint                           0x20000410   Data          16  function_task.o(.bss)
    motor_control                            0x20000420   Data         800  motor_control_task.o(.bss)
    G1                                       0x20000740   Data          15  ui_task.o(.bss)
    G2                                       0x2000074f   Data          15  ui_task.o(.bss)
    G3                                       0x2000075e   Data          15  ui_task.o(.bss)
    G4                                       0x2000076d   Data          15  ui_task.o(.bss)
    G5                                       0x2000077c   Data          15  ui_task.o(.bss)
    G6                                       0x2000078b   Data          15  ui_task.o(.bss)
    G7                                       0x2000079a   Data          15  ui_task.o(.bss)
    G8                                       0x200007a9   Data          15  ui_task.o(.bss)
    G9                                       0x200007b8   Data          15  ui_task.o(.bss)
    G10                                      0x200007c7   Data          15  ui_task.o(.bss)
    G11                                      0x200007d6   Data          15  ui_task.o(.bss)
    G12                                      0x200007e5   Data          15  ui_task.o(.bss)
    G13                                      0x200007f4   Data          15  ui_task.o(.bss)
    G14                                      0x20000803   Data          15  ui_task.o(.bss)
    G15                                      0x20000812   Data          15  ui_task.o(.bss)
    G16                                      0x20000821   Data          15  ui_task.o(.bss)
    G17                                      0x20000830   Data          15  ui_task.o(.bss)
    G18                                      0x2000083f   Data          15  ui_task.o(.bss)
    G19                                      0x2000084e   Data          15  ui_task.o(.bss)
    G20                                      0x2000085d   Data          15  ui_task.o(.bss)
    G21                                      0x2000086c   Data          15  ui_task.o(.bss)
    G22                                      0x2000087b   Data          15  ui_task.o(.bss)
    G23                                      0x2000088a   Data          15  ui_task.o(.bss)
    G24                                      0x20000899   Data          15  ui_task.o(.bss)
    G25                                      0x200008a8   Data          15  ui_task.o(.bss)
    G26                                      0x200008b7   Data          15  ui_task.o(.bss)
    G27                                      0x200008c6   Data          15  ui_task.o(.bss)
    G28                                      0x200008d5   Data          15  ui_task.o(.bss)
    rc_ctrl                                  0x2000092c   Data          22  remotecontrol.o(.bss)
    Judge_Buffer                             0x200009f8   Data         100  usart6.o(.bss)
    xQueueRegistry                           0x20000a5c   Data          64  queue.o(.bss)
    GameState                                0x2000ada8   Data          11  judgement_info.o(.bss)
    GameRobotSurvivors                       0x2000adb3   Data          32  judgement_info.o(.bss)
    GameRobotStat                            0x2000add3   Data          27  judgement_info.o(.bss)
    PowerHeatData                            0x2000adee   Data          16  judgement_info.o(.bss)
    GameRobotPos                             0x2000adfe   Data          16  judgement_info.o(.bss)
    ShowData                                 0x2000ae0e   Data          28  judgement_info.o(.bss)
    CommuData                                0x2000ae2a   Data          25  judgement_info.o(.bss)
    CliendTxBuffer                           0x2000ae43   Data         200  judgement_info.o(.bss)
    TeammateTxBuffer                         0x2000af0b   Data         200  judgement_info.o(.bss)
    __initial_sp                             0x2000b7d8   Data           0  startup_stm32f40_41xxx.o(STACK)



==============================================================================

Memory Map of the image

  Image Entry point : 0x08000189

  Load Region LR_IROM1 (Base: 0x08000000, Size: 0x00007c38, Max: 0x00080000, ABSOLUTE, COMPRESSED[0x00007ac4])

    Execution Region ER_IROM1 (Exec base: 0x08000000, Load base: 0x08000000, Size: 0x00007a4c, Max: 0x00080000, ABSOLUTE)

    Exec Addr    Load Addr    Size         Type   Attr      Idx    E Section Name        Object

    0x08000000   0x08000000   0x00000188   Data   RO         2264    RESET               startup_stm32f40_41xxx.o
    0x08000188   0x08000188   0x00000000   Code   RO         9060  * .ARM.Collect$$$$00000000  mc_w.l(entry.o)
    0x08000188   0x08000188   0x00000004   Code   RO         9401    .ARM.Collect$$$$00000001  mc_w.l(entry2.o)
    0x0800018c   0x0800018c   0x00000004   Code   RO         9404    .ARM.Collect$$$$00000004  mc_w.l(entry5.o)
    0x08000190   0x08000190   0x00000000   Code   RO         9406    .ARM.Collect$$$$00000008  mc_w.l(entry7b.o)
    0x08000190   0x08000190   0x00000000   Code   RO         9408    .ARM.Collect$$$$0000000A  mc_w.l(entry8b.o)
    0x08000190   0x08000190   0x00000008   Code   RO         9409    .ARM.Collect$$$$0000000B  mc_w.l(entry9a.o)
    0x08000198   0x08000198   0x00000004   Code   RO         9416    .ARM.Collect$$$$0000000E  mc_w.l(entry12b.o)
    0x0800019c   0x0800019c   0x00000000   Code   RO         9411    .ARM.Collect$$$$0000000F  mc_w.l(entry10a.o)
    0x0800019c   0x0800019c   0x00000000   Code   RO         9413    .ARM.Collect$$$$00000011  mc_w.l(entry11a.o)
    0x0800019c   0x0800019c   0x00000004   Code   RO         9402    .ARM.Collect$$$$00002712  mc_w.l(entry2.o)
    0x080001a0   0x080001a0   0x000000b6   Code   RO         8357    .emb_text           port.o
    0x08000256   0x08000256   0x00000002   PAD
    0x08000258   0x08000258   0x00000024   Code   RO         2265    .text               startup_stm32f40_41xxx.o
    0x0800027c   0x0800027c   0x00000024   Code   RO         9063    .text               mc_w.l(memcpya.o)
    0x080002a0   0x080002a0   0x00000024   Code   RO         9065    .text               mc_w.l(memseta.o)
    0x080002c4   0x080002c4   0x00000026   Code   RO         9346    .text               mf_w.l(f2d.o)
    0x080002ea   0x080002ea   0x00000002   PAD
    0x080002ec   0x080002ec   0x00000030   Code   RO         9348    .text               mf_w.l(cdcmple.o)
    0x0800031c   0x0800031c   0x0000002c   Code   RO         9417    .text               mc_w.l(uidiv.o)
    0x08000348   0x08000348   0x00000000   Code   RO         9432    .text               mc_w.l(iusefp.o)
    0x08000348   0x08000348   0x00000024   Code   RO         9441    .text               mc_w.l(init.o)
    0x0800036c   0x0800036c   0x00000056   Code   RO         9455    .text               mc_w.l(__dczerorl2.o)
    0x080003c2   0x080003c2   0x00000002   PAD
    0x080003c4   0x080003c4   0x000000bc   Code   RO          277    i.ALL_RESET         function_task.o
    0x08000480   0x08000480   0x00000044   Code   RO         1252    i.Air_Cylinder      gpio.o
    0x080004c4   0x080004c4   0x0000025c   Code   RO          278    i.Alley_Oop_ORE     function_task.o
    0x08000720   0x08000720   0x00000004   Code   RO         2271    i.BusFault_Handler  stm32f4xx_it.o
    0x08000724   0x08000724   0x00000064   Code   RO          935    i.CAN1_CMD_Control  can_receive.o
    0x08000788   0x08000788   0x00000030   Code   RO          936    i.CAN1_RX0_IRQHandler  can_receive.o
    0x080007b8   0x080007b8   0x00000064   Code   RO          937    i.CAN1_YR_Control   can_receive.o
    0x0800081c   0x0800081c   0x00000124   Code   RO         1165    i.CAN1_mode_init    can.o
    0x08000940   0x08000940   0x00000030   Code   RO          938    i.CAN2_RX1_IRQHandler  can_receive.o
    0x08000970   0x08000970   0x00000128   Code   RO         1166    i.CAN2_mode_init    can.o
    0x08000a98   0x08000a98   0x000000a8   Code   RO         2649    i.CAN_ClearITPendingBit  stm32f4xx_can.o
    0x08000b40   0x08000b40   0x00000108   Code   RO         2653    i.CAN_FilterInit    stm32f4xx_can.o
    0x08000c48   0x08000c48   0x00000120   Code   RO         2655    i.CAN_GetITStatus   stm32f4xx_can.o
    0x08000d68   0x08000d68   0x00000012   Code   RO         2659    i.CAN_ITConfig      stm32f4xx_can.o
    0x08000d7a   0x08000d7a   0x00000114   Code   RO         2660    i.CAN_Init          stm32f4xx_can.o
    0x08000e8e   0x08000e8e   0x000000f0   Code   RO         2663    i.CAN_Receive       stm32f4xx_can.o
    0x08000f7e   0x08000f7e   0x00000126   Code   RO         2668    i.CAN_Transmit      stm32f4xx_can.o
    0x080010a4   0x080010a4   0x0000040c   Code   RO          940    i.CAN_hook1         can_receive.o
    0x080014b0   0x080014b0   0x00000044   Code   RO          941    i.CAN_hook2         can_receive.o
    0x080014f4   0x080014f4   0x00000012   Code   RO         2671    i.CheckITStatus     stm32f4xx_can.o
    0x08001506   0x08001506   0x00000002   PAD
    0x08001508   0x08001508   0x000000a4   Code   RO          650    i.Clamp_R_Turn_To_Point  motor_control_task.o
    0x080015ac   0x080015ac   0x000000a4   Code   RO          651    i.Clamp_Turn_To_Point  motor_control_task.o
    0x08001650   0x08001650   0x00000014   Code   RO          793    i.Clamp_Y_P_R_task  clamp_y_p_r_task.o
    0x08001664   0x08001664   0x000000a4   Code   RO          652    i.Clamp_Y_Turn_To_Point  motor_control_task.o
    0x08001708   0x08001708   0x00000034   Code   RO         3382    i.DMA_ClearFlag     stm32f4xx_dma.o
    0x0800173c   0x0800173c   0x00000016   Code   RO         3384    i.DMA_Cmd           stm32f4xx_dma.o
    0x08001752   0x08001752   0x00000008   Code   RO         3390    i.DMA_GetCurrDataCounter  stm32f4xx_dma.o
    0x0800175a   0x0800175a   0x00000014   Code   RO         3391    i.DMA_GetCurrentMemoryTarget  stm32f4xx_dma.o
    0x0800176e   0x0800176e   0x00000004   Code   RO         3399    i.DMA_SetCurrDataCounter  stm32f4xx_dma.o
    0x08001772   0x08001772   0x00000002   Code   RO         2272    i.DebugMon_Handler  stm32f4xx_it.o
    0x08001774   0x08001774   0x00000124   Code   RO          223    i.DetectHook        detect_task.o
    0x08001898   0x08001898   0x00000204   Code   RO          279    i.Exchang_Low_ORE   function_task.o
    0x08001a9c   0x08001a9c   0x000001f0   Code   RO          280    i.Exchang_Upp_ORE   function_task.o
    0x08001c8c   0x08001c8c   0x000000a8   Code   RO          281    i.Function_Control_Init  function_task.o
    0x08001d34   0x08001d34   0x00000428   Code   RO          282    i.Function_Mode_Set  function_task.o
    0x0800215c   0x0800215c   0x00000034   Code   RO          283    i.Function_task     function_task.o
    0x08002190   0x08002190   0x00000090   Code   RO         4021    i.GPIO_Init         stm32f4xx_gpio.o
    0x08002220   0x08002220   0x00000046   Code   RO         4022    i.GPIO_PinAFConfig  stm32f4xx_gpio.o
    0x08002266   0x08002266   0x00000012   Code   RO         4025    i.GPIO_ReadInputDataBit  stm32f4xx_gpio.o
    0x08002278   0x08002278   0x00000004   Code   RO         4028    i.GPIO_ResetBits    stm32f4xx_gpio.o
    0x0800227c   0x0800227c   0x00000004   Code   RO         4029    i.GPIO_SetBits      stm32f4xx_gpio.o
    0x08002280   0x08002280   0x00000008   Code   RO         4031    i.GPIO_ToggleBits   stm32f4xx_gpio.o
    0x08002288   0x08002288   0x00000034   Code   RO         8705    i.Get_CRC16_Check_Sum_UI  rm_cilent_ui.o
    0x080022bc   0x080022bc   0x00000024   Code   RO         8706    i.Get_CRC8_Check_Sum_UI  rm_cilent_ui.o
    0x080022e0   0x080022e0   0x00000028   Code   RO          829    i.Get_KEY_Data      remotecontrol.o
    0x08002308   0x08002308   0x00000098   Code   RO          830    i.Get_RC_Data       remotecontrol.o
    0x080023a0   0x080023a0   0x00000004   Code   RO         2273    i.HardFault_Handler  stm32f4xx_it.o
    0x080023a4   0x080023a4   0x00000020   Code   RO         1322    i.Judge_DataVerify  usart6.o
    0x080023c4   0x080023c4   0x0000002c   Code   RO         1253    i.Key1              gpio.o
    0x080023f0   0x080023f0   0x00000034   Code   RO         1254    i.Key_Init          gpio.o
    0x08002424   0x08002424   0x00000034   Code   RO         1255    i.Laser_Init        gpio.o
    0x08002458   0x08002458   0x00000094   Code   RO         8708    i.Line_Draw         rm_cilent_ui.o
    0x080024ec   0x080024ec   0x00000004   Code   RO         2274    i.MemManage_Handler  stm32f4xx_it.o
    0x080024f0   0x080024f0   0x00000244   Code   RO          653    i.Mode_Change       motor_control_task.o
    0x08002734   0x08002734   0x0000001c   Code   RO          654    i.Motor_Control     motor_control_task.o
    0x08002750   0x08002750   0x000001dc   Code   RO          655    i.Motor_Init        motor_control_task.o
    0x0800292c   0x0800292c   0x00000002   Code   RO         2275    i.NMI_Handler       stm32f4xx_it.o
    0x0800292e   0x0800292e   0x00000002   PAD
    0x08002930   0x08002930   0x00000078   Code   RO         2361    i.NVIC_Init         misc.o
    0x080029a8   0x080029a8   0x00000014   Code   RO         2362    i.NVIC_PriorityGroupConfig  misc.o
    0x080029bc   0x080029bc   0x000001f0   Code   RO         1419    i.PID_Calc          pid.o
    0x08002bac   0x08002bac   0x00000060   Code   RO         1420    i.PID_Init          pid.o
    0x08002c0c   0x08002c0c   0x00000192   Code   RO          656    i.PID_OUTPUT        motor_control_task.o
    0x08002d9e   0x08002d9e   0x00000002   PAD
    0x08002da0   0x08002da0   0x000001f8   Code   RO          284    i.Pickup_Floor_ORE  function_task.o
    0x08002f98   0x08002f98   0x0000027c   Code   RO          285    i.Pickup_GOLD_ORE   function_task.o
    0x08003214   0x08003214   0x0000029c   Code   RO          286    i.Pickup_Silver_ORE  function_task.o
    0x080034b0   0x080034b0   0x00000020   Code   RO         4907    i.RCC_AHB1PeriphClockCmd  stm32f4xx_rcc.o
    0x080034d0   0x080034d0   0x00000020   Code   RO         4916    i.RCC_APB1PeriphClockCmd  stm32f4xx_rcc.o
    0x080034f0   0x080034f0   0x00000020   Code   RO         4918    i.RCC_APB1PeriphResetCmd  stm32f4xx_rcc.o
    0x08003510   0x08003510   0x00000020   Code   RO         4919    i.RCC_APB2PeriphClockCmd  stm32f4xx_rcc.o
    0x08003530   0x08003530   0x000000e8   Code   RO         4928    i.RCC_GetClocksFreq  stm32f4xx_rcc.o
    0x08003618   0x08003618   0x00000002   Code   RO          831    i.RC_MODE_CONTROL   remotecontrol.o
    0x0800361a   0x0800361a   0x00000002   PAD
    0x0800361c   0x0800361c   0x000000c0   Code   RO          287    i.Reomte_Mode_Set   function_task.o
    0x080036dc   0x080036dc   0x000000da   Code   RO          835    i.SBUS_TO_RC        remotecontrol.o
    0x080037b6   0x080037b6   0x00000002   PAD
    0x080037b8   0x080037b8   0x000000ec   Code   RO         2324    i.SetSysClock       system_stm32f4xx.o
    0x080038a4   0x080038a4   0x00000028   Code   RO         2365    i.SysTick_CLKSourceConfig  misc.o
    0x080038cc   0x080038cc   0x00000010   Code   RO         2224    i.SysTick_Handler   delay.o
    0x080038dc   0x080038dc   0x00000068   Code   RO         2326    i.SystemInit        system_stm32f4xx.o
    0x08003944   0x08003944   0x0000005c   Code   RO          541    i.System_Init       start_task.o
    0x080039a0   0x080039a0   0x00000058   Code   RO         1290    i.TIM7_BAS_Init     time7.o
    0x080039f8   0x080039f8   0x0000002c   Code   RO         1291    i.TIM7_IRQHandler   time7.o
    0x08003a24   0x08003a24   0x00000006   Code   RO         6266    i.TIM_ClearITPendingBit  stm32f4xx_tim.o
    0x08003a2a   0x08003a2a   0x00000018   Code   RO         6271    i.TIM_Cmd           stm32f4xx_tim.o
    0x08003a42   0x08003a42   0x00000022   Code   RO         6292    i.TIM_GetITStatus   stm32f4xx_tim.o
    0x08003a64   0x08003a64   0x00000012   Code   RO         6296    i.TIM_ITConfig      stm32f4xx_tim.o
    0x08003a76   0x08003a76   0x00000002   PAD
    0x08003a78   0x08003a78   0x00000084   Code   RO         6343    i.TIM_TimeBaseInit  stm32f4xx_tim.o
    0x08003afc   0x08003afc   0x00000164   Code   RO         8711    i.UI_ReFresh        rm_cilent_ui.o
    0x08003c60   0x08003c60   0x00000020   Code   RO         8712    i.UI_SendByte       rm_cilent_ui.o
    0x08003c80   0x08003c80   0x00000108   Code   RO          836    i.USART2_IRQHandler  remotecontrol.o
    0x08003d88   0x08003d88   0x00000170   Code   RO         1323    i.USART6_IRQHandler  usart6.o
    0x08003ef8   0x08003ef8   0x000000e8   Code   RO         1324    i.USART6_Init       usart6.o
    0x08003fe0   0x08003fe0   0x0000001e   Code   RO         6818    i.USART_ClearITPendingBit  stm32f4xx_usart.o
    0x08003ffe   0x08003ffe   0x00000018   Code   RO         6821    i.USART_Cmd         stm32f4xx_usart.o
    0x08004016   0x08004016   0x0000001a   Code   RO         6824    i.USART_GetFlagStatus  stm32f4xx_usart.o
    0x08004030   0x08004030   0x00000054   Code   RO         6825    i.USART_GetITStatus  stm32f4xx_usart.o
    0x08004084   0x08004084   0x0000004a   Code   RO         6827    i.USART_ITConfig    stm32f4xx_usart.o
    0x080040ce   0x080040ce   0x00000002   PAD
    0x080040d0   0x080040d0   0x000000d4   Code   RO         6828    i.USART_Init        stm32f4xx_usart.o
    0x080041a4   0x080041a4   0x0000000a   Code   RO         6835    i.USART_ReceiveData  stm32f4xx_usart.o
    0x080041ae   0x080041ae   0x00000008   Code   RO         6838    i.USART_SendData    stm32f4xx_usart.o
    0x080041b6   0x080041b6   0x00000002   PAD
    0x080041b8   0x080041b8   0x000000ec   Code   RO          657    i.Up_Down_To_Point  motor_control_task.o
    0x080042a4   0x080042a4   0x00000004   Code   RO         2276    i.UsageFault_Handler  stm32f4xx_it.o
    0x080042a8   0x080042a8   0x00000100   Code   RO          794    i.Y_P_R_Mode_Set    clamp_y_p_r_task.o
    0x080043a8   0x080043a8   0x00000020   Code   RO         9162    i.__0printf$3       mc_w.l(printf3.o)
    0x080043c8   0x080043c8   0x00000014   Code   RO         9030    i.__hardfp_fabs     m_wm.l(fabs.o)
    0x080043dc   0x080043dc   0x0000000e   Code   RO         9449    i.__scatterload_copy  mc_w.l(handlers.o)
    0x080043ea   0x080043ea   0x00000002   Code   RO         9450    i.__scatterload_null  mc_w.l(handlers.o)
    0x080043ec   0x080043ec   0x0000000e   Code   RO         9451    i.__scatterload_zeroinit  mc_w.l(handlers.o)
    0x080043fa   0x080043fa   0x00000002   PAD
    0x080043fc   0x080043fc   0x000001b8   Code   RO         9169    i._printf_core      mc_w.l(printf3.o)
    0x080045b4   0x080045b4   0x00000044   Code   RO         2225    i.delay_init        delay.o
    0x080045f8   0x080045f8   0x0000008c   Code   RO         2226    i.delay_ms          delay.o
    0x08004684   0x08004684   0x00000040   Code   RO         8597    i.determine_ID      judgement_info.o
    0x080046c4   0x080046c4   0x0000001c   Code   RO         1326    i.fputc             usart6.o
    0x080046e0   0x080046e0   0x00000008   Code   RO          942    i.get_Clamp_P_Motor_Measure_Point  can_receive.o
    0x080046e8   0x080046e8   0x00000008   Code   RO          943    i.get_Clamp_R_Motor_Measure_Point  can_receive.o
    0x080046f0   0x080046f0   0x00000008   Code   RO          944    i.get_Clamp_Y_Motor_Measure_Point  can_receive.o
    0x080046f8   0x080046f8   0x00000008   Code   RO          945    i.get_Key_Can_Point  can_receive.o
    0x08004700   0x08004700   0x00000014   Code   RO          946    i.get_Up_Motor_Measure_Point  can_receive.o
    0x08004714   0x08004714   0x00000034   Code   RO         8648    i.get_crc16_check_sum  protocol.o
    0x08004748   0x08004748   0x00000024   Code   RO         8649    i.get_crc8_check_sum  protocol.o
    0x0800476c   0x0800476c   0x00000008   Code   RO          837    i.get_remote_control_point  remotecontrol.o
    0x08004774   0x08004774   0x00000020   Code   RO         8598    i.is_red_or_blue    judgement_info.o
    0x08004794   0x08004794   0x00000140   Code   RO         8599    i.judgement_data_handler  judgement_info.o
    0x080048d4   0x080048d4   0x00000018   Code   RO            3    i.main              main.o
    0x080048ec   0x080048ec   0x00000098   Code   RO         7486    i.prvAddCurrentTaskToDelayedList  tasks.o
    0x08004984   0x08004984   0x000000b8   Code   RO         7487    i.prvAddNewTaskToReadyList  tasks.o
    0x08004a3c   0x08004a3c   0x00000064   Code   RO         7854    i.prvCheckForValidListAndQueue  timers.o
    0x08004aa0   0x08004aa0   0x00000064   Code   RO         7488    i.prvCheckTasksWaitingTermination  tasks.o
    0x08004b04   0x08004b04   0x0000002a   Code   RO         7245    i.prvCopyDataFromQueue  queue.o
    0x08004b2e   0x08004b2e   0x0000007c   Code   RO         7246    i.prvCopyDataToQueue  queue.o
    0x08004baa   0x08004baa   0x00000012   Code   RO         7489    i.prvDeleteTCB      tasks.o
    0x08004bbc   0x08004bbc   0x00000028   Code   RO         7855    i.prvGetNextExpireTime  timers.o
    0x08004be4   0x08004be4   0x0000007c   Code   RO         8442    i.prvHeapInit       heap_4.o
    0x08004c60   0x08004c60   0x00000028   Code   RO         7490    i.prvIdleTask       tasks.o
    0x08004c88   0x08004c88   0x0000002e   Code   RO         7248    i.prvInitialiseNewQueue  queue.o
    0x08004cb6   0x08004cb6   0x00000002   PAD
    0x08004cb8   0x08004cb8   0x000000d8   Code   RO         7491    i.prvInitialiseNewTask  tasks.o
    0x08004d90   0x08004d90   0x00000068   Code   RO         7492    i.prvInitialiseTaskLists  tasks.o
    0x08004df8   0x08004df8   0x00000068   Code   RO         8443    i.prvInsertBlockIntoFreeList  heap_4.o
    0x08004e60   0x08004e60   0x00000058   Code   RO         7857    i.prvInsertTimerInActiveList  timers.o
    0x08004eb8   0x08004eb8   0x0000001a   Code   RO         7249    i.prvIsQueueEmpty   queue.o
    0x08004ed2   0x08004ed2   0x0000001e   Code   RO         7250    i.prvIsQueueFull    queue.o
    0x08004ef0   0x08004ef0   0x000000a8   Code   RO         7251    i.prvNotifyQueueSetContainer  queue.o
    0x08004f98   0x08004f98   0x00000084   Code   RO         7858    i.prvProcessExpiredTimer  timers.o
    0x0800501c   0x0800501c   0x00000130   Code   RO         7859    i.prvProcessReceivedCommands  timers.o
    0x0800514c   0x0800514c   0x00000074   Code   RO         7860    i.prvProcessTimerOrBlockTask  timers.o
    0x080051c0   0x080051c0   0x00000034   Code   RO         7494    i.prvResetNextTaskUnblockTime  tasks.o
    0x080051f4   0x080051f4   0x0000002c   Code   RO         7861    i.prvSampleTimeNow  timers.o
    0x08005220   0x08005220   0x000000c0   Code   RO         7862    i.prvSwitchTimerLists  timers.o
    0x080052e0   0x080052e0   0x0000007c   Code   RO         8358    i.prvTaskExitError  port.o
    0x0800535c   0x0800535c   0x0000001a   Code   RO         7863    i.prvTimerTask      timers.o
    0x08005376   0x08005376   0x00000092   Code   RO         7252    i.prvUnlockQueue    queue.o
    0x08005408   0x08005408   0x0000015c   Code   RO         8444    i.pvPortMalloc      heap_4.o
    0x08005564   0x08005564   0x00000020   Code   RO         7498    i.pvTaskIncrementMutexHeldCount  tasks.o
    0x08005584   0x08005584   0x0000002c   Code   RO         8359    i.pxPortInitialiseStack  port.o
    0x080055b0   0x080055b0   0x0000002c   Code   RO          542    i.start_task        start_task.o
    0x080055dc   0x080055dc   0x00000030   Code   RO          543    i.start_task_Create  start_task.o
    0x0800560c   0x0800560c   0x00000038   Code   RO          795    i.task_Clamp_Y_P_R_Crate  clamp_y_p_r_task.o
    0x08005644   0x08005644   0x00000030   Code   RO          658    i.task_Mode_Change_Create  motor_control_task.o
    0x08005674   0x08005674   0x00000034   Code   RO          659    i.task_Motor_Control_Create  motor_control_task.o
    0x080056a8   0x080056a8   0x00000034   Code   RO          288    i.task_function_Create  function_task.o
    0x080056dc   0x080056dc   0x00000034   Code   RO          729    i.task_user_UI_Create  ui_task.o
    0x08005710   0x08005710   0x00000638   Code   RO          730    i.user_UI_Task      ui_task.o
    0x08005d48   0x08005d48   0x00000028   Code   RO         7200    i.uxListRemove      list.o
    0x08005d70   0x08005d70   0x0000001a   Code   RO         7201    i.vListInitialise   list.o
    0x08005d8a   0x08005d8a   0x00000006   Code   RO         7202    i.vListInitialiseItem  list.o
    0x08005d90   0x08005d90   0x00000034   Code   RO         7203    i.vListInsert       list.o
    0x08005dc4   0x08005dc4   0x00000018   Code   RO         7204    i.vListInsertEnd    list.o
    0x08005ddc   0x08005ddc   0x00000090   Code   RO         8361    i.vPortEnterCritical  port.o
    0x08005e6c   0x08005e6c   0x00000078   Code   RO         8362    i.vPortExitCritical  port.o
    0x08005ee4   0x08005ee4   0x000000c0   Code   RO         8445    i.vPortFree         heap_4.o
    0x08005fa4   0x08005fa4   0x00000020   Code   RO         8363    i.vPortSetupTimerInterrupt  port.o
    0x08005fc4   0x08005fc4   0x000000a8   Code   RO         8364    i.vPortValidateInterruptPriority  port.o
    0x0800606c   0x0800606c   0x0000002c   Code   RO         7258    i.vQueueAddToRegistry  queue.o
    0x08006098   0x08006098   0x0000004a   Code   RO         7262    i.vQueueWaitForMessageRestricted  queue.o
    0x080060e2   0x080060e2   0x00000002   PAD
    0x080060e4   0x080060e4   0x0000007c   Code   RO         7506    i.vTaskDelay        tasks.o
    0x08006160   0x08006160   0x00000114   Code   RO         7508    i.vTaskDelete       tasks.o
    0x08006274   0x08006274   0x0000000c   Code   RO         7512    i.vTaskMissedYield  tasks.o
    0x08006280   0x08006280   0x0000005c   Code   RO         7514    i.vTaskPlaceOnEventList  tasks.o
    0x080062dc   0x080062dc   0x00000064   Code   RO         7515    i.vTaskPlaceOnEventListRestricted  tasks.o
    0x08006340   0x08006340   0x000000b0   Code   RO         7517    i.vTaskPriorityInherit  tasks.o
    0x080063f0   0x080063f0   0x00000054   Code   RO         7521    i.vTaskSetTimeOutState  tasks.o
    0x08006444   0x08006444   0x000000b4   Code   RO         7522    i.vTaskStartScheduler  tasks.o
    0x080064f8   0x080064f8   0x00000010   Code   RO         7524    i.vTaskSuspendAll   tasks.o
    0x08006508   0x08006508   0x000000b0   Code   RO         7525    i.vTaskSwitchContext  tasks.o
    0x080065b8   0x080065b8   0x00000040   Code   RO         8650    i.verify_crc16_check_sum  protocol.o
    0x080065f8   0x080065f8   0x00000030   Code   RO         8651    i.verify_crc8_check_sum  protocol.o
    0x08006628   0x08006628   0x00000164   Code   RO         8365    i.xPortStartScheduler  port.o
    0x0800678c   0x0800678c   0x00000034   Code   RO         8366    i.xPortSysTickHandler  port.o
    0x080067c0   0x080067c0   0x0000007c   Code   RO         7267    i.xQueueGenericCreate  queue.o
    0x0800683c   0x0800683c   0x000001d0   Code   RO         7268    i.xQueueGenericReceive  queue.o
    0x08006a0c   0x08006a0c   0x000000b8   Code   RO         7269    i.xQueueGenericReset  queue.o
    0x08006ac4   0x08006ac4   0x000001cc   Code   RO         7270    i.xQueueGenericSend  queue.o
    0x08006c90   0x08006c90   0x00000118   Code   RO         7271    i.xQueueGenericSendFromISR  queue.o
    0x08006da8   0x08006da8   0x000000a8   Code   RO         7526    i.xTaskCheckForTimeOut  tasks.o
    0x08006e50   0x08006e50   0x00000060   Code   RO         7527    i.xTaskCreate       tasks.o
    0x08006eb0   0x08006eb0   0x00000020   Code   RO         7531    i.xTaskGetSchedulerState  tasks.o
    0x08006ed0   0x08006ed0   0x0000000c   Code   RO         7532    i.xTaskGetTickCount  tasks.o
    0x08006edc   0x08006edc   0x00000168   Code   RO         7534    i.xTaskIncrementTick  tasks.o
    0x08007044   0x08007044   0x000000e0   Code   RO         7537    i.xTaskPriorityDisinherit  tasks.o
    0x08007124   0x08007124   0x000000bc   Code   RO         7538    i.xTaskRemoveFromEventList  tasks.o
    0x080071e0   0x080071e0   0x00000128   Code   RO         7540    i.xTaskResumeAll    tasks.o
    0x08007308   0x08007308   0x00000078   Code   RO         7867    i.xTimerCreateTimerTask  timers.o
    0x08007380   0x08007380   0x000000a8   Code   RO         7868    i.xTimerGenericCommand  timers.o
    0x08007428   0x08007428   0x00000302   Data   RO         8652    .constdata          protocol.o
    0x0800772a   0x0800772a   0x00000302   Data   RO         8713    .constdata          rm_cilent_ui.o
    0x08007a2c   0x08007a2c   0x00000020   Data   RO         9447    Region$$Table       anon$$obj.o


    Execution Region RW_IRAM1 (Exec base: 0x20000000, Load base: 0x08007a4c, Size: 0x0000b7d8, Max: 0x00020000, ABSOLUTE, COMPRESSED[0x00000078])

    Exec Addr    Load Addr    Size         Type   Attr      Idx    E Section Name        Object

    0x20000000   COMPRESSED   0x00000069   Data   RW          290    .data               function_task.o
    0x20000069   COMPRESSED   0x00000003   PAD
    0x2000006c   COMPRESSED   0x00000004   Data   RW          544    .data               start_task.o
    0x20000070   COMPRESSED   0x00000069   Data   RW          661    .data               motor_control_task.o
    0x200000d9   COMPRESSED   0x00000003   PAD
    0x200000dc   COMPRESSED   0x00000004   Data   RW          732    .data               ui_task.o
    0x200000e0   COMPRESSED   0x00000004   Data   RW          796    .data               clamp_y_p_r_task.o
    0x200000e4   COMPRESSED   0x00000012   Data   RW          843    .data               remotecontrol.o
    0x200000f6   COMPRESSED   0x00000002   Data   RW          948    .data               can_receive.o
    0x200000f8   COMPRESSED   0x00000004   Data   RW         1292    .data               time7.o
    0x200000fc   COMPRESSED   0x00000015   Data   RW         1328    .data               usart6.o
    0x20000111   COMPRESSED   0x00000003   PAD
    0x20000114   COMPRESSED   0x00000008   Data   RW         2228    .data               delay.o
    0x2000011c   COMPRESSED   0x00000014   Data   RW         2327    .data               system_stm32f4xx.o
    0x20000130   COMPRESSED   0x00000010   Data   RW         4960    .data               stm32f4xx_rcc.o
    0x20000140   COMPRESSED   0x0000003c   Data   RW         7543    .data               tasks.o
    0x2000017c   COMPRESSED   0x00000014   Data   RW         7876    .data               timers.o
    0x20000190   COMPRESSED   0x0000000c   Data   RW         8367    .data               port.o
    0x2000019c   COMPRESSED   0x00000018   Data   RW         8450    .data               heap_4.o
    0x200001b4   COMPRESSED   0x00000022   Data   RW         8601    .data               judgement_info.o
    0x200001d6   COMPRESSED   0x00000002   Data   RW         8653    .data               protocol.o
    0x200001d8   COMPRESSED   0x00000012   Data   RW         8714    .data               rm_cilent_ui.o
    0x200001ea   COMPRESSED   0x00000002   PAD
    0x200001ec        -       0x00000010   Zero   RW            4    .bss                main.o
    0x200001fc        -       0x000001d4   Zero   RW          228    .bss                detect_task.o
    0x200003d0        -       0x00000050   Zero   RW          289    .bss                function_task.o
    0x20000420        -       0x00000320   Zero   RW          660    .bss                motor_control_task.o
    0x20000740        -       0x000001a4   Zero   RW          731    .bss                ui_task.o
    0x200008e4        -       0x0000005e   Zero   RW          842    .bss                remotecontrol.o
    0x20000942   COMPRESSED   0x00000002   PAD
    0x20000944        -       0x000000b4   Zero   RW          947    .bss                can_receive.o
    0x200009f8        -       0x00000064   Zero   RW         1327    .bss                usart6.o
    0x20000a5c        -       0x00000040   Zero   RW         7282    .bss                queue.o
    0x20000a9c        -       0x000002e4   Zero   RW         7542    .bss                tasks.o
    0x20000d80        -       0x00000028   Zero   RW         7875    .bss                timers.o
    0x20000da8        -       0x0000a000   Zero   RW         8449    .bss                heap_4.o
    0x2000ada8        -       0x0000022b   Zero   RW         8600    .bss                judgement_info.o
    0x2000afd3   COMPRESSED   0x00000005   PAD
    0x2000afd8        -       0x00000800   Zero   RW         2262    STACK               startup_stm32f40_41xxx.o


==============================================================================

Image component sizes


      Code (inc. data)   RO Data    RW Data    ZI Data      Debug   Object Name

         0          0          0          0          0       2444   bsp_mpu9250_init.o
       588         24          0          0          0       2146   can.o
      1452        104          0          2        180       9470   can_receive.o
       332         56          0          4          0       3316   clamp_y_p_r_task.o
       224         14          0          8          0       2222   delay.o
       292          4          0          0        468       2573   detect_task.o
         0          0          0          0          0       9492   event_groups.o
      5140        392          0        105         80     289632   function_task.o
       216         26          0          0          0       2442   gpio.o
       768        192          0         24      40960       4207   heap_4.o
       416         84          0         34        555       4804   judgement_info.o
       148          0          0          0          0       3466   list.o
        24          6          0          0         16     279023   main.o
       180         24          0          0          0       2229   misc.o
      2314        240          0        105        800       9860   motor_control_task.o
       592          8          0          0          0       2522   pid.o
      1222        436          0         12          0      11329   port.o
       200         14        770          2          0       3745   protocol.o
      2212        286          0          0         64      14005   queue.o
         0          0          0          0          0     300796   rc.o
       684         40          0         18         94      37144   remotecontrol.o
       624         28        770         18          0      15590   rm_cilent_ui.o
       184         26          0          4          0       2124   start_task.o
        36          8        392          0       2048        888   startup_stm32f40_41xxx.o
      1566         16          0          0          0       6758   stm32f4xx_can.o
       106         14          0          0          0       4353   stm32f4xx_dma.o
       248          0          0          0          0       4345   stm32f4xx_gpio.o
        20          0          0          0          0       3053   stm32f4xx_it.o
       360         42          0         16          0       5500   stm32f4xx_rcc.o
       214         28          0          0          0       3894   stm32f4xx_tim.o
       468          8          0          0          0       6459   stm32f4xx_usart.o
       340         32          0         20          0       1977   system_stm32f4xx.o
      3510        982          0         60        740      30739   tasks.o
       132         14          0          4          0       1492   time7.o
      1330        332          0         20         40       9331   timers.o
      1644        292          0          4        420       5359   ui_task.o
       660         36          0         21        100      25217   usart6.o

    ----------------------------------------------------------------------
     28468       3808       1964        492      46572    1123946   Object Totals
         0          0         32          0          0          0   (incl. Generated)
        22          0          0         11          7          0   (incl. Padding)

    ----------------------------------------------------------------------

      Code (inc. data)   RO Data    RW Data    ZI Data      Debug   Library Member Name

        20          0          0          0          0        124   fabs.o
        86          0          0          0          0          0   __dczerorl2.o
         0          0          0          0          0          0   entry.o
         0          0          0          0          0          0   entry10a.o
         0          0          0          0          0          0   entry11a.o
         4          0          0          0          0          0   entry12b.o
         8          4          0          0          0          0   entry2.o
         4          0          0          0          0          0   entry5.o
         0          0          0          0          0          0   entry7b.o
         0          0          0          0          0          0   entry8b.o
         8          4          0          0          0          0   entry9a.o
        30          0          0          0          0          0   handlers.o
        36          8          0          0          0         68   init.o
         0          0          0          0          0          0   iusefp.o
        36          0          0          0          0         68   memcpya.o
        36          0          0          0          0        108   memseta.o
       472         14          0          0          0        184   printf3.o
        44          0          0          0          0         80   uidiv.o
        48          0          0          0          0         68   cdcmple.o
        38          0          0          0          0         68   f2d.o

    ----------------------------------------------------------------------
       876         30          0          0          0        768   Library Totals
         6          0          0          0          0          0   (incl. Padding)

    ----------------------------------------------------------------------

      Code (inc. data)   RO Data    RW Data    ZI Data      Debug   Library Name

        20          0          0          0          0        124   m_wm.l
       764         30          0          0          0        508   mc_w.l
        86          0          0          0          0        136   mf_w.l

    ----------------------------------------------------------------------
       876         30          0          0          0        768   Library Totals

    ----------------------------------------------------------------------

==============================================================================


      Code (inc. data)   RO Data    RW Data    ZI Data      Debug   

     29344       3838       1964        492      46572    1105990   Grand Totals
     29344       3838       1964        120      46572    1105990   ELF Image Totals (compressed)
     29344       3838       1964        120          0          0   ROM Totals

==============================================================================

    Total RO  Size (Code + RO Data)                31308 (  30.57kB)
    Total RW  Size (RW Data + ZI Data)             47064 (  45.96kB)
    Total ROM Size (Code + RO Data + RW Data)      31428 (  30.69kB)

==============================================================================

