Component: ARM Compiler 5.06 update 7 (build 960) Tool: armlink [4d3601]

==============================================================================

Section Cross References

    main.o(i.main) refers to start_task.o(i.System_Init) for System_Init
    main.o(i.main) refers to start_task.o(i.start_task_Create) for start_task_Create
    detect_task.o(i.DetectDisplay) refers to detect_task.o(.data) for last_num
    detect_task.o(i.DetectHook) refers to tasks.o(i.xTaskGetTickCount) for xTaskGetTickCount
    detect_task.o(i.DetectHook) refers to detect_task.o(.bss) for errorList
    detect_task.o(i.DetectInit) refers to memseta.o(.text) for __aeabi_memclr4
    detect_task.o(i.DetectInit) refers to memcpya.o(.text) for __aeabi_memcpy4
    detect_task.o(i.DetectInit) refers to detect_task.o(.constdata) for .constdata
    detect_task.o(i.DetectInit) refers to detect_task.o(.bss) for errorList
    detect_task.o(i.DetectInit) refers to remotecontrol.o(i.RC_data_is_error) for RC_data_is_error
    detect_task.o(i.DetectInit) refers to remotecontrol.o(i.slove_RC_lost) for slove_RC_lost
    detect_task.o(i.DetectInit) refers to remotecontrol.o(i.slove_data_error) for slove_data_error
    detect_task.o(i.DetectTask) refers to tasks.o(i.xTaskGetTickCount) for xTaskGetTickCount
    detect_task.o(i.DetectTask) refers to detect_task.o(i.DetectInit) for DetectInit
    detect_task.o(i.DetectTask) refers to tasks.o(i.vTaskDelay) for vTaskDelay
    detect_task.o(i.DetectTask) refers to detect_task.o(i.DetectDisplay) for DetectDisplay
    detect_task.o(i.DetectTask) refers to tasks.o(i.uxTaskGetStackHighWaterMark) for uxTaskGetStackHighWaterMark
    detect_task.o(i.DetectTask) refers to detect_task.o(.data) for systemTime
    detect_task.o(i.DetectTask) refers to detect_task.o(.bss) for errorList
    detect_task.o(i.getErrorListPoint) refers to detect_task.o(.bss) for errorList
    detect_task.o(i.toe_is_error) refers to detect_task.o(.bss) for errorList
    chassis_task.o(i.Chassis_Init) refers to imutask.o(i.get_Gyro_Angle_Point) for get_Gyro_Angle_Point
    chassis_task.o(i.Chassis_Init) refers to remotecontrol.o(i.get_remote_control_point) for get_remote_control_point
    chassis_task.o(i.Chassis_Init) refers to gimbal_task.o(i.get_gimbal_yaw_control_t_point) for get_gimbal_yaw_control_t_point
    chassis_task.o(i.Chassis_Init) refers to pid.o(i.PID_Init) for PID_Init
    chassis_task.o(i.Chassis_Init) refers to can_receive.o(i.get_Power_Motor_Measure_Point) for get_Power_Motor_Measure_Point
    chassis_task.o(i.Chassis_Init) refers to can_receive.o(i.get_Steer_Motor_Measure_Point) for get_Steer_Motor_Measure_Point
    chassis_task.o(i.Chassis_Init) refers to chassis_task.o(.data) for chassis_power_spd_pid
    chassis_task.o(i.Chassis_Mode_Set) refers to chassis_task.o(i.Remote_Ctrl) for Remote_Ctrl
    chassis_task.o(i.Chassis_Mode_Set) refers to chassis_task.o(i.Chassis_Romete_Mode) for Chassis_Romete_Mode
    chassis_task.o(i.Chassis_Mode_Set) refers to chassis_task.o(i.Key_Mouse_Ctrl) for Key_Mouse_Ctrl
    chassis_task.o(i.Chassis_Mode_Set) refers to chassis_task.o(.data) for steer_age_offset
    chassis_task.o(i.Chassis_Motor_Control) refers to pid.o(i.PID_Calc) for PID_Calc
    chassis_task.o(i.Chassis_Motor_Control) refers to can_receive.o(i.CAN1_CMD_CHASSIS) for CAN1_CMD_CHASSIS
    chassis_task.o(i.Chassis_Motor_Control) refers to can_receive.o(i.CAN2_CMD_CONTROL) for CAN2_CMD_CONTROL
    chassis_task.o(i.Chassis_Motor_Control) refers to tasks.o(i.vTaskDelay) for vTaskDelay
    chassis_task.o(i.Chassis_Motor_Control) refers to chassis_task.o(.data) for power_out
    chassis_task.o(i.Chassis_Romete_Mode) refers to f2d.o(.text) for __aeabi_f2d
    chassis_task.o(i.Chassis_Romete_Mode) refers to sqrt_full.o(i.__hardfp_sqrt) for __hardfp_sqrt
    chassis_task.o(i.Chassis_Romete_Mode) refers to d2f.o(.text) for __aeabi_d2f
    chassis_task.o(i.Chassis_Romete_Mode) refers to atan2.o(i.__hardfp_atan2) for __hardfp_atan2
    chassis_task.o(i.Chassis_Romete_Mode) refers to dmul.o(.text) for __aeabi_dmul
    chassis_task.o(i.Chassis_Romete_Mode) refers to fabs.o(i.__hardfp_fabs) for __hardfp_fabs
    chassis_task.o(i.Chassis_Romete_Mode) refers to cdcmple.o(.text) for __aeabi_cdcmple
    chassis_task.o(i.Chassis_Romete_Mode) refers to chassis_task.o(.data) for steer_age_offset
    chassis_task.o(i.Chassis_Turn) refers to user_lib.o(i.Chassis_Key_MoveRamp) for Chassis_Key_MoveRamp
    chassis_task.o(i.Chassis_Turn) refers to pid.o(i.PID_Calc) for PID_Calc
    chassis_task.o(i.Chassis_Turn) refers to user_lib.o(i.RAMP_float) for RAMP_float
    chassis_task.o(i.Chassis_Turn) refers to remotecontrol.o(.bss) for rc_ctrl
    chassis_task.o(i.Chassis_Turn) refers to chassis_task.o(.data) for timeXBack
    chassis_task.o(i.Chassis_Turn) refers to gimbal_task.o(.data) for DRIVE_MODE
    chassis_task.o(i.Chassis_Turn) refers to remotecontrol.o(.data) for INPUTMOD
[...]
    CRYP_IRQHandler                          0x08000273   Thumb Code     0  startup_stm32f40_41xxx.o(.text)
    DCMI_IRQHandler                          0x08000273   Thumb Code     0  startup_stm32f40_41xxx.o(.text)
    DMA1_Stream0_IRQHandler                  0x08000273   Thumb Code     0  startup_stm32f40_41xxx.o(.text)
    DMA1_Stream1_IRQHandler                  0x08000273   Thumb Code     0  startup_stm32f40_41xxx.o(.text)
    DMA1_Stream2_IRQHandler                  0x08000273   Thumb Code     0  startup_stm32f40_41xxx.o(.text)
    DMA1_Stream3_IRQHandler                  0x08000273   Thumb Code     0  startup_stm32f40_41xxx.o(.text)
    DMA1_Stream4_IRQHandler                  0x08000273   Thumb Code     0  startup_stm32f40_41xxx.o(.text)
    DMA1_Stream5_IRQHandler                  0x08000273   Thumb Code     0  startup_stm32f40_41xxx.o(.text)
    DMA1_Stream6_IRQHandler                  0x08000273   Thumb Code     0  startup_stm32f40_41xxx.o(.text)
    DMA1_Stream7_IRQHandler                  0x08000273   Thumb Code     0  startup_stm32f40_41xxx.o(.text)
    DMA2_Stream0_IRQHandler                  0x08000273   Thumb Code     0  startup_stm32f40_41xxx.o(.text)
    DMA2_Stream1_IRQHandler                  0x08000273   Thumb Code     0  startup_stm32f40_41xxx.o(.text)
    DMA2_Stream2_IRQHandler                  0x08000273   Thumb Code     0  startup_stm32f40_41xxx.o(.text)
    DMA2_Stream3_IRQHandler                  0x08000273   Thumb Code     0  startup_stm32f40_41xxx.o(.text)
    DMA2_Stream4_IRQHandler                  0x08000273   Thumb Code     0  startup_stm32f40_41xxx.o(.text)
    DMA2_Stream5_IRQHandler                  0x08000273   Thumb Code     0  startup_stm32f40_41xxx.o(.text)
    DMA2_Stream6_IRQHandler                  0x08000273   Thumb Code     0  startup_stm32f40_41xxx.o(.text)
    DMA2_Stream7_IRQHandler                  0x08000273   Thumb Code     0  startup_stm32f40_41xxx.o(.text)
    ETH_IRQHandler                           0x08000273   Thumb Code     0  startup_stm32f40_41xxx.o(.text)
    ETH_WKUP_IRQHandler                      0x08000273   Thumb Code     0  startup_stm32f40_41xxx.o(.text)
    EXTI0_IRQHandler                         0x08000273   Thumb Code     0  startup_stm32f40_41xxx.o(.text)
    EXTI15_10_IRQHandler                     0x08000273   Thumb Code     0  startup_stm32f40_41xxx.o(.text)
    EXTI1_IRQHandler                         0x08000273   Thumb Code     0  startup_stm32f40_41xxx.o(.text)
    EXTI2_IRQHandler                         0x08000273   Thumb Code     0  startup_stm32f40_41xxx.o(.text)
    EXTI3_IRQHandler                         0x08000273   Thumb Code     0  startup_stm32f40_41xxx.o(.text)
    EXTI4_IRQHandler                         0x08000273   Thumb Code     0  startup_stm32f40_41xxx.o(.text)
    EXTI9_5_IRQHandler                       0x08000273   Thumb Code     0  startup_stm32f40_41xxx.o(.text)
    FLASH_IRQHandler                         0x08000273   Thumb Code     0  startup_stm32f40_41xxx.o(.text)
    FPU_IRQHandler                           0x08000273   Thumb Code     0  startup_stm32f40_41xxx.o(.text)
    FSMC_IRQHandler                          0x08000273   Thumb Code     0  startup_stm32f40_41xxx.o(.text)
    HASH_RNG_IRQHandler                      0x08000273   Thumb Code     0  startup_stm32f40_41xxx.o(.text)
    I2C1_ER_IRQHandler                       0x08000273   Thumb Code     0  startup_stm32f40_41xxx.o(.text)
    I2C1_EV_IRQHandler                       0x08000273   Thumb Code     0  startup_stm32f40_41xxx.o(.text)
    I2C2_ER_IRQHandler                       0x08000273   Thumb Code     0  startup_stm32f40_41xxx.o(.text)
    I2C2_EV_IRQHandler                       0x08000273   Thumb Code     0  startup_stm32f40_41xxx.o(.text)
    I2C3_ER_IRQHandler                       0x08000273   Thumb Code     0  startup_stm32f40_41xxx.o(.text)
    I2C3_EV_IRQHandler                       0x08000273   Thumb Code     0  startup_stm32f40_41xxx.o(.text)
    OTG_FS_IRQHandler                        0x08000273   Thumb Code     0  startup_stm32f40_41xxx.o(.text)
    OTG_FS_WKUP_IRQHandler                   0x08000273   Thumb Code     0  startup_stm32f40_41xxx.o(.text)
    OTG_HS_EP1_IN_IRQHandler                 0x08000273   Thumb Code     0  startup_stm32f40_41xxx.o(.text)
    OTG_HS_EP1_OUT_IRQHandler                0x08000273   Thumb Code     0  startup_stm32f40_41xxx.o(.text)
    OTG_HS_IRQHandler                        0x08000273   Thumb Code     0  startup_stm32f40_41xxx.o(.text)
    OTG_HS_WKUP_IRQHandler                   0x08000273   Thumb Code     0  startup_stm32f40_41xxx.o(.text)
    PVD_IRQHandler                           0x08000273   Thumb Code     0  startup_stm32f40_41xxx.o(.text)
    RCC_IRQHandler                           0x08000273   Thumb Code     0  startup_stm32f40_41xxx.o(.text)
    RTC_Alarm_IRQHandler                     0x08000273   Thumb Code     0  startup_stm32f40_41xxx.o(.text)
    RTC_WKUP_IRQHandler                      0x08000273   Thumb Code     0  startup_stm32f40_41xxx.o(.text)
    SDIO_IRQHandler                          0x08000273   Thumb Code     0  startup_stm32f40_41xxx.o(.text)
    SPI1_IRQHandler                          0x08000273   Thumb Code     0  startup_stm32f40_41xxx.o(.text)
    SPI2_IRQHandler                          0x08000273   Thumb Code     0  startup_stm32f40_41xxx.o(.text)
    SPI3_IRQHandler                          0x08000273   Thumb Code     0  startup_stm32f40_41xxx.o(.text)
    TAMP_STAMP_IRQHandler                    0x08000273   Thumb Code     0  startup_stm32f40_41xxx.o(.text)
    TIM1_BRK_TIM9_IRQHandler                 0x08000273   Thumb Code     0  startup_stm32f40_41xxx.o(.text)
    TIM1_CC_IRQHandler                       0x08000273   Thumb Code     0  startup_stm32f40_41xxx.o(.text)
    TIM1_TRG_COM_TIM11_IRQHandler            0x08000273   Thumb Code     0  startup_stm32f40_41xxx.o(.text)
    TIM1_UP_TIM10_IRQHandler                 0x08000273   Thumb Code     0  startup_stm32f40_41xxx.o(.text)
    TIM2_IRQHandler                          0x08000273   Thumb Code     0  startup_stm32f40_41xxx.o(.text)
    TIM3_IRQHandler                          0x08000273   Thumb Code     0  startup_stm32f40_41xxx.o(.text)
    TIM4_IRQHandler                          0x08000273   Thumb Code     0  startup_stm32f40_41xxx.o(.text)
    TIM5_IRQHandler                          0x08000273   Thumb Code     0  startup_stm32f40_41xxx.o(.text)
    TIM7_IRQHandler                          0x08000273   Thumb Code     0  startup_stm32f40_41xxx.o(.text)
    TIM8_BRK_TIM12_IRQHandler                0x08000273   Thumb Code     0  startup_stm32f40_41xxx.o(.text)
    TIM8_CC_IRQHandler                       0x08000273   Thumb Code     0  startup_stm32f40_41xxx.o(.text)
    TIM8_TRG_COM_TIM14_IRQHandler            0x08000273   Thumb Code     0  startup_stm32f40_41xxx.o(.text)
    TIM8_UP_TIM13_IRQHandler                 0x08000273   Thumb Code     0  startup_stm32f40_41xxx.o(.text)
    UART4_IRQHandler                         0x08000273   Thumb Code     0  startup_stm32f40_41xxx.o(.text)
    UART5_IRQHandler                         0x08000273   Thumb Code     0  startup_stm32f40_41xxx.o(.text)
    USART3_IRQHandler                        0x08000273   Thumb Code     0  startup_stm32f40_41xxx.o(.text)
    WWDG_IRQHandler                          0x08000273   Thumb Code     0  startup_stm32f40_41xxx.o(.text)
    arm_mat_init_f32                         0x0800027d   Thumb Code     8  arm_mat_init_f32.o(.text)
    arm_mat_inverse_f32                      0x08000285   Thumb Code  1328  arm_mat_inverse_f32.o(.text)
    arm_mat_mult_f32                         0x080007b5   Thumb Code   312  arm_mat_mult_f32.o(.text)
    __aeabi_memcpy                           0x080008f1   Thumb Code    36  memcpya.o(.text)
    __aeabi_memcpy4                          0x080008f1   Thumb Code     0  memcpya.o(.text)
    __aeabi_memcpy8                          0x080008f1   Thumb Code     0  memcpya.o(.text)
    __aeabi_memset                           0x08000915   Thumb Code    14  memseta.o(.text)
    __aeabi_memset4                          0x08000915   Thumb Code     0  memseta.o(.text)
    __aeabi_memset8                          0x08000915   Thumb Code     0  memseta.o(.text)
    __aeabi_memclr                           0x08000923   Thumb Code     4  memseta.o(.text)
    __aeabi_memclr4                          0x08000923   Thumb Code     0  memseta.o(.text)
    __aeabi_memclr8                          0x08000923   Thumb Code     0  memseta.o(.text)
    _memset$wrapper                          0x08000927   Thumb Code    18  memseta.o(.text)
    __aeabi_dadd                             0x08000939   Thumb Code   322  dadd.o(.text)
    __aeabi_dsub                             0x08000a7b   Thumb Code     6  dadd.o(.text)
    __aeabi_drsub                            0x08000a81   Thumb Code     6  dadd.o(.text)
    __aeabi_dmul                             0x08000a87   Thumb Code   228  dmul.o(.text)
    __aeabi_ddiv                             0x08000b6b   Thumb Code   222  ddiv.o(.text)
    __aeabi_i2d                              0x08000c49   Thumb Code    34  dflti.o(.text)
    __aeabi_ui2d                             0x08000c6b   Thumb Code    26  dfltui.o(.text)
    __aeabi_f2d                              0x08000c85   Thumb Code    38  f2d.o(.text)
    __aeabi_cdcmpeq                          0x08000cad   Thumb Code     0  cdcmple.o(.text)
    __aeabi_cdcmple                          0x08000cad   Thumb Code    48  cdcmple.o(.text)
    __aeabi_cdrcmple                         0x08000cdd   Thumb Code    48  cdrcmple.o(.text)
    __aeabi_d2f                              0x08000d0d   Thumb Code    56  d2f.o(.text)
    __aeabi_uidiv                            0x08000d45   Thumb Code     0  uidiv.o(.text)
    __aeabi_uidivmod                         0x08000d45   Thumb Code    44  uidiv.o(.text)
    __aeabi_llsl                             0x08000d71   Thumb Code    30  llshl.o(.text)
    _ll_shift_l                              0x08000d71   Thumb Code     0  llshl.o(.text)
    __aeabi_lasr                             0x08000d8f   Thumb Code    36  llsshr.o(.text)
    _ll_sshift_r                             0x08000d8f   Thumb Code     0  llsshr.o(.text)
    __I$use$fp                               0x08000db3   Thumb Code     0  iusefp.o(.text)
    _float_round                             0x08000db3   Thumb Code    18  fepilogue.o(.text)
    _float_epilogue                          0x08000dc5   Thumb Code    92  fepilogue.o(.text)
    _double_round                            0x08000e21   Thumb Code    30  depilogue.o(.text)
    _double_epilogue                         0x08000e3f   Thumb Code   156  depilogue.o(.text)
    _dsqrt                                   0x08000edb   Thumb Code   162  dsqrt.o(.text)
    __scatterload                            0x08000f7d   Thumb Code    28  init.o(.text)
    __scatterload_rt2                        0x08000f7d   Thumb Code     0  init.o(.text)
    __aeabi_llsr                             0x08000fa1   Thumb Code    32  llushr.o(.text)
    _ll_ushift_r                             0x08000fa1   Thumb Code     0  llushr.o(.text)
    __aeabi_d2iz                             0x08000fc1   Thumb Code    62  dfixi.o(.text)
    __decompress                             0x08000fff   Thumb Code     0  __dczerorl2.o(.text)
    __decompress1                            0x08000fff   Thumb Code    86  __dczerorl2.o(.text)
    ACCEL_Calibration                        0x08001055   Thumb Code   688  imutask.o(i.ACCEL_Calibration)
    ACCEL_Filter                             0x08001341   Thumb Code   172  imutask.o(i.ACCEL_Filter)
    AHRSUpdate_GraDes_Delay_Corretion        0x080013f9   Thumb Code  3506  imutask.o(i.AHRSUpdate_GraDes_Delay_Corretion)
    Acce_Correct_Filter                      0x080021dd   Thumb Code    16  filter_control.o(i.Acce_Correct_Filter)
    Accel_calibration_get                    0x080021f1   Thumb Code   246  imutask.o(i.Accel_calibration_get)
    Atti2Mat_d                               0x08002301   Thumb Code   974  filter_control.o(i.Atti2Mat_d)
    BusFault_Handler                         0x080026d9   Thumb Code     4  stm32f4xx_it.o(i.BusFault_Handler)
    CAN1_CMD_CHASSIS                         0x080026dd   Thumb Code    94  can_receive.o(i.CAN1_CMD_CHASSIS)
    CAN1_CMD_GIMBAL                          0x08002741   Thumb Code    88  can_receive.o(i.CAN1_CMD_GIMBAL)
    CAN1_RX0_IRQHandler                      0x0800279d   Thumb Code    38  can_receive.o(i.CAN1_RX0_IRQHandler)
    CAN1_mode_init                           0x080027cd   Thumb Code   282  can.o(i.CAN1_mode_init)
    CAN2_CMD_CONTROL                         0x080028f1   Thumb Code    94  can_receive.o(i.CAN2_CMD_CONTROL)
    CAN2_RX1_IRQHandler                      0x08002955   Thumb Code    38  can_receive.o(i.CAN2_RX1_IRQHandler)
    CAN2_mode_init                           0x08002985   Thumb Code   282  can.o(i.CAN2_mode_init)
    CAN_CMD_IO                               0x08002aad   Thumb Code    44  can_receive.o(i.CAN_CMD_IO)
    CAN_CMD_KEYMOUSE                         0x08002add   Thumb Code    92  can_receive.o(i.CAN_CMD_KEYMOUSE)
    CAN_CMD_RC                               0x08002b3d   Thumb Code    96  can_receive.o(i.CAN_CMD_RC)
    CAN_ClearITPendingBit                    0x08002ba1   Thumb Code   162  stm32f4xx_can.o(i.CAN_ClearITPendingBit)
    CAN_FilterInit                           0x08002c49   Thumb Code   258  stm32f4xx_can.o(i.CAN_FilterInit)
    CAN_GetITStatus                          0x08002d51   Thumb Code   284  stm32f4xx_can.o(i.CAN_GetITStatus)
    CAN_ITConfig                             0x08002e71   Thumb Code    18  stm32f4xx_can.o(i.CAN_ITConfig)
    CAN_Init                                 0x08002e83   Thumb Code   276  stm32f4xx_can.o(i.CAN_Init)
    CAN_Receive                              0x08002f97   Thumb Code   240  stm32f4xx_can.o(i.CAN_Receive)
    CAN_Transmit                             0x08003087   Thumb Code   294  stm32f4xx_can.o(i.CAN_Transmit)
    Chassis_Key_MoveRamp                     0x08003871   Thumb Code   190  user_lib.o(i.Chassis_Key_MoveRamp)
    Chassis_Mode_Set                         0x08003945   Thumb Code   222  chassis_task.o(i.Chassis_Mode_Set)
    Chassis_Motor_Control                    0x08003a2d   Thumb Code   346  chassis_task.o(i.Chassis_Motor_Control)
    Chassis_Romete_Mode                      0x08003b91   Thumb Code  2508  chassis_task.o(i.Chassis_Romete_Mode)
    Chassis_Turn                             0x08004565   Thumb Code  1534  chassis_task.o(i.Chassis_Turn)
    Chassis_task                             0x08004b85   Thumb Code    30  chassis_task.o(i.Chassis_task)
    Chebyshev50HzLPF                         0x08004bad   Thumb Code   312  filter_control.o(i.Chebyshev50HzLPF)
    Constrain_float                          0x08004cff   Thumb Code    42  user_lib.o(i.Constrain_float)
    DMA_ClearFlag                            0x08004d29   Thumb Code    38  stm32f4xx_dma.o(i.DMA_ClearFlag)
    DMA_Cmd                                  0x08004d5d   Thumb Code    22  stm32f4xx_dma.o(i.DMA_Cmd)
    DMA_DeInit                               0x08004d75   Thumb Code   324  stm32f4xx_dma.o(i.DMA_DeInit)
    DMA_DoubleBufferModeCmd                  0x08004ecd   Thumb Code    22  stm32f4xx_dma.o(i.DMA_DoubleBufferModeCmd)
    DMA_DoubleBufferModeConfig               0x08004ee3   Thumb Code    24  stm32f4xx_dma.o(i.DMA_DoubleBufferModeConfig)
    DMA_GetCurrDataCounter                   0x08004efb   Thumb Code     8  stm32f4xx_dma.o(i.DMA_GetCurrDataCounter)
    DMA_GetCurrentMemoryTarget               0x08004f03   Thumb Code    20  stm32f4xx_dma.o(i.DMA_GetCurrentMemoryTarget)
    DMA_Init                                 0x08004f19   Thumb Code    82  stm32f4xx_dma.o(i.DMA_Init)
    DMA_SetCurrDataCounter                   0x08004f71   Thumb Code     4  stm32f4xx_dma.o(i.DMA_SetCurrDataCounter)
    DebugMon_Handler                         0x08004f75   Thumb Code     2  stm32f4xx_it.o(i.DebugMon_Handler)
    DetectHook                               0x08004f79   Thumb Code   288  detect_task.o(i.DetectHook)
    FLASH_ClearFlag                          0x0800509d   Thumb Code     6  stm32f4xx_flash.o(i.FLASH_ClearFlag)
    FLASH_EraseSector                        0x080050a9   Thumb Code   130  stm32f4xx_flash.o(i.FLASH_EraseSector)
    FLASH_GetStatus                          0x08005131   Thumb Code    80  stm32f4xx_flash.o(i.FLASH_GetStatus)
    FLASH_Lock                               0x08005185   Thumb Code    14  stm32f4xx_flash.o(i.FLASH_Lock)
    FLASH_ProgramByte                        0x08005199   Thumb Code    70  stm32f4xx_flash.o(i.FLASH_ProgramByte)
    FLASH_Unlock                             0x080051e5   Thumb Code    24  stm32f4xx_flash.o(i.FLASH_Unlock)
    FLASH_WaitForLastOperation               0x08005209   Thumb Code    34  stm32f4xx_flash.o(i.FLASH_WaitForLastOperation)
    FlashAllEraseBoot                        0x0800522b   Thumb Code    26  bsp_flash.o(i.FlashAllEraseBoot)
    FlashReadK                               0x08005245   Thumb Code    24  bsp_flash.o(i.FlashReadK)
    FlashWriteK                              0x08005261   Thumb Code    48  bsp_flash.o(i.FlashWriteK)
    GPIO_Init                                0x08005295   Thumb Code   144  stm32f4xx_gpio.o(i.GPIO_Init)
    GPIO_PinAFConfig                         0x08005325   Thumb Code    70  stm32f4xx_gpio.o(i.GPIO_PinAFConfig)
    GPIO_ReadInputDataBit                    0x0800536b   Thumb Code    18  stm32f4xx_gpio.o(i.GPIO_ReadInputDataBit)
    GPIO_ResetBits                           0x0800537d   Thumb Code     4  stm32f4xx_gpio.o(i.GPIO_ResetBits)
    GPIO_SetBits                             0x08005381   Thumb Code     4  stm32f4xx_gpio.o(i.GPIO_SetBits)
    GYRO_Filter                              0x08005385   Thumb Code   152  imutask.o(i.GYRO_Filter)
    Get_Sys_Ticks                            0x08005425   Thumb Code    94  mpu_time_init.o(i.Get_Sys_Ticks)
    Gimbal_task                              0x08005861   Thumb Code    30  gimbal_task.o(i.Gimbal_task)
    Gyro_Correct_Filter                      0x08005889   Thumb Code   104  filter_control.o(i.Gyro_Correct_Filter)
    HardFault_Handler                        0x08005901   Thumb Code     4  stm32f4xx_it.o(i.HardFault_Handler)
    IMU_Calibration                          0x08005905   Thumb Code   134  imutask.o(i.IMU_Calibration)
    IMU_Init                                 0x080059a1   Thumb Code    26  imutask.o(i.IMU_Init)
    IMU_task                                 0x080059bd   Thumb Code   124  imutask.o(i.IMU_task)
    Key_Init                                 0x08005a49   Thumb Code    46  gpio.o(i.Key_Init)
    Key_Mouse_Ctrl                           0x08005a7d   Thumb Code   406  chassis_task.o(i.Key_Mouse_Ctrl)
    MPU6500_1_init                           0x08005c41   Thumb Code   310  bsp_mpu9250_init.o(i.MPU6500_1_init)
    MPU6500_2_init                           0x08005d77   Thumb Code   310  bsp_mpu9250_init.o(i.MPU6500_2_init)
    MPU6500_Init                             0x08005ead   Thumb Code    26  bsp_mpu9250_init.o(i.MPU6500_Init)
    MPU9250_Get_Accelerometer                0x08005ec7   Thumb Code   178  bsp_mpu9250_init.o(i.MPU9250_Get_Accelerometer)
    MPU9250_Get_Gyroscope                    0x08005f79   Thumb Code   220  bsp_mpu9250_init.o(i.MPU9250_Get_Gyroscope)
    MPU9250_Get_Temperature                  0x08006055   Thumb Code    94  bsp_mpu9250_init.o(i.MPU9250_Get_Temperature)
    MPU9250_Read_Byte                        0x080060c5   Thumb Code    78  bsp_mpu9250_init.o(i.MPU9250_Read_Byte)
    MPU9250_Read_Len                         0x0800611d   Thumb Code   116  bsp_mpu9250_init.o(i.MPU9250_Read_Len)
    MPU9250_Write_Byte                       0x08006199   Thumb Code    76  bsp_mpu9250_init.o(i.MPU9250_Write_Byte)
    MPU_SPI_Configuration                    0x080061ed   Thumb Code   140  bsp_mpu9250_init.o(i.MPU_SPI_Configuration)
    Mat2Quat                                 0x08006285   Thumb Code  3628  filter_control.o(i.Mat2Quat)
    Mat_Trans_d                              0x080070b9   Thumb Code    98  filter_control.o(i.Mat_Trans_d)
    MemManage_Handler                        0x0800711b   Thumb Code     4  stm32f4xx_it.o(i.MemManage_Handler)
    NMI_Handler                              0x0800711f   Thumb Code     2  stm32f4xx_it.o(i.NMI_Handler)
    NVIC_Init                                0x08007121   Thumb Code   106  misc.o(i.NVIC_Init)
    NVIC_PriorityGroupConfig                 0x08007199   Thumb Code    10  misc.o(i.NVIC_PriorityGroupConfig)
    PID_Calc                                 0x080071ad   Thumb Code   492  pid.o(i.PID_Calc)
    PID_Init                                 0x0800739d   Thumb Code    92  pid.o(i.PID_Init)
    PcDataCheck                              0x080073fd   Thumb Code    22  usart.o(i.PcDataCheck)
    RAMP_float                               0x08007415   Thumb Code   102  user_lib.o(i.RAMP_float)
    RCC_AHB1PeriphClockCmd                   0x08007481   Thumb Code    26  stm32f4xx_rcc.o(i.RCC_AHB1PeriphClockCmd)
    RCC_APB1PeriphClockCmd                   0x080074a1   Thumb Code    26  stm32f4xx_rcc.o(i.RCC_APB1PeriphClockCmd)
    RCC_APB1PeriphResetCmd                   0x080074c1   Thumb Code    26  stm32f4xx_rcc.o(i.RCC_APB1PeriphResetCmd)
    RCC_APB2PeriphClockCmd                   0x080074e1   Thumb Code    26  stm32f4xx_rcc.o(i.RCC_APB2PeriphClockCmd)
    RCC_APB2PeriphResetCmd                   0x08007501   Thumb Code    26  stm32f4xx_rcc.o(i.RCC_APB2PeriphResetCmd)
    RCC_GetClocksFreq                        0x08007521   Thumb Code   214  stm32f4xx_rcc.o(i.RCC_GetClocksFreq)
    RC_Init                                  0x08007609   Thumb Code   320  rc.o(i.RC_Init)
    Remote_Ctrl                              0x080077f5   Thumb Code   206  chassis_task.o(i.Remote_Ctrl)
    SPI1_Init                                0x080079bd   Thumb Code   186  mpu_spi_init.o(i.SPI1_Init)
    SPI1_ReadWriteByte                       0x08007a81   Thumb Code    50  mpu_spi_init.o(i.SPI1_ReadWriteByte)
    SPI_Cmd                                  0x08007ab9   Thumb Code    24  stm32f4xx_spi.o(i.SPI_Cmd)
    SPI_I2S_GetFlagStatus                    0x08007ad1   Thumb Code    18  stm32f4xx_spi.o(i.SPI_I2S_GetFlagStatus)
    SPI_I2S_ReceiveData                      0x08007ae3   Thumb Code     6  stm32f4xx_spi.o(i.SPI_I2S_ReceiveData)
    SPI_I2S_SendData                         0x08007ae9   Thumb Code     4  stm32f4xx_spi.o(i.SPI_I2S_SendData)
    SPI_Init                                 0x08007aed   Thumb Code    60  stm32f4xx_spi.o(i.SPI_Init)
    SysTick_CLKSourceConfig                  0x08007c15   Thumb Code    40  misc.o(i.SysTick_CLKSourceConfig)
    SysTick_Handler                          0x08007c3d   Thumb Code    16  delay.o(i.SysTick_Handler)
    SystemInit                               0x08007c4d   Thumb Code    88  system_stm32f4xx.o(i.SystemInit)
    System_Init                              0x08007cb5   Thumb Code    66  start_task.o(i.System_Init)
    TIM6_DAC_IRQHandler                      0x08007cf9   Thumb Code    30  can_receive.o(i.TIM6_DAC_IRQHandler)
    TIM_ClearFlag                            0x08007d1d   Thumb Code     6  stm32f4xx_tim.o(i.TIM_ClearFlag)
    TIM_Cmd                                  0x08007d23   Thumb Code    24  stm32f4xx_tim.o(i.TIM_Cmd)
    TIM_GetITStatus                          0x08007d3b   Thumb Code    34  stm32f4xx_tim.o(i.TIM_GetITStatus)
    USART1_IRQHandler                        0x08007d5d   Thumb Code    64  usart1.o(i.USART1_IRQHandler)
    USART2_IRQHandler                        0x08007da5   Thumb Code   240  remotecontrol.o(i.USART2_IRQHandler)
    USART6_IRQHandler                        0x08007ead   Thumb Code   262  usart.o(i.USART6_IRQHandler)
    USART_ClearFlag                          0x08007fc5   Thumb Code    18  stm32f4xx_usart.o(i.USART_ClearFlag)
    USART_ClearITPendingBit                  0x08007fd7   Thumb Code    30  stm32f4xx_usart.o(i.USART_ClearITPendingBit)
    USART_Cmd                                0x08007ff5   Thumb Code    24  stm32f4xx_usart.o(i.USART_Cmd)
    USART_DMACmd                             0x0800800d   Thumb Code    18  stm32f4xx_usart.o(i.USART_DMACmd)
    USART_DeInit                             0x08008021   Thumb Code   206  stm32f4xx_usart.o(i.USART_DeInit)
    USART_GetITStatus                        0x08008111   Thumb Code    84  stm32f4xx_usart.o(i.USART_GetITStatus)
    USART_ITConfig                           0x08008165   Thumb Code    74  stm32f4xx_usart.o(i.USART_ITConfig)
    USART_Init                               0x080081b1   Thumb Code   204  stm32f4xx_usart.o(i.USART_Init)
    USART_ReceiveData                        0x08008285   Thumb Code    10  stm32f4xx_usart.o(i.USART_ReceiveData)
    UsageFault_Handler                       0x0800828f   Thumb Code     4  stm32f4xx_it.o(i.UsageFault_Handler)
    __0printf$3                              0x08008295   Thumb Code    22  printf3.o(i.__0printf$3)
    __1printf$3                              0x08008295   Thumb Code     0  printf3.o(i.__0printf$3)
    __2printf                                0x08008295   Thumb Code     0  printf3.o(i.__0printf$3)
    __ARM_fpclassify                         0x080082b5   Thumb Code    48  fpclassify.o(i.__ARM_fpclassify)
    __hardfp_asin                            0x080082e9   Thumb Code   770  asin.o(i.__hardfp_asin)
    __hardfp_atan                            0x08008649   Thumb Code   622  atan.o(i.__hardfp_atan)
    __hardfp_atan2                           0x08008921   Thumb Code   448  atan2.o(i.__hardfp_atan2)
    __hardfp_cos                             0x08008b21   Thumb Code   180  cos.o(i.__hardfp_cos)
    __hardfp_fabs                            0x08008be9   Thumb Code    20  fabs.o(i.__hardfp_fabs)
    __hardfp_sin                             0x08008c01   Thumb Code   180  sin.o(i.__hardfp_sin)
    __hardfp_sqrt                            0x08008cc9   Thumb Code   122  sqrt_full.o(i.__hardfp_sqrt)
    __ieee754_rem_pio2                       0x08008d49   Thumb Code   938  rred.o(i.__ieee754_rem_pio2)
    __kernel_cos                             0x08009181   Thumb Code   322  cos_i.o(i.__kernel_cos)
    __kernel_poly                            0x080092f1   Thumb Code   248  poly.o(i.__kernel_poly)
    __kernel_sin                             0x080093e9   Thumb Code   280  sin_i.o(i.__kernel_sin)
    __mathlib_dbl_infnan                     0x08009519   Thumb Code    20  dunder.o(i.__mathlib_dbl_infnan)
    __mathlib_dbl_infnan2                    0x0800952d   Thumb Code    20  dunder.o(i.__mathlib_dbl_infnan2)
    __mathlib_dbl_invalid                    0x08009541   Thumb Code    24  dunder.o(i.__mathlib_dbl_invalid)
    __mathlib_dbl_underflow                  0x08009561   Thumb Code    24  dunder.o(i.__mathlib_dbl_underflow)
    __scatterload_copy                       0x08009581   Thumb Code    14  handlers.o(i.__scatterload_copy)
    __scatterload_null                       0x0800958f   Thumb Code     2  handlers.o(i.__scatterload_null)
    __scatterload_zeroinit                   0x08009591   Thumb Code    14  handlers.o(i.__scatterload_zeroinit)
    __set_errno                              0x080095a1   Thumb Code     6  errno.o(i.__set_errno)
    accel_data_update                        0x08009765   Thumb Code   124  accelerometer_calibration.o(i.accel_data_update)
    accel_mat_init                           0x080097ed   Thumb Code   332  accelerometer_calibration.o(i.accel_mat_init)
    atan                                     0x08009989   Thumb Code    16  atan.o(i.atan)
    caculate_mat                             0x08009999   Thumb Code   138  accelerometer_calibration.o(i.caculate_mat)
    cali_accel_para                          0x08009a2d   Thumb Code   250  accelerometer_calibration.o(i.cali_accel_para)
    cali_fenction                            0x08009b51   Thumb Code     8  accelerometer_calibration.o(i.cali_fenction)
    constrain                                0x08009b59   Thumb Code    30  filter_control.o(i.constrain)
    delay_init                               0x08009b79   Thumb Code    58  delay.o(i.delay_init)
    delay_ms                                 0x08009bbd   Thumb Code   136  delay.o(i.delay_ms)
    fabs                                     0x08009c49   Thumb Code    24  fabs.o(i.fabs)
    fputc                                    0x08009c61   Thumb Code    22  sys.o(i.fputc)
    get_Gyro_Angle_Point                     0x08009c7d   Thumb Code     4  imutask.o(i.get_Gyro_Angle_Point)
    get_Pitch_Motor_Measure_Point            0x08009c85   Thumb Code     4  can_receive.o(i.get_Pitch_Motor_Measure_Point)
    get_Power_Motor_Measure_Point            0x08009c8d   Thumb Code    14  can_receive.o(i.get_Power_Motor_Measure_Point)
    get_Steer_Motor_Measure_Point            0x08009ca1   Thumb Code    14  can_receive.o(i.get_Steer_Motor_Measure_Point)
    get_Yaw_Motor_Measure_Point              0x08009cb5   Thumb Code     4  can_receive.o(i.get_Yaw_Motor_Measure_Point)
    get_gimbal_yaw_control_t_point           0x08009cbd   Thumb Code     4  gimbal_task.o(i.get_gimbal_yaw_control_t_point)
    get_relative_pos                         0x08009cc5   Thumb Code   118  user_lib.o(i.get_relative_pos)
    get_remote_control_point                 0x08009d49   Thumb Code     4  remotecontrol.o(i.get_remote_control_point)
    invSqrt                                  0x08009d61   Thumb Code    56  filter_control.o(i.invSqrt)
    main                                     0x08009d9d   Thumb Code    12  main.o(i.main)
    mpu_delay_ms                             0x08009da9   Thumb Code    28  mpu_delay.o(i.mpu_delay_ms)
    my_sqrt                                  0x08009dc5   Thumb Code    88  filter_control.o(i.my_sqrt)
    osKernelSysTick                          0x08009e21   Thumb Code    20  cmsis_os.o(i.osKernelSysTick)
    pvPortMalloc                             0x0800a969   Thumb Code   262  heap_4.o(i.pvPortMalloc)
    pvTaskIncrementMutexHeldCount            0x0800aac5   Thumb Code    26  tasks.o(i.pvTaskIncrementMutexHeldCount)
    pxPortInitialiseStack                    0x0800aae5   Thumb Code    38  port.o(i.pxPortInitialiseStack)
    remote_control_init                      0x0800ab11   Thumb Code    16  remotecontrol.o(i.remote_control_init)
    send_task                                0x0800ab25   Thumb Code    38  send_task.o(i.send_task)
    sqrt                                     0x0800ab55   Thumb Code   110  sqrt_full.o(i.sqrt)
    start_task                               0x0800abc5   Thumb Code    38  start_task.o(i.start_task)
    start_task_Create                        0x0800abf1   Thumb Code    28  start_task.o(i.start_task_Create)
    task_Chsssis_Create                      0x0800ac21   Thumb Code    26  chassis_task.o(i.task_Chsssis_Create)
    task_Gimbal_Create                       0x0800ac55   Thumb Code    26  gimbal_task.o(i.task_Gimbal_Create)
    task_IMU_Create                          0x0800ac85   Thumb Code    26  imutask.o(i.task_IMU_Create)
    task_Send_Create                         0x0800acb5   Thumb Code    26  send_task.o(i.task_Send_Create)
    uxListRemove                             0x0800ace5   Thumb Code    40  list.o(i.uxListRemove)
    uxTaskGetStackHighWaterMark              0x0800ad0d   Thumb Code    34  tasks.o(i.uxTaskGetStackHighWaterMark)
    vListInitialise                          0x0800ad35   Thumb Code    26  list.o(i.vListInitialise)
    vListInitialiseItem                      0x0800ad4f   Thumb Code     6  list.o(i.vListInitialiseItem)
    vListInsert                              0x0800ad55   Thumb Code    52  list.o(i.vListInsert)
    vListInsertEnd                           0x0800ad89   Thumb Code    24  list.o(i.vListInsertEnd)
    vPortEnterCritical                       0x0800ada1   Thumb Code    68  port.o(i.vPortEnterCritical)
    vPortExitCritical                        0x0800ae31   Thumb Code    48  port.o(i.vPortExitCritical)
    vPortFree                                0x0800aea9   Thumb Code   120  heap_4.o(i.vPortFree)
    vPortSetupTimerInterrupt                 0x0800af69   Thumb Code    26  port.o(i.vPortSetupTimerInterrupt)
    vPortValidateInterruptPriority           0x0800af89   Thumb Code    86  port.o(i.vPortValidateInterruptPriority)
    vQueueAddToRegistry                      0x0800b031   Thumb Code    38  queue.o(i.vQueueAddToRegistry)
    vQueueWaitForMessageRestricted           0x0800b05d   Thumb Code    74  queue.o(i.vQueueWaitForMessageRestricted)
    vTaskDelay                               0x0800b0a9   Thumb Code    72  tasks.o(i.vTaskDelay)
    vTaskDelete                              0x0800b125   Thumb Code   192  tasks.o(i.vTaskDelete)
    vTaskMissedYield                         0x0800b239   Thumb Code     8  tasks.o(i.vTaskMissedYield)
    vTaskPlaceOnEventList                    0x0800b245   Thumb Code    42  tasks.o(i.vTaskPlaceOnEventList)
    vTaskPlaceOnEventListRestricted          0x0800b2a1   Thumb Code    50  tasks.o(i.vTaskPlaceOnEventListRestricted)
    vTaskPriorityInherit                     0x0800b305   Thumb Code   164  tasks.o(i.vTaskPriorityInherit)
    vTaskSetTimeOutState                     0x0800b3b5   Thumb Code    32  tasks.o(i.vTaskSetTimeOutState)
    vTaskStartScheduler                      0x0800b409   Thumb Code   108  tasks.o(i.vTaskStartScheduler)
    vTaskSuspendAll                          0x0800b4bd   Thumb Code    12  tasks.o(i.vTaskSuspendAll)
    vTaskSwitchContext                       0x0800b4cd   Thumb Code   110  tasks.o(i.vTaskSwitchContext)
    xPortStartScheduler                      0x0800b57d   Thumb Code   258  port.o(i.xPortStartScheduler)
    xPortSysTickHandler                      0x0800b6e1   Thumb Code    46  port.o(i.xPortSysTickHandler)
    xQueueGenericCreate                      0x0800b715   Thumb Code    78  queue.o(i.xQueueGenericCreate)
    xQueueGenericReceive                     0x0800b791   Thumb Code   416  queue.o(i.xQueueGenericReceive)
    xQueueGenericReset                       0x0800b961   Thumb Code   136  queue.o(i.xQueueGenericReset)
    xQueueGenericSend                        0x0800ba19   Thumb Code   412  queue.o(i.xQueueGenericSend)
    xQueueGenericSendFromISR                 0x0800bbe5   Thumb Code   234  queue.o(i.xQueueGenericSendFromISR)
    xTaskCheckForTimeOut                     0x0800bcfd   Thumb Code   116  tasks.o(i.xTaskCheckForTimeOut)
    xTaskCreate                              0x0800bda5   Thumb Code    96  tasks.o(i.xTaskCreate)
    xTaskGetSchedulerState                   0x0800be05   Thumb Code    24  tasks.o(i.xTaskGetSchedulerState)
    xTaskGetTickCount                        0x0800be25   Thumb Code     6  tasks.o(i.xTaskGetTickCount)
    xTaskGetTickCountFromISR                 0x0800be31   Thumb Code    16  tasks.o(i.xTaskGetTickCountFromISR)
    xTaskIncrementTick                       0x0800be45   Thumb Code   272  tasks.o(i.xTaskIncrementTick)
    xTaskPriorityDisinherit                  0x0800bfad   Thumb Code   168  tasks.o(i.xTaskPriorityDisinherit)
    xTaskRemoveFromEventList                 0x0800c08d   Thumb Code   118  tasks.o(i.xTaskRemoveFromEventList)
    xTaskResumeAll                           0x0800c149   Thumb Code   214  tasks.o(i.xTaskResumeAll)
    xTimerCreateTimerTask                    0x0800c271   Thumb Code    56  timers.o(i.xTimerCreateTimerTask)
    xTimerGenericCommand                     0x0800c2e9   Thumb Code   118  timers.o(i.xTimerGenericCommand)
    NL                                       0x0800c390   Data           4  filter_control.o(.constdata)
    NUM                                      0x0800c398   Data         152  filter_control.o(.constdata)
    DL                                       0x0800c430   Data           4  filter_control.o(.constdata)
    DEN                                      0x0800c438   Data         152  filter_control.o(.constdata)
    __mathlib_zero                           0x0800c5e8   Data           8  qnan.o(.constdata)
    Region$$Table$$Base                      0x0800c6e0   Number         0  anon$$obj.o(Region$$Table)
    Region$$Table$$Limit                     0x0800c700   Number         0  anon$$obj.o(Region$$Table)
    ChassisTask_Handler                      0x20000000   Data           4  chassis_task.o(.data)
    CHASSIS_MODE                             0x20000004   Data           1  chassis_task.o(.data)
    Slope_Chassis_Move_Fron                  0x20000008   Data           4  chassis_task.o(.data)
    Slope_Chassis_Move_Back                  0x2000000c   Data           4  chassis_task.o(.data)
    Slope_Chassis_Move_Left                  0x20000010   Data           4  chassis_task.o(.data)
    Slope_Chassis_Move_Righ                  0x20000014   Data           4  chassis_task.o(.data)
    timeXFron                                0x20000018   Data           2  chassis_task.o(.data)
    timeXBack                                0x2000001a   Data           2  chassis_task.o(.data)
    timeYLeft                                0x2000001c   Data           2  chassis_task.o(.data)
    timeYRigh                                0x2000001e   Data           2  chassis_task.o(.data)
    steer_age_offset                         0x20000020   Data          16  chassis_task.o(.data)
    chassis_power_spd_pid                    0x20000030   Data          12  chassis_task.o(.data)
    chassis_steer_spd_pid                    0x2000003c   Data          12  chassis_task.o(.data)
    chassis_steer_age_pid                    0x20000048   Data          12  chassis_task.o(.data)
    chassis_follow_pid                       0x20000054   Data          12  chassis_task.o(.data)
    power_out                                0x20000060   Data           8  chassis_task.o(.data)
    Last_power_out                           0x20000068   Data           8  chassis_task.o(.data)
    steer_out                                0x20000070   Data           8  chassis_task.o(.data)
    GimbalTask_Handler                       0x20000084   Data           4  gimbal_task.o(.data)
    DRIVE_MODE                               0x20000088   Data           1  gimbal_task.o(.data)
    gimbal_pitch_age_pid                     0x2000008c   Data          12  gimbal_task.o(.data)
    gimbal_pitch_spd_pid                     0x20000098   Data          12  gimbal_task.o(.data)
    gimbal_yaw_age_pid                       0x200000a4   Data          12  gimbal_task.o(.data)
    gimbal_yaw_spd_pid                       0x200000b0   Data          12  gimbal_task.o(.data)
    pitch_out                                0x200000bc   Data           2  gimbal_task.o(.data)
    yaw_out                                  0x200000be   Data           2  gimbal_task.o(.data)
    Start_Task_Handler                       0x200000c4   Data           4  start_task.o(.data)
    SendTask_Handler                         0x200000c8   Data           4  send_task.o(.data)
    INPUTMOD                                 0x200000cc   Data           1  remotecontrol.o(.data)
    Q_Flag                                   0x200000cd   Data           1  remotecontrol.o(.data)
    E_Flag                                   0x200000ce   Data           1  remotecontrol.o(.data)
    F_Flag                                   0x200000cf   Data           1  remotecontrol.o(.data)
    G_Flag                                   0x200000d0   Data           1  remotecontrol.o(.data)
    V_Flag                                   0x200000d1   Data           1  remotecontrol.o(.data)
    R_Flag                                   0x200000d2   Data           1  remotecontrol.o(.data)
    MOU_LEFT_F                               0x200000d3   Data           1  remotecontrol.o(.data)
    MOU_RIGH_F                               0x200000d4   Data           1  remotecontrol.o(.data)
    W_Flag                                   0x200000d5   Data           1  remotecontrol.o(.data)
    A_Flag                                   0x200000d6   Data           1  remotecontrol.o(.data)
    S_Flag                                   0x200000d7   Data           1  remotecontrol.o(.data)
    D_Flag                                   0x200000d8   Data           1  remotecontrol.o(.data)
    Shift_Flag                               0x200000d9   Data           1  remotecontrol.o(.data)
    Ctrl_Flag                                0x200000da   Data           1  remotecontrol.o(.data)
    TxCOM6                                   0x200000e0   Data           4  usart.o(.data)
    RxCOM6                                   0x200000e4   Data           4  usart.o(.data)
    TxCOM1                                   0x200000ec   Data           4  usart1.o(.data)
    RxCOM1                                   0x200000f0   Data           4  usart1.o(.data)
    Calibrateion_id                          0x200000f4   Data           4  accelerometer_calibration.o(.data)
    ahat_T_data                              0x200000f8   Data          96  accelerometer_calibration.o(.data)
    ahat_data                                0x20000158   Data          96  accelerometer_calibration.o(.data)
    ahat_T                                   0x200001b8   Data           8  accelerometer_calibration.o(.data)
    ahat                                     0x200001c0   Data           8  accelerometer_calibration.o(.data)
    Ahat                                     0x200001c8   Data           8  accelerometer_calibration.o(.data)
    K_m                                      0x200001d0   Data           8  accelerometer_calibration.o(.data)
    uMat                                     0x200001d8   Data           8  accelerometer_calibration.o(.data)
    uMat_mius                                0x200001e0   Data           8  accelerometer_calibration.o(.data)
    P                                        0x200001e8   Data           8  accelerometer_calibration.o(.data)
    K_ca                                     0x200001f0   Data           8  accelerometer_calibration.o(.data)
    K_ca_mines                               0x200001f8   Data           8  accelerometer_calibration.o(.data)
    a_m                                      0x20000200   Data           8  accelerometer_calibration.o(.data)
    spi_rtx                                  0x20000208   Data          16  imutask.o(.data)
    last_yaw                                 0x20000218   Data           4  imutask.o(.data)
    timeText                                 0x2000021c   Data           4  imutask.o(.data)
    K                                        0x20000248   Data          12  imutask.o(.data)
    Accex_x                                  0x20000254   Data           4  imutask.o(.data)
    IMUTaskStack                             0x20000258   Data           4  imutask.o(.data)
    issu                                     0x20000260   Data           2  imutask.o(.data)
    __stdout                                 0x20000284   Data           4  sys.o(.data)
    SystemCoreClock                          0x20000290   Data           4  system_stm32f4xx.o(.data)
    AHBPrescTable                            0x20000294   Data          16  system_stm32f4xx.o(.data)
    pxCurrentTCB                             0x200002b4   Data           4  tasks.o(.data)
    chassis_control                          0x20000500   Data        1168  chassis_task.o(.bss)
    speed_set                                0x20000990   Data          16  chassis_task.o(.bss)
    last_speed_set                           0x200009a0   Data          16  chassis_task.o(.bss)
    gimbal_control                           0x200009b0   Data         388  gimbal_task.o(.bss)
    rc_ctrl                                  0x20000b7c   Data          22  remotecontrol.o(.bss)
    Encoder_yaw                              0x20000b94   Data          40  can_receive.o(.bss)
    Encoder_pit                              0x20000bbc   Data          40  can_receive.o(.bss)
    Encoder_motor_power                      0x20000be4   Data         160  can_receive.o(.bss)
    Encoder_motor_steer                      0x20000c84   Data         160  can_receive.o(.bss)
    motor_yaw                                0x20000d24   Data          28  can_receive.o(.bss)
    motor_pit                                0x20000d40   Data          28  can_receive.o(.bss)
    motor_power                              0x20000d5c   Data         112  can_receive.o(.bss)
    motor_steer                              0x20000dcc   Data         112  can_receive.o(.bss)
    fff                                      0x20000e64   Data          10  usart.o(.bss)
    Ahat_data                                0x20000e98   Data          72  accelerometer_calibration.o(.bss)
    K_m_data                                 0x20000ee0   Data          48  accelerometer_calibration.o(.bss)
    uMat_data                                0x20000f10   Data          64  accelerometer_calibration.o(.bss)
    uMat_mius_data                           0x20000f50   Data          64  accelerometer_calibration.o(.bss)
    P_data                                   0x20000f90   Data          96  accelerometer_calibration.o(.bss)
    K_ca_data                                0x20000ff0   Data          36  accelerometer_calibration.o(.bss)
    a_data                                   0x20001014   Data          12  accelerometer_calibration.o(.bss)
    K_ca_mines_data                          0x20001020   Data          36  accelerometer_calibration.o(.bss)
    Acce_BufferData                          0x20001048   Data          72  filter_control.o(.bss)
    Acce_Fiter_t                             0x20001090   Data        1776  filter_control.o(.bss)
    Gyro_Fiter_t                             0x20001780   Data        1776  filter_control.o(.bss)
    Gyro_BufferData                          0x20001e70   Data          72  filter_control.o(.bss)
    MPU9250_Real_Data                        0x20001eb8   Data          40  imutask.o(.bss)
    MPU6500_Offest_data                      0x20001f08   Data          40  imutask.o(.bss)
    mpu6500_real_data                        0x20001f30   Data          16  imutask.o(.bss)
    Angular_Handler                          0x20001f40   Data          24  imutask.o(.bss)
    B                                        0x20001f58   Data          12  imutask.o(.bss)
    xQueueRegistry                           0x20001ff0   Data          64  queue.o(.bss)
    __initial_sp                             0x20007740   Data           0  startup_stm32f40_41xxx.o(STACK)



==============================================================================

Memory Map of the image

  Image Entry point : 0x08000189

  Load Region LR_IROM1 (Base: 0x08000000, Size: 0x0000ca2c, Max: 0x00100000, ABSOLUTE, COMPRESSED[0x0000c798])

    Execution Region ER_IROM1 (Exec base: 0x08000000, Load base: 0x08000000, Size: 0x0000c700, Max: 0x00100000, ABSOLUTE)

    Exec Addr    Load Addr    Size         Type   Attr      Idx    E Section Name        Object

    0x08000000   0x08000000   0x00000188   Data   RO         1796    RESET               startup_stm32f40_41xxx.o
    0x08000188   0x08000188   0x00000000   Code   RO         8616  * .ARM.Collect$$$$00000000  mc_w.l(entry.o)
    0x08000188   0x08000188   0x00000004   Code   RO         8957    .ARM.Collect$$$$00000001  mc_w.l(entry2.o)
    0x0800018c   0x0800018c   0x00000004   Code   RO         8960    .ARM.Collect$$$$00000004  mc_w.l(entry5.o)
    0x08000190   0x08000190   0x00000000   Code   RO         8962    .ARM.Collect$$$$00000008  mc_w.l(entry7b.o)
    0x08000190   0x08000190   0x00000000   Code   RO         8964    .ARM.Collect$$$$0000000A  mc_w.l(entry8b.o)
    0x08000190   0x08000190   0x00000008   Code   RO         8965    .ARM.Collect$$$$0000000B  mc_w.l(entry9a.o)
    0x08000198   0x08000198   0x00000004   Code   RO         8972    .ARM.Collect$$$$0000000E  mc_w.l(entry12b.o)
    0x0800019c   0x0800019c   0x00000000   Code   RO         8967    .ARM.Collect$$$$0000000F  mc_w.l(entry10a.o)
    0x0800019c   0x0800019c   0x00000000   Code   RO         8969    .ARM.Collect$$$$00000011  mc_w.l(entry11a.o)
    0x0800019c   0x0800019c   0x00000004   Code   RO         8958    .ARM.Collect$$$$00002712  mc_w.l(entry2.o)
    0x080001a0   0x080001a0   0x000000b6   Code   RO         7895    .emb_text           port.o
    0x08000256   0x08000256   0x00000002   PAD
    0x08000258   0x08000258   0x00000024   Code   RO         1797    .text               startup_stm32f40_41xxx.o
    0x0800027c   0x0800027c   0x00000008   Code   RO         8431    .text               arm_cortexM4lf_math.lib(arm_mat_init_f32.o)
    0x08000284   0x08000284   0x00000530   Code   RO         8455    .text               arm_cortexM4lf_math.lib(arm_mat_inverse_f32.o)
    0x080007b4   0x080007b4   0x0000013c   Code   RO         8479    .text               arm_cortexM4lf_math.lib(arm_mat_mult_f32.o)
    0x080008f0   0x080008f0   0x00000024   Code   RO         8619    .text               mc_w.l(memcpya.o)
    0x08000914   0x08000914   0x00000024   Code   RO         8621    .text               mc_w.l(memseta.o)
    0x08000938   0x08000938   0x0000014e   Code   RO         8890    .text               mf_w.l(dadd.o)
    0x08000a86   0x08000a86   0x000000e4   Code   RO         8892    .text               mf_w.l(dmul.o)
    0x08000b6a   0x08000b6a   0x000000de   Code   RO         8894    .text               mf_w.l(ddiv.o)
    0x08000c48   0x08000c48   0x00000022   Code   RO         8898    .text               mf_w.l(dflti.o)
    0x08000c6a   0x08000c6a   0x0000001a   Code   RO         8900    .text               mf_w.l(dfltui.o)
    0x08000c84   0x08000c84   0x00000026   Code   RO         8902    .text               mf_w.l(f2d.o)
    0x08000caa   0x08000caa   0x00000002   PAD
    0x08000cac   0x08000cac   0x00000030   Code   RO         8904    .text               mf_w.l(cdcmple.o)
    0x08000cdc   0x08000cdc   0x00000030   Code   RO         8906    .text               mf_w.l(cdrcmple.o)
    0x08000d0c   0x08000d0c   0x00000038   Code   RO         8908    .text               mf_w.l(d2f.o)
    0x08000d44   0x08000d44   0x0000002c   Code   RO         8973    .text               mc_w.l(uidiv.o)
    0x08000d70   0x08000d70   0x0000001e   Code   RO         8977    .text               mc_w.l(llshl.o)
    0x08000d8e   0x08000d8e   0x00000024   Code   RO         8979    .text               mc_w.l(llsshr.o)
    0x08000db2   0x08000db2   0x00000000   Code   RO         8988    .text               mc_w.l(iusefp.o)
    0x08000db2   0x08000db2   0x0000006e   Code   RO         8989    .text               mf_w.l(fepilogue.o)
    0x08000e20   0x08000e20   0x000000ba   Code   RO         8991    .text               mf_w.l(depilogue.o)
    0x08000eda   0x08000eda   0x000000a2   Code   RO         8993    .text               mf_w.l(dsqrt.o)
    0x08000f7c   0x08000f7c   0x00000024   Code   RO         8997    .text               mc_w.l(init.o)
    0x08000fa0   0x08000fa0   0x00000020   Code   RO         8999    .text               mc_w.l(llushr.o)
    0x08000fc0   0x08000fc0   0x0000003e   Code   RO         9001    .text               mf_w.l(dfixi.o)
    0x08000ffe   0x08000ffe   0x00000056   Code   RO         9011    .text               mc_w.l(__dczerorl2.o)
    0x08001054   0x08001054   0x000002ec   Code   RO         1503    i.ACCEL_Calibration  imutask.o
    0x08001340   0x08001340   0x000000b8   Code   RO         1504    i.ACCEL_Filter      imutask.o
    0x080013f8   0x080013f8   0x00000de4   Code   RO         1505    i.AHRSUpdate_GraDes_Delay_Corretion  imutask.o
    0x080021dc   0x080021dc   0x00000014   Code   RO         1406    i.Acce_Correct_Filter  filter_control.o
    0x080021f0   0x080021f0   0x00000110   Code   RO         1506    i.Accel_calibration_get  imutask.o
    0x08002300   0x08002300   0x000003d8   Code   RO         1407    i.Atti2Mat_d        filter_control.o
    0x080026d8   0x080026d8   0x00000004   Code   RO         1803    i.BusFault_Handler  stm32f4xx_it.o
    0x080026dc   0x080026dc   0x00000064   Code   RO          606    i.CAN1_CMD_CHASSIS  can_receive.o
    0x08002740   0x08002740   0x0000005c   Code   RO          607    i.CAN1_CMD_GIMBAL   can_receive.o
    0x0800279c   0x0800279c   0x00000030   Code   RO          608    i.CAN1_RX0_IRQHandler  can_receive.o
    0x080027cc   0x080027cc   0x00000124   Code   RO          771    i.CAN1_mode_init    can.o
    0x080028f0   0x080028f0   0x00000064   Code   RO          609    i.CAN2_CMD_CONTROL  can_receive.o
    0x08002954   0x08002954   0x00000030   Code   RO          610    i.CAN2_RX1_IRQHandler  can_receive.o
    0x08002984   0x08002984   0x00000128   Code   RO          772    i.CAN2_mode_init    can.o
    0x08002aac   0x08002aac   0x00000030   Code   RO          612    i.CAN_CMD_IO        can_receive.o
    0x08002adc   0x08002adc   0x00000060   Code   RO          613    i.CAN_CMD_KEYMOUSE  can_receive.o
    0x08002b3c   0x08002b3c   0x00000064   Code   RO          614    i.CAN_CMD_RC        can_receive.o
    0x08002ba0   0x08002ba0   0x000000a8   Code   RO         2181    i.CAN_ClearITPendingBit  stm32f4xx_can.o
    0x08002c48   0x08002c48   0x00000108   Code   RO         2185    i.CAN_FilterInit    stm32f4xx_can.o
    0x08002d50   0x08002d50   0x00000120   Code   RO         2187    i.CAN_GetITStatus   stm32f4xx_can.o
    0x08002e70   0x08002e70   0x00000012   Code   RO         2191    i.CAN_ITConfig      stm32f4xx_can.o
    0x08002e82   0x08002e82   0x00000114   Code   RO         2192    i.CAN_Init          stm32f4xx_can.o
    0x08002f96   0x08002f96   0x000000f0   Code   RO         2195    i.CAN_Receive       stm32f4xx_can.o
    0x08003086   0x08003086   0x00000126   Code   RO         2200    i.CAN_Transmit      stm32f4xx_can.o
    0x080031ac   0x080031ac   0x00000370   Code   RO          616    i.CAN_hook1         can_receive.o
    0x0800351c   0x0800351c   0x000001ec   Code   RO          617    i.CAN_hook2         can_receive.o
    0x08003708   0x08003708   0x00000168   Code   RO          252    i.Chassis_Init      chassis_task.o
    0x08003870   0x08003870   0x000000d4   Code   RO         1000    i.Chassis_Key_MoveRamp  user_lib.o
    0x08003944   0x08003944   0x000000e8   Code   RO          253    i.Chassis_Mode_Set  chassis_task.o
    0x08003a2c   0x08003a2c   0x00000164   Code   RO          254    i.Chassis_Motor_Control  chassis_task.o
    0x08003b90   0x08003b90   0x000009d4   Code   RO          255    i.Chassis_Romete_Mode  chassis_task.o
    0x08004564   0x08004564   0x00000620   Code   RO          256    i.Chassis_Turn      chassis_task.o
    0x08004b84   0x08004b84   0x00000028   Code   RO          257    i.Chassis_task      chassis_task.o
    0x08004bac   0x08004bac   0x00000140   Code   RO         1408    i.Chebyshev50HzLPF  filter_control.o
    0x08004cec   0x08004cec   0x00000012   Code   RO         2203    i.CheckITStatus     stm32f4xx_can.o
    0x08004cfe   0x08004cfe   0x0000002a   Code   RO         1002    i.Constrain_float   user_lib.o
    0x08004d28   0x08004d28   0x00000034   Code   RO         2914    i.DMA_ClearFlag     stm32f4xx_dma.o
    0x08004d5c   0x08004d5c   0x00000016   Code   RO         2916    i.DMA_Cmd           stm32f4xx_dma.o
    0x08004d72   0x08004d72   0x00000002   PAD
    0x08004d74   0x08004d74   0x00000158   Code   RO         2917    i.DMA_DeInit        stm32f4xx_dma.o
    0x08004ecc   0x08004ecc   0x00000016   Code   RO         2918    i.DMA_DoubleBufferModeCmd  stm32f4xx_dma.o
    0x08004ee2   0x08004ee2   0x00000018   Code   RO         2919    i.DMA_DoubleBufferModeConfig  stm32f4xx_dma.o
    0x08004efa   0x08004efa   0x00000008   Code   RO         2922    i.DMA_GetCurrDataCounter  stm32f4xx_dma.o
    0x08004f02   0x08004f02   0x00000014   Code   RO         2923    i.DMA_GetCurrentMemoryTarget  stm32f4xx_dma.o
    0x08004f16   0x08004f16   0x00000002   PAD
    0x08004f18   0x08004f18   0x00000058   Code   RO         2928    i.DMA_Init          stm32f4xx_dma.o
    0x08004f70   0x08004f70   0x00000004   Code   RO         2931    i.DMA_SetCurrDataCounter  stm32f4xx_dma.o
    0x08004f74   0x08004f74   0x00000002   Code   RO         1804    i.DebugMon_Handler  stm32f4xx_it.o
    0x08004f76   0x08004f76   0x00000002   PAD
    0x08004f78   0x08004f78   0x00000124   Code   RO          171    i.DetectHook        detect_task.o
    0x0800509c   0x0800509c   0x0000000c   Code   RO         3252    i.FLASH_ClearFlag   stm32f4xx_flash.o
    0x080050a8   0x080050a8   0x00000088   Code   RO         3258    i.FLASH_EraseSector  stm32f4xx_flash.o
    0x08005130   0x08005130   0x00000054   Code   RO         3260    i.FLASH_GetStatus   stm32f4xx_flash.o
    0x08005184   0x08005184   0x00000014   Code   RO         3264    i.FLASH_Lock        stm32f4xx_flash.o
    0x08005198   0x08005198   0x0000004c   Code   RO         3285    i.FLASH_ProgramByte  stm32f4xx_flash.o
    0x080051e4   0x080051e4   0x00000024   Code   RO         3290    i.FLASH_Unlock      stm32f4xx_flash.o
    0x08005208   0x08005208   0x00000022   Code   RO         3291    i.FLASH_WaitForLastOperation  stm32f4xx_flash.o
    0x0800522a   0x0800522a   0x0000001a   Code   RO         1218    i.FlashAllEraseBoot  bsp_flash.o
    0x08005244   0x08005244   0x0000001c   Code   RO         1221    i.FlashReadK        bsp_flash.o
    0x08005260   0x08005260   0x00000034   Code   RO         1222    i.FlashWriteK       bsp_flash.o
    0x08005294   0x08005294   0x00000090   Code   RO         3553    i.GPIO_Init         stm32f4xx_gpio.o
    0x08005324   0x08005324   0x00000046   Code   RO         3554    i.GPIO_PinAFConfig  stm32f4xx_gpio.o
    0x0800536a   0x0800536a   0x00000012   Code   RO         3557    i.GPIO_ReadInputDataBit  stm32f4xx_gpio.o
    0x0800537c   0x0800537c   0x00000004   Code   RO         3560    i.GPIO_ResetBits    stm32f4xx_gpio.o
    0x08005380   0x08005380   0x00000004   Code   RO         3561    i.GPIO_SetBits      stm32f4xx_gpio.o
    0x08005384   0x08005384   0x000000a0   Code   RO         1509    i.GYRO_Filter       imutask.o
    0x08005424   0x08005424   0x00000068   Code   RO         1690    i.Get_Sys_Ticks     mpu_time_init.o
    0x0800548c   0x0800548c   0x000000a4   Code   RO          365    i.Gimbal_Init       gimbal_task.o
    0x08005530   0x08005530   0x0000004c   Code   RO          366    i.Gimbal_Mode_Change  gimbal_task.o
    0x0800557c   0x0800557c   0x000001d4   Code   RO          367    i.Gimbal_Mode_Set   gimbal_task.o
    0x08005750   0x08005750   0x00000110   Code   RO          368    i.Gimbal_Motor_Control  gimbal_task.o
    0x08005860   0x08005860   0x00000028   Code   RO          369    i.Gimbal_task       gimbal_task.o
    0x08005888   0x08005888   0x00000078   Code   RO         1410    i.Gyro_Correct_Filter  filter_control.o
    0x08005900   0x08005900   0x00000004   Code   RO         1805    i.HardFault_Handler  stm32f4xx_it.o
    0x08005904   0x08005904   0x0000009c   Code   RO         1510    i.IMU_Calibration   imutask.o
    0x080059a0   0x080059a0   0x0000001a   Code   RO         1511    i.IMU_Init          imutask.o
    0x080059ba   0x080059ba   0x00000002   PAD
    0x080059bc   0x080059bc   0x0000008c   Code   RO         1514    i.IMU_task          imutask.o
    0x08005a48   0x08005a48   0x00000034   Code   RO          942    i.Key_Init          gpio.o
    0x08005a7c   0x08005a7c   0x000001c4   Code   RO          258    i.Key_Mouse_Ctrl    chassis_task.o
    0x08005c40   0x08005c40   0x00000136   Code   RO         1271    i.MPU6500_1_init    bsp_mpu9250_init.o
    0x08005d76   0x08005d76   0x00000136   Code   RO         1272    i.MPU6500_2_init    bsp_mpu9250_init.o
    0x08005eac   0x08005eac   0x0000001a   Code   RO         1273    i.MPU6500_Init      bsp_mpu9250_init.o
    0x08005ec6   0x08005ec6   0x000000b2   Code   RO         1274    i.MPU9250_Get_Accelerometer  bsp_mpu9250_init.o
    0x08005f78   0x08005f78   0x000000dc   Code   RO         1275    i.MPU9250_Get_Gyroscope  bsp_mpu9250_init.o
    0x08006054   0x08006054   0x00000070   Code   RO         1277    i.MPU9250_Get_Temperature  bsp_mpu9250_init.o
    0x080060c4   0x080060c4   0x00000058   Code   RO         1279    i.MPU9250_Read_Byte  bsp_mpu9250_init.o
    0x0800611c   0x0800611c   0x0000007c   Code   RO         1280    i.MPU9250_Read_Len  bsp_mpu9250_init.o
    0x08006198   0x08006198   0x00000054   Code   RO         1283    i.MPU9250_Write_Byte  bsp_mpu9250_init.o
    0x080061ec   0x080061ec   0x00000098   Code   RO         1288    i.MPU_SPI_Configuration  bsp_mpu9250_init.o
    0x08006284   0x08006284   0x00000e34   Code   RO         1412    i.Mat2Quat          filter_control.o
    0x080070b8   0x080070b8   0x00000062   Code   RO         1413    i.Mat_Trans_d       filter_control.o
    0x0800711a   0x0800711a   0x00000004   Code   RO         1806    i.MemManage_Handler  stm32f4xx_it.o
    0x0800711e   0x0800711e   0x00000002   Code   RO         1807    i.NMI_Handler       stm32f4xx_it.o
    0x08007120   0x08007120   0x00000078   Code   RO         1893    i.NVIC_Init         misc.o
    0x08007198   0x08007198   0x00000014   Code   RO         1894    i.NVIC_PriorityGroupConfig  misc.o
    0x080071ac   0x080071ac   0x000001f0   Code   RO          968    i.PID_Calc          pid.o
    0x0800739c   0x0800739c   0x00000060   Code   RO          969    i.PID_Init          pid.o
    0x080073fc   0x080073fc   0x00000016   Code   RO          823    i.PcDataCheck       usart.o
    0x08007412   0x08007412   0x00000002   PAD
    0x08007414   0x08007414   0x0000006c   Code   RO         1006    i.RAMP_float        user_lib.o
    0x08007480   0x08007480   0x00000020   Code   RO         4439    i.RCC_AHB1PeriphClockCmd  stm32f4xx_rcc.o
    0x080074a0   0x080074a0   0x00000020   Code   RO         4448    i.RCC_APB1PeriphClockCmd  stm32f4xx_rcc.o
    0x080074c0   0x080074c0   0x00000020   Code   RO         4450    i.RCC_APB1PeriphResetCmd  stm32f4xx_rcc.o
    0x080074e0   0x080074e0   0x00000020   Code   RO         4451    i.RCC_APB2PeriphClockCmd  stm32f4xx_rcc.o
    0x08007500   0x08007500   0x00000020   Code   RO         4453    i.RCC_APB2PeriphResetCmd  stm32f4xx_rcc.o
    0x08007520   0x08007520   0x000000e8   Code   RO         4460    i.RCC_GetClocksFreq  stm32f4xx_rcc.o
    0x08007608   0x08007608   0x00000150   Code   RO          739    i.RC_Init           rc.o
    0x08007758   0x08007758   0x0000009c   Code   RO          511    i.RC_MODE_CONTROL   remotecontrol.o
    0x080077f4   0x080077f4   0x000000ec   Code   RO          259    i.Remote_Ctrl       chassis_task.o
    0x080078e0   0x080078e0   0x000000da   Code   RO          515    i.SBUS_TO_RC        remotecontrol.o
    0x080079ba   0x080079ba   0x00000002   PAD
    0x080079bc   0x080079bc   0x000000c4   Code   RO         1651    i.SPI1_Init         mpu_spi_init.o
    0x08007a80   0x08007a80   0x00000038   Code   RO         1652    i.SPI1_ReadWriteByte  mpu_spi_init.o
    0x08007ab8   0x08007ab8   0x00000018   Code   RO         5573    i.SPI_Cmd           stm32f4xx_spi.o
    0x08007ad0   0x08007ad0   0x00000012   Code   RO         5581    i.SPI_I2S_GetFlagStatus  stm32f4xx_spi.o
    0x08007ae2   0x08007ae2   0x00000006   Code   RO         5584    i.SPI_I2S_ReceiveData  stm32f4xx_spi.o
    0x08007ae8   0x08007ae8   0x00000004   Code   RO         5585    i.SPI_I2S_SendData  stm32f4xx_spi.o
    0x08007aec   0x08007aec   0x0000003c   Code   RO         5586    i.SPI_Init          stm32f4xx_spi.o
    0x08007b28   0x08007b28   0x000000ec   Code   RO         1856    i.SetSysClock       system_stm32f4xx.o
    0x08007c14   0x08007c14   0x00000028   Code   RO         1897    i.SysTick_CLKSourceConfig  misc.o
    0x08007c3c   0x08007c3c   0x00000010   Code   RO         1756    i.SysTick_Handler   delay.o
    0x08007c4c   0x08007c4c   0x00000068   Code   RO         1858    i.SystemInit        system_stm32f4xx.o
    0x08007cb4   0x08007cb4   0x00000042   Code   RO          431    i.System_Init       start_task.o
    0x08007cf6   0x08007cf6   0x00000002   PAD
    0x08007cf8   0x08007cf8   0x00000024   Code   RO          618    i.TIM6_DAC_IRQHandler  can_receive.o
    0x08007d1c   0x08007d1c   0x00000006   Code   RO         5797    i.TIM_ClearFlag     stm32f4xx_tim.o
    0x08007d22   0x08007d22   0x00000018   Code   RO         5803    i.TIM_Cmd           stm32f4xx_tim.o
    0x08007d3a   0x08007d3a   0x00000022   Code   RO         5824    i.TIM_GetITStatus   stm32f4xx_tim.o
    0x08007d5c   0x08007d5c   0x00000048   Code   RO          895    i.USART1_IRQHandler  usart1.o
    0x08007da4   0x08007da4   0x00000108   Code   RO          516    i.USART2_IRQHandler  remotecontrol.o
    0x08007eac   0x08007eac   0x00000118   Code   RO          824    i.USART6_IRQHandler  usart.o
    0x08007fc4   0x08007fc4   0x00000012   Code   RO         6349    i.USART_ClearFlag   stm32f4xx_usart.o
    0x08007fd6   0x08007fd6   0x0000001e   Code   RO         6350    i.USART_ClearITPendingBit  stm32f4xx_usart.o
    0x08007ff4   0x08007ff4   0x00000018   Code   RO         6353    i.USART_Cmd         stm32f4xx_usart.o
    0x0800800c   0x0800800c   0x00000012   Code   RO         6354    i.USART_DMACmd      stm32f4xx_usart.o
    0x0800801e   0x0800801e   0x00000002   PAD
    0x08008020   0x08008020   0x000000f0   Code   RO         6355    i.USART_DeInit      stm32f4xx_usart.o
    0x08008110   0x08008110   0x00000054   Code   RO         6357    i.USART_GetITStatus  stm32f4xx_usart.o
    0x08008164   0x08008164   0x0000004a   Code   RO         6359    i.USART_ITConfig    stm32f4xx_usart.o
    0x080081ae   0x080081ae   0x00000002   PAD
    0x080081b0   0x080081b0   0x000000d4   Code   RO         6360    i.USART_Init        stm32f4xx_usart.o
    0x08008284   0x08008284   0x0000000a   Code   RO         6367    i.USART_ReceiveData  stm32f4xx_usart.o
    0x0800828e   0x0800828e   0x00000004   Code   RO         1808    i.UsageFault_Handler  stm32f4xx_it.o
    0x08008292   0x08008292   0x00000002   PAD
    0x08008294   0x08008294   0x00000020   Code   RO         8718    i.__0printf$3       mc_w.l(printf3.o)
    0x080082b4   0x080082b4   0x00000030   Code   RO         8941    i.__ARM_fpclassify  m_wm.l(fpclassify.o)
    0x080082e4   0x080082e4   0x00000004   PAD
    0x080082e8   0x080082e8   0x00000360   Code   RO         8548    i.__hardfp_asin     m_wm.l(asin.o)
    0x08008648   0x08008648   0x000002d8   Code   RO         8910    i.__hardfp_atan     m_wm.l(atan.o)
    0x08008920   0x08008920   0x00000200   Code   RO         8562    i.__hardfp_atan2    m_wm.l(atan2.o)
    0x08008b20   0x08008b20   0x000000c8   Code   RO         8574    i.__hardfp_cos      m_wm.l(cos.o)
    0x08008be8   0x08008be8   0x00000014   Code   RO         8586    i.__hardfp_fabs     m_wm.l(fabs.o)
    0x08008bfc   0x08008bfc   0x00000004   PAD
    0x08008c00   0x08008c00   0x000000c8   Code   RO         8592    i.__hardfp_sin      m_wm.l(sin.o)
    0x08008cc8   0x08008cc8   0x0000007a   Code   RO         8604    i.__hardfp_sqrt     m_wm.l(sqrt_full.o)
    0x08008d42   0x08008d42   0x00000006   PAD
    0x08008d48   0x08008d48   0x00000438   Code   RO         8946    i.__ieee754_rem_pio2  m_wm.l(rred.o)
    0x08009180   0x08009180   0x00000170   Code   RO         8924    i.__kernel_cos      m_wm.l(cos_i.o)
    0x080092f0   0x080092f0   0x000000f8   Code   RO         8943    i.__kernel_poly     m_wm.l(poly.o)
    0x080093e8   0x080093e8   0x00000130   Code   RO         8951    i.__kernel_sin      m_wm.l(sin_i.o)
    0x08009518   0x08009518   0x00000014   Code   RO         8928    i.__mathlib_dbl_infnan  m_wm.l(dunder.o)
    0x0800952c   0x0800952c   0x00000014   Code   RO         8929    i.__mathlib_dbl_infnan2  m_wm.l(dunder.o)
    0x08009540   0x08009540   0x00000020   Code   RO         8930    i.__mathlib_dbl_invalid  m_wm.l(dunder.o)
    0x08009560   0x08009560   0x00000020   Code   RO         8933    i.__mathlib_dbl_underflow  m_wm.l(dunder.o)
    0x08009580   0x08009580   0x0000000e   Code   RO         9005    i.__scatterload_copy  mc_w.l(handlers.o)
    0x0800958e   0x0800958e   0x00000002   Code   RO         9006    i.__scatterload_null  mc_w.l(handlers.o)
    0x08009590   0x08009590   0x0000000e   Code   RO         9007    i.__scatterload_zeroinit  mc_w.l(handlers.o)
    0x0800959e   0x0800959e   0x00000002   PAD
    0x080095a0   0x080095a0   0x0000000c   Code   RO         8983    i.__set_errno       mc_w.l(errno.o)
    0x080095ac   0x080095ac   0x000001b8   Code   RO         8725    i._printf_core      mc_w.l(printf3.o)
    0x08009764   0x08009764   0x00000088   Code   RO         1166    i.accel_data_update  accelerometer_calibration.o
    0x080097ec   0x080097ec   0x0000019c   Code   RO         1167    i.accel_mat_init    accelerometer_calibration.o
    0x08009988   0x08009988   0x00000010   Code   RO         8912    i.atan              m_wm.l(atan.o)
    0x08009998   0x08009998   0x00000094   Code   RO         1168    i.caculate_mat      accelerometer_calibration.o
    0x08009a2c   0x08009a2c   0x00000124   Code   RO         1169    i.cali_accel_para   accelerometer_calibration.o
    0x08009b50   0x08009b50   0x00000008   Code   RO         1170    i.cali_fenction     accelerometer_calibration.o
    0x08009b58   0x08009b58   0x0000001e   Code   RO         1414    i.constrain         filter_control.o
    0x08009b76   0x08009b76   0x00000002   PAD
    0x08009b78   0x08009b78   0x00000044   Code   RO         1757    i.delay_init        delay.o
    0x08009bbc   0x08009bbc   0x0000008c   Code   RO         1758    i.delay_ms          delay.o
    0x08009c48   0x08009c48   0x00000018   Code   RO         8588    i.fabs              m_wm.l(fabs.o)
    0x08009c60   0x08009c60   0x0000001c   Code   RO         1721    i.fputc             sys.o
    0x08009c7c   0x08009c7c   0x00000008   Code   RO         1517    i.get_Gyro_Angle_Point  imutask.o
    0x08009c84   0x08009c84   0x00000008   Code   RO          620    i.get_Pitch_Motor_Measure_Point  can_receive.o
    0x08009c8c   0x08009c8c   0x00000014   Code   RO          621    i.get_Power_Motor_Measure_Point  can_receive.o
    0x08009ca0   0x08009ca0   0x00000014   Code   RO          622    i.get_Steer_Motor_Measure_Point  can_receive.o
    0x08009cb4   0x08009cb4   0x00000008   Code   RO          624    i.get_Yaw_Motor_Measure_Point  can_receive.o
    0x08009cbc   0x08009cbc   0x00000008   Code   RO          370    i.get_gimbal_yaw_control_t_point  gimbal_task.o
    0x08009cc4   0x08009cc4   0x00000084   Code   RO         1013    i.get_relative_pos  user_lib.o
    0x08009d48   0x08009d48   0x00000008   Code   RO          517    i.get_remote_control_point  remotecontrol.o
    0x08009d50   0x08009d50   0x00000010   Code   RO         7530    i.inHandlerMode     cmsis_os.o
    0x08009d60   0x08009d60   0x0000003c   Code   RO         1415    i.invSqrt           filter_control.o
    0x08009d9c   0x08009d9c   0x0000000c   Code   RO            3    i.main              main.o
    0x08009da8   0x08009da8   0x0000001c   Code   RO         1631    i.mpu_delay_ms      mpu_delay.o
    0x08009dc4   0x08009dc4   0x0000005c   Code   RO         1416    i.my_sqrt           filter_control.o
    0x08009e20   0x08009e20   0x00000014   Code   RO         7538    i.osKernelSysTick   cmsis_os.o
    0x08009e34   0x08009e34   0x00000098   Code   RO         7018    i.prvAddCurrentTaskToDelayedList  tasks.o
    0x08009ecc   0x08009ecc   0x000000b8   Code   RO         7019    i.prvAddNewTaskToReadyList  tasks.o
    0x08009f84   0x08009f84   0x00000064   Code   RO         7392    i.prvCheckForValidListAndQueue  timers.o
    0x08009fe8   0x08009fe8   0x00000064   Code   RO         7020    i.prvCheckTasksWaitingTermination  tasks.o
    0x0800a04c   0x0800a04c   0x0000002a   Code   RO         6777    i.prvCopyDataFromQueue  queue.o
    0x0800a076   0x0800a076   0x0000007c   Code   RO         6778    i.prvCopyDataToQueue  queue.o
    0x0800a0f2   0x0800a0f2   0x00000012   Code   RO         7021    i.prvDeleteTCB      tasks.o
    0x0800a104   0x0800a104   0x00000028   Code   RO         7393    i.prvGetNextExpireTime  timers.o
    0x0800a12c   0x0800a12c   0x0000007c   Code   RO         7980    i.prvHeapInit       heap_4.o
    0x0800a1a8   0x0800a1a8   0x00000028   Code   RO         7022    i.prvIdleTask       tasks.o
    0x0800a1d0   0x0800a1d0   0x0000002e   Code   RO         6780    i.prvInitialiseNewQueue  queue.o
    0x0800a1fe   0x0800a1fe   0x00000002   PAD
    0x0800a200   0x0800a200   0x000000d8   Code   RO         7023    i.prvInitialiseNewTask  tasks.o
    0x0800a2d8   0x0800a2d8   0x00000068   Code   RO         7024    i.prvInitialiseTaskLists  tasks.o
    0x0800a340   0x0800a340   0x00000068   Code   RO         7981    i.prvInsertBlockIntoFreeList  heap_4.o
    0x0800a3a8   0x0800a3a8   0x00000058   Code   RO         7395    i.prvInsertTimerInActiveList  timers.o
    0x0800a400   0x0800a400   0x0000001a   Code   RO         6781    i.prvIsQueueEmpty   queue.o
    0x0800a41a   0x0800a41a   0x0000001e   Code   RO         6782    i.prvIsQueueFull    queue.o
    0x0800a438   0x0800a438   0x000000a8   Code   RO         6783    i.prvNotifyQueueSetContainer  queue.o
    0x0800a4e0   0x0800a4e0   0x00000084   Code   RO         7396    i.prvProcessExpiredTimer  timers.o
    0x0800a564   0x0800a564   0x00000130   Code   RO         7397    i.prvProcessReceivedCommands  timers.o
    0x0800a694   0x0800a694   0x00000074   Code   RO         7398    i.prvProcessTimerOrBlockTask  timers.o
    0x0800a708   0x0800a708   0x00000034   Code   RO         7026    i.prvResetNextTaskUnblockTime  tasks.o
    0x0800a73c   0x0800a73c   0x0000002c   Code   RO         7399    i.prvSampleTimeNow  timers.o
    0x0800a768   0x0800a768   0x000000c0   Code   RO         7400    i.prvSwitchTimerLists  timers.o
    0x0800a828   0x0800a828   0x00000016   Code   RO         7027    i.prvTaskCheckFreeStackSpace  tasks.o
    0x0800a83e   0x0800a83e   0x00000002   PAD
    0x0800a840   0x0800a840   0x0000007c   Code   RO         7896    i.prvTaskExitError  port.o
    0x0800a8bc   0x0800a8bc   0x0000001a   Code   RO         7401    i.prvTimerTask      timers.o
    0x0800a8d6   0x0800a8d6   0x00000092   Code   RO         6784    i.prvUnlockQueue    queue.o
    0x0800a968   0x0800a968   0x0000015c   Code   RO         7982    i.pvPortMalloc      heap_4.o
    0x0800aac4   0x0800aac4   0x00000020   Code   RO         7030    i.pvTaskIncrementMutexHeldCount  tasks.o
    0x0800aae4   0x0800aae4   0x0000002c   Code   RO         7897    i.pxPortInitialiseStack  port.o
    0x0800ab10   0x0800ab10   0x00000014   Code   RO          519    i.remote_control_init  remotecontrol.o
    0x0800ab24   0x0800ab24   0x00000030   Code   RO          482    i.send_task         send_task.o
    0x0800ab54   0x0800ab54   0x0000006e   Code   RO         8606    i.sqrt              m_wm.l(sqrt_full.o)
    0x0800abc2   0x0800abc2   0x00000002   PAD
    0x0800abc4   0x0800abc4   0x0000002c   Code   RO          432    i.start_task        start_task.o
    0x0800abf0   0x0800abf0   0x00000030   Code   RO          433    i.start_task_Create  start_task.o
    0x0800ac20   0x0800ac20   0x00000034   Code   RO          261    i.task_Chsssis_Create  chassis_task.o
    0x0800ac54   0x0800ac54   0x00000030   Code   RO          371    i.task_Gimbal_Create  gimbal_task.o
    0x0800ac84   0x0800ac84   0x00000030   Code   RO         1518    i.task_IMU_Create   imutask.o
    0x0800acb4   0x0800acb4   0x00000030   Code   RO          483    i.task_Send_Create  send_task.o
    0x0800ace4   0x0800ace4   0x00000028   Code   RO         6732    i.uxListRemove      list.o
    0x0800ad0c   0x0800ad0c   0x00000028   Code   RO         7033    i.uxTaskGetStackHighWaterMark  tasks.o
    0x0800ad34   0x0800ad34   0x0000001a   Code   RO         6733    i.vListInitialise   list.o
    0x0800ad4e   0x0800ad4e   0x00000006   Code   RO         6734    i.vListInitialiseItem  list.o
    0x0800ad54   0x0800ad54   0x00000034   Code   RO         6735    i.vListInsert       list.o
    0x0800ad88   0x0800ad88   0x00000018   Code   RO         6736    i.vListInsertEnd    list.o
    0x0800ada0   0x0800ada0   0x00000090   Code   RO         7899    i.vPortEnterCritical  port.o
    0x0800ae30   0x0800ae30   0x00000078   Code   RO         7900    i.vPortExitCritical  port.o
    0x0800aea8   0x0800aea8   0x000000c0   Code   RO         7983    i.vPortFree         heap_4.o
    0x0800af68   0x0800af68   0x00000020   Code   RO         7901    i.vPortSetupTimerInterrupt  port.o
    0x0800af88   0x0800af88   0x000000a8   Code   RO         7902    i.vPortValidateInterruptPriority  port.o
    0x0800b030   0x0800b030   0x0000002c   Code   RO         6790    i.vQueueAddToRegistry  queue.o
    0x0800b05c   0x0800b05c   0x0000004a   Code   RO         6794    i.vQueueWaitForMessageRestricted  queue.o
    0x0800b0a6   0x0800b0a6   0x00000002   PAD
    0x0800b0a8   0x0800b0a8   0x0000007c   Code   RO         7039    i.vTaskDelay        tasks.o
    0x0800b124   0x0800b124   0x00000114   Code   RO         7041    i.vTaskDelete       tasks.o
    0x0800b238   0x0800b238   0x0000000c   Code   RO         7045    i.vTaskMissedYield  tasks.o
    0x0800b244   0x0800b244   0x0000005c   Code   RO         7047    i.vTaskPlaceOnEventList  tasks.o
    0x0800b2a0   0x0800b2a0   0x00000064   Code   RO         7048    i.vTaskPlaceOnEventListRestricted  tasks.o
    0x0800b304   0x0800b304   0x000000b0   Code   RO         7050    i.vTaskPriorityInherit  tasks.o
    0x0800b3b4   0x0800b3b4   0x00000054   Code   RO         7054    i.vTaskSetTimeOutState  tasks.o
    0x0800b408   0x0800b408   0x000000b4   Code   RO         7055    i.vTaskStartScheduler  tasks.o
    0x0800b4bc   0x0800b4bc   0x00000010   Code   RO         7057    i.vTaskSuspendAll   tasks.o
    0x0800b4cc   0x0800b4cc   0x000000b0   Code   RO         7058    i.vTaskSwitchContext  tasks.o
    0x0800b57c   0x0800b57c   0x00000164   Code   RO         7903    i.xPortStartScheduler  port.o
    0x0800b6e0   0x0800b6e0   0x00000034   Code   RO         7904    i.xPortSysTickHandler  port.o
    0x0800b714   0x0800b714   0x0000007c   Code   RO         6799    i.xQueueGenericCreate  queue.o
    0x0800b790   0x0800b790   0x000001d0   Code   RO         6800    i.xQueueGenericReceive  queue.o
    0x0800b960   0x0800b960   0x000000b8   Code   RO         6801    i.xQueueGenericReset  queue.o
    0x0800ba18   0x0800ba18   0x000001cc   Code   RO         6802    i.xQueueGenericSend  queue.o
    0x0800bbe4   0x0800bbe4   0x00000118   Code   RO         6803    i.xQueueGenericSendFromISR  queue.o
    0x0800bcfc   0x0800bcfc   0x000000a8   Code   RO         7059    i.xTaskCheckForTimeOut  tasks.o
    0x0800bda4   0x0800bda4   0x00000060   Code   RO         7060    i.xTaskCreate       tasks.o
    0x0800be04   0x0800be04   0x00000020   Code   RO         7064    i.xTaskGetSchedulerState  tasks.o
    0x0800be24   0x0800be24   0x0000000c   Code   RO         7065    i.xTaskGetTickCount  tasks.o
    0x0800be30   0x0800be30   0x00000014   Code   RO         7066    i.xTaskGetTickCountFromISR  tasks.o
    0x0800be44   0x0800be44   0x00000168   Code   RO         7067    i.xTaskIncrementTick  tasks.o
    0x0800bfac   0x0800bfac   0x000000e0   Code   RO         7070    i.xTaskPriorityDisinherit  tasks.o
    0x0800c08c   0x0800c08c   0x000000bc   Code   RO         7071    i.xTaskRemoveFromEventList  tasks.o
    0x0800c148   0x0800c148   0x00000128   Code   RO         7073    i.xTaskResumeAll    tasks.o
    0x0800c270   0x0800c270   0x00000078   Code   RO         7405    i.xTimerCreateTimerTask  timers.o
    0x0800c2e8   0x0800c2e8   0x000000a8   Code   RO         7406    i.xTimerGenericCommand  timers.o
    0x0800c390   0x0800c390   0x00000140   Data   RO         1418    .constdata          filter_control.o
    0x0800c4d0   0x0800c4d0   0x00000050   Data   RO         8551    .constdata          m_wm.l(asin.o)
    0x0800c520   0x0800c520   0x00000098   Data   RO         8913    .constdata          m_wm.l(atan.o)
    0x0800c5b8   0x0800c5b8   0x00000030   Data   RO         8925    .constdata          m_wm.l(cos_i.o)
    0x0800c5e8   0x0800c5e8   0x00000008   Data   RO         8945    .constdata          m_wm.l(qnan.o)
    0x0800c5f0   0x0800c5f0   0x000000c8   Data   RO         8948    .constdata          m_wm.l(rred.o)
    0x0800c6b8   0x0800c6b8   0x00000028   Data   RO         8952    .constdata          m_wm.l(sin_i.o)
    0x0800c6e0   0x0800c6e0   0x00000020   Data   RO         9003    Region$$Table       anon$$obj.o


    Execution Region RW_IRAM1 (Exec base: 0x20000000, Load base: 0x0800c700, Size: 0x00007740, Max: 0x00020000, ABSOLUTE, COMPRESSED[0x00000098])

    Exec Addr    Load Addr    Size         Type   Attr      Idx    E Section Name        Object

    0x20000000   COMPRESSED   0x00000081   Data   RW          263    .data               chassis_task.o
    0x20000081   COMPRESSED   0x00000003   PAD
    0x20000084   COMPRESSED   0x0000003e   Data   RW          373    .data               gimbal_task.o
    0x200000c2   COMPRESSED   0x00000002   PAD
    0x200000c4   COMPRESSED   0x00000004   Data   RW          434    .data               start_task.o
    0x200000c8   COMPRESSED   0x00000004   Data   RW          484    .data               send_task.o
    0x200000cc   COMPRESSED   0x00000012   Data   RW          523    .data               remotecontrol.o
    0x200000de   COMPRESSED   0x00000002   Data   RW          626    .data               can_receive.o
    0x200000e0   COMPRESSED   0x0000000c   Data   RW          827    .data               usart.o
    0x200000ec   COMPRESSED   0x00000008   Data   RW          896    .data               usart1.o
    0x200000f4   COMPRESSED   0x00000114   Data   RW         1172    .data               accelerometer_calibration.o
    0x20000208   COMPRESSED   0x0000007c   Data   RW         1520    .data               imutask.o
    0x20000284   COMPRESSED   0x00000004   Data   RW         1722    .data               sys.o
    0x20000288   COMPRESSED   0x00000008   Data   RW         1760    .data               delay.o
    0x20000290   COMPRESSED   0x00000014   Data   RW         1859    .data               system_stm32f4xx.o
    0x200002a4   COMPRESSED   0x00000010   Data   RW         4492    .data               stm32f4xx_rcc.o
    0x200002b4   COMPRESSED   0x0000003c   Data   RW         7076    .data               tasks.o
    0x200002f0   COMPRESSED   0x00000014   Data   RW         7414    .data               timers.o
    0x20000304   COMPRESSED   0x0000000c   Data   RW         7905    .data               port.o
    0x20000310   COMPRESSED   0x00000018   Data   RW         7988    .data               heap_4.o
    0x20000328   COMPRESSED   0x00000004   Data   RW         8984    .data               mc_w.l(errno.o)
    0x2000032c        -       0x000001d4   Zero   RW          176    .bss                detect_task.o
    0x20000500        -       0x000004b0   Zero   RW          262    .bss                chassis_task.o
    0x200009b0        -       0x00000184   Zero   RW          372    .bss                gimbal_task.o
    0x20000b34        -       0x0000005e   Zero   RW          522    .bss                remotecontrol.o
    0x20000b92   COMPRESSED   0x00000002   PAD
    0x20000b94        -       0x000002d0   Zero   RW          625    .bss                can_receive.o
    0x20000e64        -       0x00000032   Zero   RW          826    .bss                usart.o
    0x20000e96   COMPRESSED   0x00000002   PAD
    0x20000e98        -       0x000001ac   Zero   RW         1171    .bss                accelerometer_calibration.o
    0x20001044   COMPRESSED   0x00000004   PAD
    0x20001048        -       0x00000e70   Zero   RW         1417    .bss                filter_control.o
    0x20001eb8        -       0x00000138   Zero   RW         1519    .bss                imutask.o
    0x20001ff0        -       0x00000040   Zero   RW         6814    .bss                queue.o
    0x20002030        -       0x000002e4   Zero   RW         7075    .bss                tasks.o
    0x20002314        -       0x00000028   Zero   RW         7413    .bss                timers.o
    0x2000233c        -       0x00005000   Zero   RW         7987    .bss                heap_4.o
    0x2000733c   COMPRESSED   0x00000004   PAD
    0x20007340        -       0x00000400   Zero   RW         1794    STACK               startup_stm32f40_41xxx.o


==============================================================================

Image component sizes


      Code (inc. data)   RO Data    RW Data    ZI Data      Debug   Object Name

       996        144          0        276        428       5476   accelerometer_calibration.o
       106          8          0          0          0       2315   bsp_flash.o
      1604         56          0          0          0       8627   bsp_mpu9250_init.o
       588         24          0          0          0       2218   can.o
      2096        130          0          2        720      12363   can_receive.o
      5812        324          0        129       1200      38381   chassis_task.o
        36          0          0          0          0       2790   cmsis_os.o
       224         14          0          8          0       2374   delay.o
       292          4          0          0        468       7833   detect_task.o
         0          0          0          0          0       9608   event_groups.o
      5360        102        320          0       3696      11545   filter_control.o
      1076        122          0         62        388       6245   gimbal_task.o
        52          6          0          0          0        591   gpio.o
       768        192          0         24      20480       4435   heap_4.o
      5298        314          0        124        312      15705   imutask.o
       148          0          0          0          0       3686   list.o
        12          0          0          0          0     333811   main.o
       180         24          0          0          0       2381   misc.o
        28          0          0          0          0        667   mpu_delay.o
       252         16          0          0          0       1393   mpu_spi_init.o
       104         10          0          0          0        684   mpu_time_init.o
       592          8          0          0          0       2046   pid.o
      1222        436          0         12          0      11777   port.o
      2212        286          0          0         64      14609   queue.o
       336         16          0          0          0       1422   rc.o
       666         44          0         18         94      36269   remotecontrol.o
        96         32          0          4          0       1494   send_task.o
       158         26          0          4          0       2868   start_task.o
        36          8        392          0       1024        896   startup_stm32f40_41xxx.o
      1566         16          0          0          0       7102   stm32f4xx_can.o
       584         40          0          0          0       7472   stm32f4xx_dma.o
       398         40          0          0          0       5085   stm32f4xx_flash.o
       240          0          0          0          0       3971   stm32f4xx_gpio.o
        20          0          0          0          0       3281   stm32f4xx_it.o
       392         48          0         16          0       6417   stm32f4xx_rcc.o
       112          0          0          0          0       3942   stm32f4xx_spi.o
        64          0          0          0          0       2672   stm32f4xx_tim.o
       710         42          0          0          0       7536   stm32f4xx_usart.o
        28          6          0          4          0       2482   sys.o
       340         32          0         20          0       2121   system_stm32f4xx.o
      3592        992          0         60        740      34004   tasks.o
      1330        332          0         20         40       9823   timers.o
       302         18          0         12         50       4866   usart.o
        72          8          0          8          0       1880   usart1.o
       494         42          0          0          0       4265   user_lib.o

    ----------------------------------------------------------------------
     40624       3962        744        808      29716     651428   Object Totals
         0          0         32          0          0          0   (incl. Generated)
        30          0          0          5         12          0   (incl. Padding)

    ----------------------------------------------------------------------

      Code (inc. data)   RO Data    RW Data    ZI Data      Debug   Library Member Name

         0          0          0          0          0      16316   arm_mat_add_f32.o
         8          0          0          0          0        843   arm_mat_init_f32.o
      1328          4          0          0          0       2718   arm_mat_inverse_f32.o
       316          4          0          0          0       1627   arm_mat_mult_f32.o
       864         94         80          0          0        280   asin.o
       744        106        152          0          0        352   atan.o
       512         64          0          0          0        208   atan2.o
       200         20          0          0          0        164   cos.o
       368         46         48          0          0        200   cos_i.o
       104         16          0          0          0        496   dunder.o
        44          0          0          0          0        248   fabs.o
        48          0          0          0          0        124   fpclassify.o
       248          0          0          0          0        152   poly.o
         0          0          8          0          0          0   qnan.o
      1080        142        200          0          0        188   rred.o
       200         20          0          0          0        164   sin.o
       304         24         40          0          0        208   sin_i.o
       232          0          0          0          0        296   sqrt_full.o
        86          0          0          0          0          0   __dczerorl2.o
         0          0          0          0          0          0   entry.o
         0          0          0          0          0          0   entry10a.o
         0          0          0          0          0          0   entry11a.o
         4          0          0          0          0          0   entry12b.o
         8          4          0          0          0          0   entry2.o
         4          0          0          0          0          0   entry5.o
         0          0          0          0          0          0   entry7b.o
         0          0          0          0          0          0   entry8b.o
         8          4          0          0          0          0   entry9a.o
        12          6          0          4          0         68   errno.o
        30          0          0          0          0          0   handlers.o
        36          8          0          0          0         68   init.o
         0          0          0          0          0          0   iusefp.o
        30          0          0          0          0         68   llshl.o
        36          0          0          0          0         68   llsshr.o
        32          0          0          0          0         68   llushr.o
        36          0          0          0          0         68   memcpya.o
        36          0          0          0          0        108   memseta.o
       472         14          0          0          0        184   printf3.o
        44          0          0          0          0         80   uidiv.o
        48          0          0          0          0         68   cdcmple.o
        48          0          0          0          0         68   cdrcmple.o
        56          0          0          0          0         88   d2f.o
       334          0          0          0          0        148   dadd.o
       222          0          0          0          0        100   ddiv.o
       186          0          0          0          0        176   depilogue.o
        62          0          0          0          0         80   dfixi.o
        34          0          0          0          0         76   dflti.o
        26          0          0          0          0         76   dfltui.o
       228          0          0          0          0         96   dmul.o
       162          0          0          0          0        100   dsqrt.o
        38          0          0          0          0         68   f2d.o
       110          0          0          0          0        168   fepilogue.o

    ----------------------------------------------------------------------
      9048        576        528          4          0      26676   Library Totals
        20          0          0          0          0          0   (incl. Padding)

    ----------------------------------------------------------------------

      Code (inc. data)   RO Data    RW Data    ZI Data      Debug   Library Name

      1652          8          0          0          0      21504   arm_cortexM4lf_math.lib
      4948        532        528          0          0       3080   m_wm.l
       874         36          0          4          0        780   mc_w.l
      1554          0          0          0          0       1312   mf_w.l

    ----------------------------------------------------------------------
      9048        576        528          4          0      26676   Library Totals

    ----------------------------------------------------------------------

==============================================================================


      Code (inc. data)   RO Data    RW Data    ZI Data      Debug   

     49672       4538       1272        812      29716     652648   Grand Totals
     49672       4538       1272        152      29716     652648   ELF Image Totals (compressed)
     49672       4538       1272        152          0          0   ROM Totals

==============================================================================

    Total RO  Size (Code + RO Data)                50944 (  49.75kB)
    Total RW  Size (RW Data + ZI Data)             30528 (  29.81kB)
    Total ROM Size (Code + RO Data + RW Data)      51096 (  49.90kB)

==============================================================================

