<html>
<body>
<pre>
<h1>礦ision Build Log</h1>
<h2>Tool Versions:</h2>
IDE-Version: μVision V5.33.0.0
Copyright (C) 2020 ARM Ltd and ARM Germany GmbH. All rights reserved.
License Information: Char Aznable, wwww, LIC=D0D7S-LCWIQ-BS3YX-HU1MJ-8IHFH-36581
 
Tool Versions:
Toolchain:       MDK-ARM Plus  Version: 5.33.0.0
Toolchain Path:  D:\Keil\Install\ARM\ARMCC\Bin
C Compiler:      Armcc.exe V5.06 update 7 (build 960)
Assembler:       Armasm.exe V5.06 update 7 (build 960)
Linker/Locator:  ArmLink.exe V5.06 update 7 (build 960)
Library Manager: ArmAr.exe V5.06 update 7 (build 960)
Hex Converter:   FromElf.exe V5.06 update 7 (build 960)
CPU DLL:         SARMCM3.DLL V5.33.0.0
Dialog DLL:      DCM.DLL V1.17.3.0
Target DLL:      CMSIS_AGDI.dll V1.32.12.0
Dialog DLL:      TCM.DLL V1.48.0.0
 
<h2>Project:</h2>
E:\我的项目\RM2023 工程机器人\2023工程\2023 RM_分区赛工程（再调试）\副板\2023.10.02.17  更换了任务延时函数\Program\User\Template.uvprojx
Project File Date:  07/17/2023

<h2>Output:</h2>
*** Using Compiler 'V5.06 update 7 (build 960)', folder: 'D:\Keil\Install\ARM\ARMCC\Bin'
Build target 'Template'
compiling control_task.c...
..\Task\Control\control_task.c(90): warning:  #550-D: variable "TickCount"  was set but never used
  	static portTickType TickCount; 
..\Task\Control\control_task.c(847): warning:  #177-D: function "Do_Nothing"  was declared but never referenced
  static void Do_Nothing(ControlTask_t* doNothing)
..\Task\Control\control_task.c(1194): warning:  #177-D: function "Fine_Tuning"  was declared but never referenced
  static void Fine_Tuning(ControlTask_t* fineTuning)
..\Task\Control\control_task.c(1222): warning:  #177-D: function "Motor_Constrain"  was declared but never referenced
  static void Motor_Constrain(ControlTask_t* Constrain)
..\Task\Control\control_task.c: 4 warnings, 0 errors
linking...
Program Size: Code=31924 RO-data=1196 RW-data=672 ZI-data=26728  
".\Objects\zero.axf" - 0 Error(s), 4 Warning(s).

<h2>Software Packages used:</h2>

Package Vendor: Keil
                http://www.keil.com/pack/Keil.STM32F4xx_DFP.2.16.0.pack
                Keil.STM32F4xx_DFP.2.16.0
                STMicroelectronics STM32F4 Series Device Support, Drivers and Examples

<h2>Collection of Component include folders:</h2>
  D:\Keil\Install\Packs\Keil\STM32F4xx_DFP\2.16.0\Drivers\CMSIS\Device\ST\STM32F4xx\Include

<h2>Collection of Component Files used:</h2>
Build Time Elapsed:  00:00:02
</pre>
</body>
</html>
